Component: ARM Compiler 5.06 update 7 (build 960) Tool: armlink [4d3601]

==============================================================================

Section Cross References

    startup_stm32f103xe.o(STACK) refers (Special) to heapauxi.o(.text) for __use_two_region_memory
    startup_stm32f103xe.o(HEAP) refers (Special) to heapauxi.o(.text) for __use_two_region_memory
    startup_stm32f103xe.o(RESET) refers (Special) to heapauxi.o(.text) for __use_two_region_memory
    startup_stm32f103xe.o(RESET) refers to startup_stm32f103xe.o(STACK) for __initial_sp
    startup_stm32f103xe.o(RESET) refers to startup_stm32f103xe.o(.text) for Reset_Handler
    startup_stm32f103xe.o(RESET) refers to stm32f1xx_it.o(i.NMI_Handler) for NMI_Handler
    startup_stm32f103xe.o(RESET) refers to stm32f1xx_it.o(i.HardFault_Handler) for HardFault_Handler
    startup_stm32f103xe.o(RESET) refers to stm32f1xx_it.o(i.MemManage_Handler) for MemManage_Handler
    startup_stm32f103xe.o(RESET) refers to stm32f1xx_it.o(i.BusFault_Handler) for BusFault_Handler
    startup_stm32f103xe.o(RESET) refers to stm32f1xx_it.o(i.UsageFault_Handler) for UsageFault_Handler
    startup_stm32f103xe.o(RESET) refers to stm32f1xx_it.o(i.SVC_Handler) for SVC_Handler
    startup_stm32f103xe.o(RESET) refers to stm32f1xx_it.o(i.DebugMon_Handler) for DebugMon_Handler
    startup_stm32f103xe.o(RESET) refers to stm32f1xx_it.o(i.PendSV_Handler) for PendSV_Handler
    startup_stm32f103xe.o(RESET) refers to stm32f1xx_it.o(i.SysTick_Handler) for SysTick_Handler
    startup_stm32f103xe.o(RESET) refers to stm32f1xx_it.o(i.DMA1_Channel1_IRQHandler) for DMA1_Channel1_IRQHandler
    startup_stm32f103xe.o(RESET) refers to stm32f1xx_it.o(i.DMA1_Channel2_IRQHandler) for DMA1_Channel2_IRQHandler
    startup_stm32f103xe.o(RESET) refers to stm32f1xx_it.o(i.DMA1_Channel3_IRQHandler) for DMA1_Channel3_IRQHandler
    startup_stm32f103xe.o(RESET) refers to stm32f1xx_it.o(i.DMA1_Channel4_IRQHandler) for DMA1_Channel4_IRQHandler
    startup_stm32f103xe.o(RESET) refers to stm32f1xx_it.o(i.DMA1_Channel5_IRQHandler) for DMA1_Channel5_IRQHandler
    startup_stm32f103xe.o(RESET) refers to stm32f1xx_it.o(i.DMA1_Channel6_IRQHandler) for DMA1_Channel6_IRQHandler
    startup_stm32f103xe.o(RESET) refers to stm32f1xx_it.o(i.DMA1_Channel7_IRQHandler) for DMA1_Channel7_IRQHandler
    startup_stm32f103xe.o(RESET) refers to stm32f1xx_it.o(i.USB_LP_CAN1_RX0_IRQHandler) for USB_LP_CAN1_RX0_IRQHandler
    startup_stm32f103xe.o(RESET) refers to stm32f1xx_it.o(i.CAN1_RX1_IRQHandler) for CAN1_RX1_IRQHandler
    startup_stm32f103xe.o(.text) refers (Special) to heapauxi.o(.text) for __use_two_region_memory
    startup_stm32f103xe.o(.text) refers to system_stm32f1xx.o(i.SystemInit) for SystemInit
    startup_stm32f103xe.o(.text) refers to __main.o(!!!main) for __main
    startup_stm32f103xe.o(.text) refers to startup_stm32f103xe.o(HEAP) for Heap_Mem
    startup_stm32f103xe.o(.text) refers to startup_stm32f103xe.o(STACK) for Stack_Mem
    main.o(i.SystemClock_Config) refers to rt_memclr_w.o(.text) for __aeabi_memclr4
    main.o(i.SystemClock_Config) refers to stm32f1xx_hal_rcc.o(i.HAL_RCC_OscConfig) for HAL_RCC_OscConfig
    main.o(i.SystemClock_Config) refers to stm32f1xx_hal_rcc.o(i.HAL_RCC_ClockConfig) for HAL_RCC_ClockConfig
    main.o(i.main) refers to stm32f1xx_hal.o(i.HAL_Init) for HAL_Init
    main.o(i.main) refers to main.o(i.SystemClock_Config) for SystemClock_Config
    main.o(i.main) refers to gpio.o(i.MX_GPIO_Init) for MX_GPIO_Init
    main.o(i.main) refers to dma.o(i.MX_DMA_Init) for MX_DMA_Init
    main.o(i.main) refers to can.o(i.MX_CAN_Init) for MX_CAN_Init
    main.o(i.main) refers to tim.o(i.MX_TIM2_Init) for MX_TIM2_Init
    main.o(i.main) refers to tim.o(i.MX_TIM3_Init) for MX_TIM3_Init
    main.o(i.main) refers to tim.o(i.MX_TIM1_Init) for MX_TIM1_Init
    main.o(i.main) refers to tim.o(i.MX_TIM4_Init) for MX_TIM4_Init
    main.o(i.main) refers to can_receive.o(i.CAN1_Init) for CAN1_Init
    main.o(i.main) refers to flag_state.o(i.Big_Fu_info_Init) for Big_Fu_info_Init
    main.o(i.main) refers to ws2812.o(i.WS_WriteAll_RGB_FRAME_DOWN) for WS_WriteAll_RGB_FRAME_DOWN
    main.o(i.main) refers to ws2812.o(i.WS_WriteAll_RGB_FRAME) for WS_WriteAll_RGB_FRAME
    main.o(i.main) refers to ws2812.o(i.WS_WriteAll_RGB_REC) for WS_WriteAll_RGB_REC
    main.o(i.main) refers to ws2812.o(i.WS_WriteAll_RGB_FRAME_UP) for WS_WriteAll_RGB_FRAME_UP
    main.o(i.main) refers to ws2812.o(i.WS_CloseAll_Circle) for WS_CloseAll_Circle
    main.o(i.main) refers to stm32f1xx_hal.o(i.HAL_Delay) for HAL_Delay
    main.o(i.main) refers to main.o(i.state_1) for state_1
    main.o(i.main) refers to main.o(i.state_2) for state_2
    main.o(i.main) refers to ws2812.o(i.LED_Blue_rectangle_current) for LED_Blue_rectangle_current
    main.o(i.main) refers to stm32f1xx_hal_gpio.o(i.HAL_GPIO_ReadPin) for HAL_GPIO_ReadPin
    main.o(i.main) refers to ws2812.o(i.WS_Write_Cross) for WS_Write_Cross
[...]
    ..\Core\Src\dma.c                        0x00000000   Number         0  dma.o ABSOLUTE
    ..\Core\Src\gpio.c                       0x00000000   Number         0  gpio.o ABSOLUTE
    ..\Core\Src\main.c                       0x00000000   Number         0  main.o ABSOLUTE
    ..\Core\Src\stm32f1xx_hal_msp.c          0x00000000   Number         0  stm32f1xx_hal_msp.o ABSOLUTE
    ..\Core\Src\stm32f1xx_it.c               0x00000000   Number         0  stm32f1xx_it.o ABSOLUTE
    ..\Core\Src\system_stm32f1xx.c           0x00000000   Number         0  system_stm32f1xx.o ABSOLUTE
    ..\Core\Src\tim.c                        0x00000000   Number         0  tim.o ABSOLUTE
    ..\Drivers\STM32F1xx_HAL_Driver\Src\stm32f1xx_hal.c 0x00000000   Number         0  stm32f1xx_hal.o ABSOLUTE
    ..\Drivers\STM32F1xx_HAL_Driver\Src\stm32f1xx_hal_can.c 0x00000000   Number         0  stm32f1xx_hal_can.o ABSOLUTE
    ..\Drivers\STM32F1xx_HAL_Driver\Src\stm32f1xx_hal_cortex.c 0x00000000   Number         0  stm32f1xx_hal_cortex.o ABSOLUTE
    ..\Drivers\STM32F1xx_HAL_Driver\Src\stm32f1xx_hal_dma.c 0x00000000   Number         0  stm32f1xx_hal_dma.o ABSOLUTE
    ..\Drivers\STM32F1xx_HAL_Driver\Src\stm32f1xx_hal_exti.c 0x00000000   Number         0  stm32f1xx_hal_exti.o ABSOLUTE
    ..\Drivers\STM32F1xx_HAL_Driver\Src\stm32f1xx_hal_flash.c 0x00000000   Number         0  stm32f1xx_hal_flash.o ABSOLUTE
    ..\Drivers\STM32F1xx_HAL_Driver\Src\stm32f1xx_hal_flash_ex.c 0x00000000   Number         0  stm32f1xx_hal_flash_ex.o ABSOLUTE
    ..\Drivers\STM32F1xx_HAL_Driver\Src\stm32f1xx_hal_gpio.c 0x00000000   Number         0  stm32f1xx_hal_gpio.o ABSOLUTE
    ..\Drivers\STM32F1xx_HAL_Driver\Src\stm32f1xx_hal_gpio_ex.c 0x00000000   Number         0  stm32f1xx_hal_gpio_ex.o ABSOLUTE
    ..\Drivers\STM32F1xx_HAL_Driver\Src\stm32f1xx_hal_pwr.c 0x00000000   Number         0  stm32f1xx_hal_pwr.o ABSOLUTE
    ..\Drivers\STM32F1xx_HAL_Driver\Src\stm32f1xx_hal_rcc.c 0x00000000   Number         0  stm32f1xx_hal_rcc.o ABSOLUTE
    ..\Drivers\STM32F1xx_HAL_Driver\Src\stm32f1xx_hal_rcc_ex.c 0x00000000   Number         0  stm32f1xx_hal_rcc_ex.o ABSOLUTE
    ..\Drivers\STM32F1xx_HAL_Driver\Src\stm32f1xx_hal_tim.c 0x00000000   Number         0  stm32f1xx_hal_tim.o ABSOLUTE
    ..\Drivers\STM32F1xx_HAL_Driver\Src\stm32f1xx_hal_tim_ex.c 0x00000000   Number         0  stm32f1xx_hal_tim_ex.o ABSOLUTE
    ..\\Application\\Flag_State\\Flag_State.c 0x00000000   Number         0  flag_state.o ABSOLUTE
    ..\\Application\\WS2812\\WS2812.c        0x00000000   Number         0  ws2812.o ABSOLUTE
    ..\\Application\\can\\CAN_receive.c      0x00000000   Number         0  can_receive.o ABSOLUTE
    ..\\Application\\can\\CAN_send.c         0x00000000   Number         0  can_send.o ABSOLUTE
    ..\\Application\\can\\can_protocal.c     0x00000000   Number         0  can_protocal.o ABSOLUTE
    dc.s                                     0x00000000   Number         0  dc.o ABSOLUTE
    startup_stm32f103xe.s                    0x00000000   Number         0  startup_stm32f103xe.o ABSOLUTE
    RESET                                    0x08000000   Section      304  startup_stm32f103xe.o(RESET)
    !!!main                                  0x08000130   Section        8  __main.o(!!!main)
    !!!scatter                               0x08000138   Section       52  __scatter.o(!!!scatter)
    !!handler_copy                           0x0800016c   Section       26  __scatter_copy.o(!!handler_copy)
    !!handler_zi                             0x08000188   Section       28  __scatter_zi.o(!!handler_zi)
    .ARM.Collect$$libinit$$00000000          0x080001a4   Section        2  libinit.o(.ARM.Collect$$libinit$$00000000)
    .ARM.Collect$$libinit$$00000002          0x080001a6   Section        0  libinit2.o(.ARM.Collect$$libinit$$00000002)
    .ARM.Collect$$libinit$$00000004          0x080001a6   Section        0  libinit2.o(.ARM.Collect$$libinit$$00000004)
    .ARM.Collect$$libinit$$0000000A          0x080001a6   Section        0  libinit2.o(.ARM.Collect$$libinit$$0000000A)
    .ARM.Collect$$libinit$$0000000C          0x080001a6   Section        0  libinit2.o(.ARM.Collect$$libinit$$0000000C)
    .ARM.Collect$$libinit$$0000000E          0x080001a6   Section        0  libinit2.o(.ARM.Collect$$libinit$$0000000E)
    .ARM.Collect$$libinit$$00000011          0x080001a6   Section        0  libinit2.o(.ARM.Collect$$libinit$$00000011)
    .ARM.Collect$$libinit$$00000013          0x080001a6   Section        0  libinit2.o(.ARM.Collect$$libinit$$00000013)
    .ARM.Collect$$libinit$$00000015          0x080001a6   Section        0  libinit2.o(.ARM.Collect$$libinit$$00000015)
    .ARM.Collect$$libinit$$00000017          0x080001a6   Section        0  libinit2.o(.ARM.Collect$$libinit$$00000017)
    .ARM.Collect$$libinit$$00000019          0x080001a6   Section        0  libinit2.o(.ARM.Collect$$libinit$$00000019)
    .ARM.Collect$$libinit$$0000001B          0x080001a6   Section        0  libinit2.o(.ARM.Collect$$libinit$$0000001B)
    .ARM.Collect$$libinit$$0000001D          0x080001a6   Section        0  libinit2.o(.ARM.Collect$$libinit$$0000001D)
    .ARM.Collect$$libinit$$0000001F          0x080001a6   Section        0  libinit2.o(.ARM.Collect$$libinit$$0000001F)
    .ARM.Collect$$libinit$$00000021          0x080001a6   Section        0  libinit2.o(.ARM.Collect$$libinit$$00000021)
    .ARM.Collect$$libinit$$00000023          0x080001a6   Section        0  libinit2.o(.ARM.Collect$$libinit$$00000023)
    .ARM.Collect$$libinit$$00000025          0x080001a6   Section        0  libinit2.o(.ARM.Collect$$libinit$$00000025)
    .ARM.Collect$$libinit$$0000002C          0x080001a6   Section        0  libinit2.o(.ARM.Collect$$libinit$$0000002C)
    .ARM.Collect$$libinit$$0000002E          0x080001a6   Section        0  libinit2.o(.ARM.Collect$$libinit$$0000002E)
    .ARM.Collect$$libinit$$00000030          0x080001a6   Section        0  libinit2.o(.ARM.Collect$$libinit$$00000030)
    .ARM.Collect$$libinit$$00000032          0x080001a6   Section        0  libinit2.o(.ARM.Collect$$libinit$$00000032)
    .ARM.Collect$$libinit$$00000033          0x080001a6   Section        2  libinit2.o(.ARM.Collect$$libinit$$00000033)
    .ARM.Collect$$libshutdown$$00000000      0x080001a8   Section        2  libshutdown.o(.ARM.Collect$$libshutdown$$00000000)
    .ARM.Collect$$libshutdown$$00000002      0x080001aa   Section        0  libshutdown2.o(.ARM.Collect$$libshutdown$$00000002)
    .ARM.Collect$$libshutdown$$00000004      0x080001aa   Section        0  libshutdown2.o(.ARM.Collect$$libshutdown$$00000004)
    .ARM.Collect$$libshutdown$$00000006      0x080001aa   Section        0  libshutdown2.o(.ARM.Collect$$libshutdown$$00000006)
    .ARM.Collect$$libshutdown$$00000009      0x080001aa   Section        0  libshutdown2.o(.ARM.Collect$$libshutdown$$00000009)
    .ARM.Collect$$libshutdown$$0000000C      0x080001aa   Section        0  libshutdown2.o(.ARM.Collect$$libshutdown$$0000000C)
    .ARM.Collect$$libshutdown$$0000000E      0x080001aa   Section        0  libshutdown2.o(.ARM.Collect$$libshutdown$$0000000E)
    .ARM.Collect$$libshutdown$$00000011      0x080001aa   Section        0  libshutdown2.o(.ARM.Collect$$libshutdown$$00000011)
    .ARM.Collect$$libshutdown$$00000012      0x080001aa   Section        2  libshutdown2.o(.ARM.Collect$$libshutdown$$00000012)
    .ARM.Collect$$rtentry$$00000000          0x080001ac   Section        0  __rtentry.o(.ARM.Collect$$rtentry$$00000000)
    .ARM.Collect$$rtentry$$00000002          0x080001ac   Section        0  __rtentry2.o(.ARM.Collect$$rtentry$$00000002)
    .ARM.Collect$$rtentry$$00000004          0x080001ac   Section        6  __rtentry4.o(.ARM.Collect$$rtentry$$00000004)
    .ARM.Collect$$rtentry$$00000009          0x080001b2   Section        0  __rtentry2.o(.ARM.Collect$$rtentry$$00000009)
    .ARM.Collect$$rtentry$$0000000A          0x080001b2   Section        4  __rtentry2.o(.ARM.Collect$$rtentry$$0000000A)
    .ARM.Collect$$rtentry$$0000000C          0x080001b6   Section        0  __rtentry2.o(.ARM.Collect$$rtentry$$0000000C)
    .ARM.Collect$$rtentry$$0000000D          0x080001b6   Section        8  __rtentry2.o(.ARM.Collect$$rtentry$$0000000D)
    .ARM.Collect$$rtexit$$00000000           0x080001be   Section        2  rtexit.o(.ARM.Collect$$rtexit$$00000000)
    .ARM.Collect$$rtexit$$00000002           0x080001c0   Section        0  rtexit2.o(.ARM.Collect$$rtexit$$00000002)
    .ARM.Collect$$rtexit$$00000003           0x080001c0   Section        4  rtexit2.o(.ARM.Collect$$rtexit$$00000003)
    .ARM.Collect$$rtexit$$00000004           0x080001c4   Section        6  rtexit2.o(.ARM.Collect$$rtexit$$00000004)
    .text                                    0x080001cc   Section       64  startup_stm32f103xe.o(.text)
    .text                                    0x0800020c   Section       78  rt_memclr_w.o(.text)
    .text                                    0x0800025a   Section        0  heapauxi.o(.text)
    .text                                    0x08000260   Section       74  sys_stackheap_outer.o(.text)
    .text                                    0x080002aa   Section        0  exit.o(.text)
    .text                                    0x080002bc   Section        8  libspace.o(.text)
    .text                                    0x080002c4   Section        0  sys_exit.o(.text)
    .text                                    0x080002d0   Section        2  use_no_semi.o(.text)
    .text                                    0x080002d2   Section        0  indicate_semi.o(.text)
    i.Big_Fu_info_Init                       0x080002d2   Section        0  flag_state.o(i.Big_Fu_info_Init)
    i.Board_Info_Tx                          0x08000338   Section        0  can_protocal.o(i.Board_Info_Tx)
    i.Board_RX                               0x0800035c   Section        0  can_receive.o(i.Board_RX)
    i.Board_Tx                               0x08000380   Section        0  can_send.o(i.Board_Tx)
    i.BusFault_Handler                       0x080003dc   Section        0  stm32f1xx_it.o(i.BusFault_Handler)
    i.CAN1_Init                              0x080003e0   Section        0  can_receive.o(i.CAN1_Init)
    i.CAN1_RX1_IRQHandler                    0x0800041c   Section        0  stm32f1xx_it.o(i.CAN1_RX1_IRQHandler)
    i.CAN1_rxDataHandler                     0x08000428   Section        0  can_protocal.o(i.CAN1_rxDataHandler)
    i.DMA1_Channel1_IRQHandler               0x08000434   Section        0  stm32f1xx_it.o(i.DMA1_Channel1_IRQHandler)
    i.DMA1_Channel2_IRQHandler               0x08000440   Section        0  stm32f1xx_it.o(i.DMA1_Channel2_IRQHandler)
    i.DMA1_Channel3_IRQHandler               0x0800044c   Section        0  stm32f1xx_it.o(i.DMA1_Channel3_IRQHandler)
    i.DMA1_Channel4_IRQHandler               0x08000458   Section        0  stm32f1xx_it.o(i.DMA1_Channel4_IRQHandler)
    i.DMA1_Channel5_IRQHandler               0x08000464   Section        0  stm32f1xx_it.o(i.DMA1_Channel5_IRQHandler)
    i.DMA1_Channel6_IRQHandler               0x08000470   Section        0  stm32f1xx_it.o(i.DMA1_Channel6_IRQHandler)
    i.DMA1_Channel7_IRQHandler               0x0800047c   Section        0  stm32f1xx_it.o(i.DMA1_Channel7_IRQHandler)
    i.DMA_SetConfig                          0x08000488   Section        0  stm32f1xx_hal_dma.o(i.DMA_SetConfig)
    DMA_SetConfig                            0x08000489   Thumb Code    42  stm32f1xx_hal_dma.o(i.DMA_SetConfig)
    i.DebugMon_Handler                       0x080004b2   Section        0  stm32f1xx_it.o(i.DebugMon_Handler)
    i.Error_Handler                          0x080004b4   Section        0  main.o(i.Error_Handler)
    i.HAL_CAN_ActivateNotification           0x080004b8   Section        0  stm32f1xx_hal_can.o(i.HAL_CAN_ActivateNotification)
    i.HAL_CAN_AddTxMessage                   0x080004dc   Section        0  stm32f1xx_hal_can.o(i.HAL_CAN_AddTxMessage)
    i.HAL_CAN_ConfigFilter                   0x080005b8   Section        0  stm32f1xx_hal_can.o(i.HAL_CAN_ConfigFilter)
    i.HAL_CAN_ErrorCallback                  0x080006a6   Section        0  stm32f1xx_hal_can.o(i.HAL_CAN_ErrorCallback)
    i.HAL_CAN_GetRxMessage                   0x080006a8   Section        0  stm32f1xx_hal_can.o(i.HAL_CAN_GetRxMessage)
    i.HAL_CAN_IRQHandler                     0x08000790   Section        0  stm32f1xx_hal_can.o(i.HAL_CAN_IRQHandler)
    i.HAL_CAN_Init                           0x0800098c   Section        0  stm32f1xx_hal_can.o(i.HAL_CAN_Init)
    i.HAL_CAN_MspInit                        0x08000aa8   Section        0  can.o(i.HAL_CAN_MspInit)
    i.HAL_CAN_RxFifo0FullCallback            0x08000b34   Section        0  stm32f1xx_hal_can.o(i.HAL_CAN_RxFifo0FullCallback)
    i.HAL_CAN_RxFifo0MsgPendingCallback      0x08000b38   Section        0  can_receive.o(i.HAL_CAN_RxFifo0MsgPendingCallback)
    i.HAL_CAN_RxFifo1FullCallback            0x08000b64   Section        0  stm32f1xx_hal_can.o(i.HAL_CAN_RxFifo1FullCallback)
    i.HAL_CAN_RxFifo1MsgPendingCallback      0x08000b66   Section        0  stm32f1xx_hal_can.o(i.HAL_CAN_RxFifo1MsgPendingCallback)
    i.HAL_CAN_SleepCallback                  0x08000b68   Section        0  stm32f1xx_hal_can.o(i.HAL_CAN_SleepCallback)
    i.HAL_CAN_Start                          0x08000b6c   Section        0  stm32f1xx_hal_can.o(i.HAL_CAN_Start)
    i.HAL_CAN_TxMailbox0AbortCallback        0x08000bc4   Section        0  stm32f1xx_hal_can.o(i.HAL_CAN_TxMailbox0AbortCallback)
    i.HAL_CAN_TxMailbox0CompleteCallback     0x08000bc6   Section        0  stm32f1xx_hal_can.o(i.HAL_CAN_TxMailbox0CompleteCallback)
    i.HAL_CAN_TxMailbox1AbortCallback        0x08000bc8   Section        0  stm32f1xx_hal_can.o(i.HAL_CAN_TxMailbox1AbortCallback)
    i.HAL_CAN_TxMailbox1CompleteCallback     0x08000bca   Section        0  stm32f1xx_hal_can.o(i.HAL_CAN_TxMailbox1CompleteCallback)
    i.HAL_CAN_TxMailbox2AbortCallback        0x08000bcc   Section        0  stm32f1xx_hal_can.o(i.HAL_CAN_TxMailbox2AbortCallback)
    i.HAL_CAN_TxMailbox2CompleteCallback     0x08000bce   Section        0  stm32f1xx_hal_can.o(i.HAL_CAN_TxMailbox2CompleteCallback)
    i.HAL_CAN_WakeUpFromRxMsgCallback        0x08000bd0   Section        0  stm32f1xx_hal_can.o(i.HAL_CAN_WakeUpFromRxMsgCallback)
    i.HAL_DMA_Abort_IT                       0x08000bd4   Section        0  stm32f1xx_hal_dma.o(i.HAL_DMA_Abort_IT)
    i.HAL_DMA_IRQHandler                     0x08000d04   Section        0  stm32f1xx_hal_dma.o(i.HAL_DMA_IRQHandler)
    i.HAL_DMA_Init                           0x08000f4c   Section        0  stm32f1xx_hal_dma.o(i.HAL_DMA_Init)
    i.HAL_DMA_Start_IT                       0x08000fc8   Section        0  stm32f1xx_hal_dma.o(i.HAL_DMA_Start_IT)
    i.HAL_Delay                              0x08001038   Section        0  stm32f1xx_hal.o(i.HAL_Delay)
    i.HAL_GPIO_Init                          0x0800105c   Section        0  stm32f1xx_hal_gpio.o(i.HAL_GPIO_Init)
    i.HAL_GPIO_ReadPin                       0x08001254   Section        0  stm32f1xx_hal_gpio.o(i.HAL_GPIO_ReadPin)
    i.HAL_GetTick                            0x08001260   Section        0  stm32f1xx_hal.o(i.HAL_GetTick)
    i.HAL_IncTick                            0x0800126c   Section        0  stm32f1xx_hal.o(i.HAL_IncTick)
    i.HAL_Init                               0x0800127c   Section        0  stm32f1xx_hal.o(i.HAL_Init)
    i.HAL_InitTick                           0x080012a0   Section        0  stm32f1xx_hal.o(i.HAL_InitTick)
    i.HAL_MspInit                            0x080012e0   Section        0  stm32f1xx_hal_msp.o(i.HAL_MspInit)
    i.HAL_NVIC_EnableIRQ                     0x0800131c   Section        0  stm32f1xx_hal_cortex.o(i.HAL_NVIC_EnableIRQ)
    i.HAL_NVIC_SetPriority                   0x08001338   Section        0  stm32f1xx_hal_cortex.o(i.HAL_NVIC_SetPriority)
    i.HAL_NVIC_SetPriorityGrouping           0x08001378   Section        0  stm32f1xx_hal_cortex.o(i.HAL_NVIC_SetPriorityGrouping)
    i.HAL_RCC_ClockConfig                    0x0800139c   Section        0  stm32f1xx_hal_rcc.o(i.HAL_RCC_ClockConfig)
    i.HAL_RCC_GetSysClockFreq                0x080014c8   Section        0  stm32f1xx_hal_rcc.o(i.HAL_RCC_GetSysClockFreq)
    i.HAL_RCC_OscConfig                      0x08001534   Section        0  stm32f1xx_hal_rcc.o(i.HAL_RCC_OscConfig)
    i.HAL_SYSTICK_Config                     0x08001854   Section        0  stm32f1xx_hal_cortex.o(i.HAL_SYSTICK_Config)
    i.HAL_TIMEx_ConfigBreakDeadTime          0x0800187c   Section        0  stm32f1xx_hal_tim_ex.o(i.HAL_TIMEx_ConfigBreakDeadTime)
    i.HAL_TIMEx_MasterConfigSynchronization  0x080018d0   Section        0  stm32f1xx_hal_tim_ex.o(i.HAL_TIMEx_MasterConfigSynchronization)
    i.HAL_TIM_Base_Init                      0x0800194c   Section        0  stm32f1xx_hal_tim.o(i.HAL_TIM_Base_Init)
    i.HAL_TIM_Base_MspInit                   0x080019a8   Section        0  tim.o(i.HAL_TIM_Base_MspInit)
    i.HAL_TIM_ConfigClockSource              0x08001ac8   Section        0  stm32f1xx_hal_tim.o(i.HAL_TIM_ConfigClockSource)
    i.HAL_TIM_ErrorCallback                  0x08001b9e   Section        0  stm32f1xx_hal_tim.o(i.HAL_TIM_ErrorCallback)
    i.HAL_TIM_MspPostInit                    0x08001ba0   Section        0  tim.o(i.HAL_TIM_MspPostInit)
    i.HAL_TIM_PWM_ConfigChannel              0x08001c7c   Section        0  stm32f1xx_hal_tim.o(i.HAL_TIM_PWM_ConfigChannel)
    i.HAL_TIM_PWM_Init                       0x08001d42   Section        0  stm32f1xx_hal_tim.o(i.HAL_TIM_PWM_Init)
    i.HAL_TIM_PWM_MspInit                    0x08001d9c   Section        0  tim.o(i.HAL_TIM_PWM_MspInit)
    i.HAL_TIM_PWM_PulseFinishedCallback      0x08001e90   Section        0  ws2812.o(i.HAL_TIM_PWM_PulseFinishedCallback)
    i.HAL_TIM_PWM_PulseFinishedHalfCpltCallback 0x08001e92   Section        0  stm32f1xx_hal_tim.o(i.HAL_TIM_PWM_PulseFinishedHalfCpltCallback)
    i.HAL_TIM_PWM_Start_DMA                  0x08001e94   Section        0  stm32f1xx_hal_tim.o(i.HAL_TIM_PWM_Start_DMA)
    i.HAL_TIM_PWM_Stop_DMA                   0x08002030   Section        0  stm32f1xx_hal_tim.o(i.HAL_TIM_PWM_Stop_DMA)
    i.HardFault_Handler                      0x080020f0   Section        0  stm32f1xx_it.o(i.HardFault_Handler)
    i.LED_Blue_rectangle_current             0x080020f4   Section        0  ws2812.o(i.LED_Blue_rectangle_current)
    i.MX_CAN_Init                            0x080021e4   Section        0  can.o(i.MX_CAN_Init)
    i.MX_DMA_Init                            0x08002228   Section        0  dma.o(i.MX_DMA_Init)
    i.MX_GPIO_Init                           0x080022b4   Section        0  gpio.o(i.MX_GPIO_Init)
    i.MX_TIM1_Init                           0x08002344   Section        0  tim.o(i.MX_TIM1_Init)
    i.MX_TIM2_Init                           0x08002420   Section        0  tim.o(i.MX_TIM2_Init)
    i.MX_TIM3_Init                           0x080024c8   Section        0  tim.o(i.MX_TIM3_Init)
    i.MX_TIM4_Init                           0x08002538   Section        0  tim.o(i.MX_TIM4_Init)
    i.MemManage_Handler                      0x080025b8   Section        0  stm32f1xx_it.o(i.MemManage_Handler)
    i.NMI_Handler                            0x080025ba   Section        0  stm32f1xx_it.o(i.NMI_Handler)
    i.PendSV_Handler                         0x080025bc   Section        0  stm32f1xx_it.o(i.PendSV_Handler)
    i.Rainbow_Current                        0x080025be   Section        0  ws2812.o(i.Rainbow_Current)
    i.SVC_Handler                            0x080025ec   Section        0  stm32f1xx_it.o(i.SVC_Handler)
    i.SysTick_Handler                        0x080025ee   Section        0  stm32f1xx_it.o(i.SysTick_Handler)
    i.SystemClock_Config                     0x080025f2   Section        0  main.o(i.SystemClock_Config)
    i.SystemInit                             0x08002650   Section        0  system_stm32f1xx.o(i.SystemInit)
    i.TIM_Base_SetConfig                     0x08002654   Section        0  stm32f1xx_hal_tim.o(i.TIM_Base_SetConfig)
    i.TIM_CCxChannelCmd                      0x080026e0   Section        0  stm32f1xx_hal_tim.o(i.TIM_CCxChannelCmd)
    i.TIM_DMADelayPulseCplt                  0x080026fa   Section        0  stm32f1xx_hal_tim.o(i.TIM_DMADelayPulseCplt)
    TIM_DMADelayPulseCplt                    0x080026fb   Thumb Code    94  stm32f1xx_hal_tim.o(i.TIM_DMADelayPulseCplt)
    i.TIM_DMADelayPulseHalfCplt              0x08002758   Section        0  stm32f1xx_hal_tim.o(i.TIM_DMADelayPulseHalfCplt)
    i.TIM_DMAError                           0x08002790   Section        0  stm32f1xx_hal_tim.o(i.TIM_DMAError)
    i.TIM_ETR_SetConfig                      0x080027e4   Section        0  stm32f1xx_hal_tim.o(i.TIM_ETR_SetConfig)
    i.TIM_ITRx_SetConfig                     0x080027f8   Section        0  stm32f1xx_hal_tim.o(i.TIM_ITRx_SetConfig)
    TIM_ITRx_SetConfig                       0x080027f9   Thumb Code    16  stm32f1xx_hal_tim.o(i.TIM_ITRx_SetConfig)
    i.TIM_OC1_SetConfig                      0x08002808   Section        0  stm32f1xx_hal_tim.o(i.TIM_OC1_SetConfig)
    TIM_OC1_SetConfig                        0x08002809   Thumb Code    88  stm32f1xx_hal_tim.o(i.TIM_OC1_SetConfig)
    i.TIM_OC2_SetConfig                      0x08002868   Section        0  stm32f1xx_hal_tim.o(i.TIM_OC2_SetConfig)
    i.TIM_OC3_SetConfig                      0x080028d4   Section        0  stm32f1xx_hal_tim.o(i.TIM_OC3_SetConfig)
    TIM_OC3_SetConfig                        0x080028d5   Thumb Code    96  stm32f1xx_hal_tim.o(i.TIM_OC3_SetConfig)
    i.TIM_OC4_SetConfig                      0x0800293c   Section        0  stm32f1xx_hal_tim.o(i.TIM_OC4_SetConfig)
    TIM_OC4_SetConfig                        0x0800293d   Thumb Code    70  stm32f1xx_hal_tim.o(i.TIM_OC4_SetConfig)
    i.TIM_TI1_ConfigInputStage               0x0800298c   Section        0  stm32f1xx_hal_tim.o(i.TIM_TI1_ConfigInputStage)
    TIM_TI1_ConfigInputStage                 0x0800298d   Thumb Code    34  stm32f1xx_hal_tim.o(i.TIM_TI1_ConfigInputStage)
    i.TIM_TI2_ConfigInputStage               0x080029ae   Section        0  stm32f1xx_hal_tim.o(i.TIM_TI2_ConfigInputStage)
    TIM_TI2_ConfigInputStage                 0x080029af   Thumb Code    36  stm32f1xx_hal_tim.o(i.TIM_TI2_ConfigInputStage)
    i.USB_LP_CAN1_RX0_IRQHandler             0x080029d4   Section        0  stm32f1xx_it.o(i.USB_LP_CAN1_RX0_IRQHandler)
    i.UsageFault_Handler                     0x080029e0   Section        0  stm32f1xx_it.o(i.UsageFault_Handler)
    i.WS281x_Color                           0x080029e2   Section        0  ws2812.o(i.WS281x_Color)
    i.WS281x_SetPixelColor_RECT              0x080029ec   Section        0  ws2812.o(i.WS281x_SetPixelColor_RECT)
    i.WS281x_SetPixelRGB_CIR                 0x08002a30   Section        0  ws2812.o(i.WS281x_SetPixelRGB_CIR)
    i.WS281x_SetPixelRGB_FRAME               0x08002a74   Section        0  ws2812.o(i.WS281x_SetPixelRGB_FRAME)
    i.WS281x_SetPixelRGB_FRAME_DOWN          0x08002ab8   Section        0  ws2812.o(i.WS281x_SetPixelRGB_FRAME_DOWN)
    i.WS281x_SetPixelRGB_FRAME_UP            0x08002afc   Section        0  ws2812.o(i.WS281x_SetPixelRGB_FRAME_UP)
    i.WS_CloseAll_Circle                     0x08002b40   Section        0  ws2812.o(i.WS_CloseAll_Circle)
    i.WS_Load_Circle                         0x08002b74   Section        0  ws2812.o(i.WS_Load_Circle)
    i.WS_Load_Frame                          0x08002b8c   Section        0  ws2812.o(i.WS_Load_Frame)
    i.WS_Load_frame_down                     0x08002ba4   Section        0  ws2812.o(i.WS_Load_frame_down)
    i.WS_Load_frame_up                       0x08002bbc   Section        0  ws2812.o(i.WS_Load_frame_up)
    i.WS_Load_rectangle                      0x08002bd4   Section        0  ws2812.o(i.WS_Load_rectangle)
    i.WS_WriteAll_RGB_FRAME                  0x08002bec   Section        0  ws2812.o(i.WS_WriteAll_RGB_FRAME)
    i.WS_WriteAll_RGB_FRAME_DOWN             0x08002c14   Section        0  ws2812.o(i.WS_WriteAll_RGB_FRAME_DOWN)
    i.WS_WriteAll_RGB_FRAME_DOWN_Delay       0x08002c3c   Section        0  ws2812.o(i.WS_WriteAll_RGB_FRAME_DOWN_Delay)
    i.WS_WriteAll_RGB_FRAME_Delay            0x08002c6a   Section        0  ws2812.o(i.WS_WriteAll_RGB_FRAME_Delay)
    i.WS_WriteAll_RGB_FRAME_UP               0x08002c98   Section        0  ws2812.o(i.WS_WriteAll_RGB_FRAME_UP)
    i.WS_WriteAll_RGB_FRAME_UP_Delay         0x08002cc0   Section        0  ws2812.o(i.WS_WriteAll_RGB_FRAME_UP_Delay)
    i.WS_WriteAll_RGB_REC                    0x08002cf0   Section        0  ws2812.o(i.WS_WriteAll_RGB_REC)
    i.WS_WriteAll_RGB_RECT_Delay             0x08002d94   Section        0  ws2812.o(i.WS_WriteAll_RGB_RECT_Delay)
    i.WS_Write_Cross                         0x08002dc6   Section        0  ws2812.o(i.WS_Write_Cross)
    i.WS_Write_RGB_ALL_Delay                 0x08002ef6   Section        0  ws2812.o(i.WS_Write_RGB_ALL_Delay)
    i.WS_Write_RGB_EIGHT_RING                0x08002f24   Section        0  ws2812.o(i.WS_Write_RGB_EIGHT_RING)
    i.WS_Write_RGB_FIVE_RING                 0x08002f50   Section        0  ws2812.o(i.WS_Write_RGB_FIVE_RING)
    i.WS_Write_RGB_FOUR_RING                 0x08002f78   Section        0  ws2812.o(i.WS_Write_RGB_FOUR_RING)
    i.WS_Write_RGB_NINE_RING                 0x08002fa0   Section        0  ws2812.o(i.WS_Write_RGB_NINE_RING)
    i.WS_Write_RGB_ONE_RING                  0x08002fce   Section        0  ws2812.o(i.WS_Write_RGB_ONE_RING)
    i.WS_Write_RGB_SEVEN_RING                0x08002ff6   Section        0  ws2812.o(i.WS_Write_RGB_SEVEN_RING)
    i.WS_Write_RGB_SIX_RING                  0x0800301e   Section        0  ws2812.o(i.WS_Write_RGB_SIX_RING)
    i.WS_Write_RGB_TEN_RING                  0x08003046   Section        0  ws2812.o(i.WS_Write_RGB_TEN_RING)
    i.WS_Write_RGB_THREE_RING                0x08003072   Section        0  ws2812.o(i.WS_Write_RGB_THREE_RING)
    i.WS_Write_RGB_TWO_RING                  0x0800309a   Section        0  ws2812.o(i.WS_Write_RGB_TWO_RING)
    i.__NVIC_SetPriority                     0x080030c2   Section        0  stm32f1xx_hal_cortex.o(i.__NVIC_SetPriority)
    __NVIC_SetPriority                       0x080030c3   Thumb Code    32  stm32f1xx_hal_cortex.o(i.__NVIC_SetPriority)
    i.arrow_LED_cut_down_rectangle           0x080030e4   Section        0  ws2812.o(i.arrow_LED_cut_down_rectangle)
    i.get_Centrol_measure                    0x08003248   Section        0  can_receive.o(i.get_Centrol_measure)
    i.main                                   0x0800326c   Section        0  main.o(i.main)
    i.state_1                                0x08003e34   Section        0  main.o(i.state_1)
    i.state_2                                0x08003e8e   Section        0  main.o(i.state_2)
    .constdata                               0x08003eca   Section       16  system_stm32f1xx.o(.constdata)
    .data                                    0x20000000   Section       10  main.o(.data)
    .data                                    0x2000000c   Section       12  stm32f1xx_hal.o(.data)
    .data                                    0x20000018   Section        4  system_stm32f1xx.o(.data)
    .data                                    0x2000001c   Section       16  ws2812.o(.data)
    j                                        0x2000001c   Data           1  ws2812.o(.data)
    loop                                     0x2000001d   Data           1  ws2812.o(.data)
    next_time                                0x20000024   Data           4  ws2812.o(.data)
    next_time                                0x20000028   Data           4  ws2812.o(.data)
    .data                                    0x2000002c   Section        8  can_receive.o(.data)
    .data                                    0x20000034   Section        8  can_protocal.o(.data)
    .bss                                     0x2000003c   Section       20  main.o(.bss)
    .bss                                     0x20000050   Section       40  can.o(.bss)
    .bss                                     0x20000078   Section      764  tim.o(.bss)
    .bss                                     0x20000374   Section    42176  ws2812.o(.bss)
    .bss                                     0x2000a834   Section       77  can_receive.o(.bss)
    .bss                                     0x2000a881   Section       40  can_protocal.o(.bss)
    .bss                                     0x2000a8ac   Section       96  libspace.o(.bss)
    HEAP                                     0x2000a910   Section      512  startup_stm32f103xe.o(HEAP)
    Heap_Mem                                 0x2000a910   Data         512  startup_stm32f103xe.o(HEAP)
    STACK                                    0x2000ab10   Section     1024  startup_stm32f103xe.o(STACK)
    Stack_Mem                                0x2000ab10   Data        1024  startup_stm32f103xe.o(STACK)
    __initial_sp                             0x2000af10   Data           0  startup_stm32f103xe.o(STACK)

    Global Symbols

    Symbol Name                              Value     Ov Type        Size  Object(Section)

    BuildAttributes$$THM_ISAv4$P$D$K$B$S$PE$A:L22UL41UL21$X:L11$S22US41US21$IEEE1$IW$USESV6$~STKCKD$USESV7$~SHL$OSPACE$ROPI$EBA8$UX$STANDARDLIB$REQ8$PRES8$EABIv2 0x00000000   Number         0  anon$$obj.o ABSOLUTE
    __ARM_use_no_argv                        0x00000000   Number         0  main.o ABSOLUTE
    __ARM_exceptions_init                     - Undefined Weak Reference
    __alloca_initialize                       - Undefined Weak Reference
    __arm_fini_                               - Undefined Weak Reference
    __arm_preinit_                            - Undefined Weak Reference
    __cpp_initialize__aeabi_                  - Undefined Weak Reference
    __cxa_finalize                            - Undefined Weak Reference
    __rt_locale                               - Undefined Weak Reference
    __sigvec_lookup                           - Undefined Weak Reference
    _atexit_init                              - Undefined Weak Reference
    _call_atexit_fns                          - Undefined Weak Reference
    _clock_init                               - Undefined Weak Reference
    _fp_trap_init                             - Undefined Weak Reference
    _fp_trap_shutdown                         - Undefined Weak Reference
    _get_lc_collate                           - Undefined Weak Reference
    _get_lc_ctype                             - Undefined Weak Reference
    _get_lc_monetary                          - Undefined Weak Reference
    _get_lc_numeric                           - Undefined Weak Reference
    _get_lc_time                              - Undefined Weak Reference
    _getenv_init                              - Undefined Weak Reference
    _handle_redirection                       - Undefined Weak Reference
    _init_alloc                               - Undefined Weak Reference
    _init_user_alloc                          - Undefined Weak Reference
    _initio                                   - Undefined Weak Reference
    _rand_init                                - Undefined Weak Reference
    _signal_finish                            - Undefined Weak Reference
    _signal_init                              - Undefined Weak Reference
    _terminate_alloc                          - Undefined Weak Reference
    _terminate_user_alloc                     - Undefined Weak Reference
    _terminateio                              - Undefined Weak Reference
    __Vectors_Size                           0x00000130   Number         0  startup_stm32f103xe.o ABSOLUTE
    __Vectors                                0x08000000   Data           4  startup_stm32f103xe.o(RESET)
    __Vectors_End                            0x08000130   Data           0  startup_stm32f103xe.o(RESET)
    __main                                   0x08000131   Thumb Code     8  __main.o(!!!main)
    __scatterload                            0x08000139   Thumb Code     0  __scatter.o(!!!scatter)
    __scatterload_rt2                        0x08000139   Thumb Code    44  __scatter.o(!!!scatter)
    __scatterload_rt2_thumb_only             0x08000139   Thumb Code     0  __scatter.o(!!!scatter)
    __scatterload_null                       0x08000147   Thumb Code     0  __scatter.o(!!!scatter)
    __scatterload_copy                       0x0800016d   Thumb Code    26  __scatter_copy.o(!!handler_copy)
    __scatterload_zeroinit                   0x08000189   Thumb Code    28  __scatter_zi.o(!!handler_zi)
    __rt_lib_init                            0x080001a5   Thumb Code     0  libinit.o(.ARM.Collect$$libinit$$00000000)
    __rt_lib_init_alloca_1                   0x080001a7   Thumb Code     0  libinit2.o(.ARM.Collect$$libinit$$0000002E)
    __rt_lib_init_argv_1                     0x080001a7   Thumb Code     0  libinit2.o(.ARM.Collect$$libinit$$0000002C)
    __rt_lib_init_atexit_1                   0x080001a7   Thumb Code     0  libinit2.o(.ARM.Collect$$libinit$$0000001B)
    __rt_lib_init_clock_1                    0x080001a7   Thumb Code     0  libinit2.o(.ARM.Collect$$libinit$$00000021)
    __rt_lib_init_cpp_1                      0x080001a7   Thumb Code     0  libinit2.o(.ARM.Collect$$libinit$$00000032)
    __rt_lib_init_exceptions_1               0x080001a7   Thumb Code     0  libinit2.o(.ARM.Collect$$libinit$$00000030)
    __rt_lib_init_fp_1                       0x080001a7   Thumb Code     0  libinit2.o(.ARM.Collect$$libinit$$00000002)
    __rt_lib_init_fp_trap_1                  0x080001a7   Thumb Code     0  libinit2.o(.ARM.Collect$$libinit$$0000001F)
    __rt_lib_init_getenv_1                   0x080001a7   Thumb Code     0  libinit2.o(.ARM.Collect$$libinit$$00000023)
    __rt_lib_init_heap_1                     0x080001a7   Thumb Code     0  libinit2.o(.ARM.Collect$$libinit$$0000000A)
    __rt_lib_init_lc_collate_1               0x080001a7   Thumb Code     0  libinit2.o(.ARM.Collect$$libinit$$00000011)
    __rt_lib_init_lc_ctype_1                 0x080001a7   Thumb Code     0  libinit2.o(.ARM.Collect$$libinit$$00000013)
    __rt_lib_init_lc_monetary_1              0x080001a7   Thumb Code     0  libinit2.o(.ARM.Collect$$libinit$$00000015)
    __rt_lib_init_lc_numeric_1               0x080001a7   Thumb Code     0  libinit2.o(.ARM.Collect$$libinit$$00000017)
    __rt_lib_init_lc_time_1                  0x080001a7   Thumb Code     0  libinit2.o(.ARM.Collect$$libinit$$00000019)
    __rt_lib_init_preinit_1                  0x080001a7   Thumb Code     0  libinit2.o(.ARM.Collect$$libinit$$00000004)
    __rt_lib_init_rand_1                     0x080001a7   Thumb Code     0  libinit2.o(.ARM.Collect$$libinit$$0000000E)
    __rt_lib_init_return                     0x080001a7   Thumb Code     0  libinit2.o(.ARM.Collect$$libinit$$00000033)
    __rt_lib_init_signal_1                   0x080001a7   Thumb Code     0  libinit2.o(.ARM.Collect$$libinit$$0000001D)
    __rt_lib_init_stdio_1                    0x080001a7   Thumb Code     0  libinit2.o(.ARM.Collect$$libinit$$00000025)
    __rt_lib_init_user_alloc_1               0x080001a7   Thumb Code     0  libinit2.o(.ARM.Collect$$libinit$$0000000C)
    __rt_lib_shutdown                        0x080001a9   Thumb Code     0  libshutdown.o(.ARM.Collect$$libshutdown$$00000000)
    __rt_lib_shutdown_cpp_1                  0x080001ab   Thumb Code     0  libshutdown2.o(.ARM.Collect$$libshutdown$$00000004)
    __rt_lib_shutdown_fini_1                 0x080001ab   Thumb Code     0  libshutdown2.o(.ARM.Collect$$libshutdown$$00000002)
    __rt_lib_shutdown_fp_trap_1              0x080001ab   Thumb Code     0  libshutdown2.o(.ARM.Collect$$libshutdown$$00000009)
    __rt_lib_shutdown_heap_1                 0x080001ab   Thumb Code     0  libshutdown2.o(.ARM.Collect$$libshutdown$$00000011)
    __rt_lib_shutdown_return                 0x080001ab   Thumb Code     0  libshutdown2.o(.ARM.Collect$$libshutdown$$00000012)
    __rt_lib_shutdown_signal_1               0x080001ab   Thumb Code     0  libshutdown2.o(.ARM.Collect$$libshutdown$$0000000C)
    __rt_lib_shutdown_stdio_1                0x080001ab   Thumb Code     0  libshutdown2.o(.ARM.Collect$$libshutdown$$00000006)
    __rt_lib_shutdown_user_alloc_1           0x080001ab   Thumb Code     0  libshutdown2.o(.ARM.Collect$$libshutdown$$0000000E)
    __rt_entry                               0x080001ad   Thumb Code     0  __rtentry.o(.ARM.Collect$$rtentry$$00000000)
    __rt_entry_presh_1                       0x080001ad   Thumb Code     0  __rtentry2.o(.ARM.Collect$$rtentry$$00000002)
    __rt_entry_sh                            0x080001ad   Thumb Code     0  __rtentry4.o(.ARM.Collect$$rtentry$$00000004)
    __rt_entry_li                            0x080001b3   Thumb Code     0  __rtentry2.o(.ARM.Collect$$rtentry$$0000000A)
    __rt_entry_postsh_1                      0x080001b3   Thumb Code     0  __rtentry2.o(.ARM.Collect$$rtentry$$00000009)
    __rt_entry_main                          0x080001b7   Thumb Code     0  __rtentry2.o(.ARM.Collect$$rtentry$$0000000D)
    __rt_entry_postli_1                      0x080001b7   Thumb Code     0  __rtentry2.o(.ARM.Collect$$rtentry$$0000000C)
    __rt_exit                                0x080001bf   Thumb Code     0  rtexit.o(.ARM.Collect$$rtexit$$00000000)
    __rt_exit_ls                             0x080001c1   Thumb Code     0  rtexit2.o(.ARM.Collect$$rtexit$$00000003)
    __rt_exit_prels_1                        0x080001c1   Thumb Code     0  rtexit2.o(.ARM.Collect$$rtexit$$00000002)
    __rt_exit_exit                           0x080001c5   Thumb Code     0  rtexit2.o(.ARM.Collect$$rtexit$$00000004)
    Reset_Handler                            0x080001cd   Thumb Code     8  startup_stm32f103xe.o(.text)
    ADC1_2_IRQHandler                        0x080001e7   Thumb Code     0  startup_stm32f103xe.o(.text)
    ADC3_IRQHandler                          0x080001e7   Thumb Code     0  startup_stm32f103xe.o(.text)
    CAN1_SCE_IRQHandler                      0x080001e7   Thumb Code     0  startup_stm32f103xe.o(.text)
    DMA2_Channel1_IRQHandler                 0x080001e7   Thumb Code     0  startup_stm32f103xe.o(.text)
    DMA2_Channel2_IRQHandler                 0x080001e7   Thumb Code     0  startup_stm32f103xe.o(.text)
    DMA2_Channel3_IRQHandler                 0x080001e7   Thumb Code     0  startup_stm32f103xe.o(.text)
    DMA2_Channel4_5_IRQHandler               0x080001e7   Thumb Code     0  startup_stm32f103xe.o(.text)
    EXTI0_IRQHandler                         0x080001e7   Thumb Code     0  startup_stm32f103xe.o(.text)
    EXTI15_10_IRQHandler                     0x080001e7   Thumb Code     0  startup_stm32f103xe.o(.text)
    EXTI1_IRQHandler                         0x080001e7   Thumb Code     0  startup_stm32f103xe.o(.text)
    EXTI2_IRQHandler                         0x080001e7   Thumb Code     0  startup_stm32f103xe.o(.text)
    EXTI3_IRQHandler                         0x080001e7   Thumb Code     0  startup_stm32f103xe.o(.text)
    EXTI4_IRQHandler                         0x080001e7   Thumb Code     0  startup_stm32f103xe.o(.text)
    EXTI9_5_IRQHandler                       0x080001e7   Thumb Code     0  startup_stm32f103xe.o(.text)
    FLASH_IRQHandler                         0x080001e7   Thumb Code     0  startup_stm32f103xe.o(.text)
    FSMC_IRQHandler                          0x080001e7   Thumb Code     0  startup_stm32f103xe.o(.text)
    I2C1_ER_IRQHandler                       0x080001e7   Thumb Code     0  startup_stm32f103xe.o(.text)
    I2C1_EV_IRQHandler                       0x080001e7   Thumb Code     0  startup_stm32f103xe.o(.text)
    I2C2_ER_IRQHandler                       0x080001e7   Thumb Code     0  startup_stm32f103xe.o(.text)
    I2C2_EV_IRQHandler                       0x080001e7   Thumb Code     0  startup_stm32f103xe.o(.text)
    PVD_IRQHandler                           0x080001e7   Thumb Code     0  startup_stm32f103xe.o(.text)
    RCC_IRQHandler                           0x080001e7   Thumb Code     0  startup_stm32f103xe.o(.text)
    RTC_Alarm_IRQHandler                     0x080001e7   Thumb Code     0  startup_stm32f103xe.o(.text)
    RTC_IRQHandler                           0x080001e7   Thumb Code     0  startup_stm32f103xe.o(.text)
    SDIO_IRQHandler                          0x080001e7   Thumb Code     0  startup_stm32f103xe.o(.text)
    SPI1_IRQHandler                          0x080001e7   Thumb Code     0  startup_stm32f103xe.o(.text)
    SPI2_IRQHandler                          0x080001e7   Thumb Code     0  startup_stm32f103xe.o(.text)
    SPI3_IRQHandler                          0x080001e7   Thumb Code     0  startup_stm32f103xe.o(.text)
    TAMPER_IRQHandler                        0x080001e7   Thumb Code     0  startup_stm32f103xe.o(.text)
    TIM1_BRK_IRQHandler                      0x080001e7   Thumb Code     0  startup_stm32f103xe.o(.text)
    TIM1_CC_IRQHandler                       0x080001e7   Thumb Code     0  startup_stm32f103xe.o(.text)
    TIM1_TRG_COM_IRQHandler                  0x080001e7   Thumb Code     0  startup_stm32f103xe.o(.text)
    TIM1_UP_IRQHandler                       0x080001e7   Thumb Code     0  startup_stm32f103xe.o(.text)
    TIM2_IRQHandler                          0x080001e7   Thumb Code     0  startup_stm32f103xe.o(.text)
    TIM3_IRQHandler                          0x080001e7   Thumb Code     0  startup_stm32f103xe.o(.text)
    TIM4_IRQHandler                          0x080001e7   Thumb Code     0  startup_stm32f103xe.o(.text)
    TIM5_IRQHandler                          0x080001e7   Thumb Code     0  startup_stm32f103xe.o(.text)
    TIM6_IRQHandler                          0x080001e7   Thumb Code     0  startup_stm32f103xe.o(.text)
    TIM7_IRQHandler                          0x080001e7   Thumb Code     0  startup_stm32f103xe.o(.text)
    TIM8_BRK_IRQHandler                      0x080001e7   Thumb Code     0  startup_stm32f103xe.o(.text)
    TIM8_CC_IRQHandler                       0x080001e7   Thumb Code     0  startup_stm32f103xe.o(.text)
    TIM8_TRG_COM_IRQHandler                  0x080001e7   Thumb Code     0  startup_stm32f103xe.o(.text)
    TIM8_UP_IRQHandler                       0x080001e7   Thumb Code     0  startup_stm32f103xe.o(.text)
    UART4_IRQHandler                         0x080001e7   Thumb Code     0  startup_stm32f103xe.o(.text)
    UART5_IRQHandler                         0x080001e7   Thumb Code     0  startup_stm32f103xe.o(.text)
    USART1_IRQHandler                        0x080001e7   Thumb Code     0  startup_stm32f103xe.o(.text)
    USART2_IRQHandler                        0x080001e7   Thumb Code     0  startup_stm32f103xe.o(.text)
    USART3_IRQHandler                        0x080001e7   Thumb Code     0  startup_stm32f103xe.o(.text)
    USBWakeUp_IRQHandler                     0x080001e7   Thumb Code     0  startup_stm32f103xe.o(.text)
    USB_HP_CAN1_TX_IRQHandler                0x080001e7   Thumb Code     0  startup_stm32f103xe.o(.text)
    WWDG_IRQHandler                          0x080001e7   Thumb Code     0  startup_stm32f103xe.o(.text)
    __user_initial_stackheap                 0x080001e9   Thumb Code     0  startup_stm32f103xe.o(.text)
    __aeabi_memclr4                          0x0800020d   Thumb Code     0  rt_memclr_w.o(.text)
    __aeabi_memclr8                          0x0800020d   Thumb Code     0  rt_memclr_w.o(.text)
    __rt_memclr_w                            0x0800020d   Thumb Code    78  rt_memclr_w.o(.text)
    _memset_w                                0x08000211   Thumb Code     0  rt_memclr_w.o(.text)
    __use_two_region_memory                  0x0800025b   Thumb Code     2  heapauxi.o(.text)
    __rt_heap_escrow$2region                 0x0800025d   Thumb Code     2  heapauxi.o(.text)
    __rt_heap_expand$2region                 0x0800025f   Thumb Code     2  heapauxi.o(.text)
    __user_setup_stackheap                   0x08000261   Thumb Code    74  sys_stackheap_outer.o(.text)
    exit                                     0x080002ab   Thumb Code    18  exit.o(.text)
    __user_libspace                          0x080002bd   Thumb Code     8  libspace.o(.text)
    __user_perproc_libspace                  0x080002bd   Thumb Code     0  libspace.o(.text)
    __user_perthread_libspace                0x080002bd   Thumb Code     0  libspace.o(.text)
    _sys_exit                                0x080002c5   Thumb Code     8  sys_exit.o(.text)
    __I$use$semihosting                      0x080002d1   Thumb Code     0  use_no_semi.o(.text)
    __use_no_semihosting_swi                 0x080002d1   Thumb Code     2  use_no_semi.o(.text)
    Big_Fu_info_Init                         0x080002d3   Thumb Code   100  flag_state.o(i.Big_Fu_info_Init)
    __semihosting_library_function           0x080002d3   Thumb Code     0  indicate_semi.o(.text)
    Board_Info_Tx                            0x08000339   Thumb Code    26  can_protocal.o(i.Board_Info_Tx)
    Board_RX                                 0x0800035d   Thumb Code    30  can_receive.o(i.Board_RX)
    Board_Tx                                 0x08000381   Thumb Code    86  can_send.o(i.Board_Tx)
    BusFault_Handler                         0x080003dd   Thumb Code     2  stm32f1xx_it.o(i.BusFault_Handler)
    CAN1_Init                                0x080003e1   Thumb Code    54  can_receive.o(i.CAN1_Init)
    CAN1_RX1_IRQHandler                      0x0800041d   Thumb Code     6  stm32f1xx_it.o(i.CAN1_RX1_IRQHandler)
    CAN1_rxDataHandler                       0x08000429   Thumb Code     6  can_protocal.o(i.CAN1_rxDataHandler)
    DMA1_Channel1_IRQHandler                 0x08000435   Thumb Code     6  stm32f1xx_it.o(i.DMA1_Channel1_IRQHandler)
    DMA1_Channel2_IRQHandler                 0x08000441   Thumb Code     6  stm32f1xx_it.o(i.DMA1_Channel2_IRQHandler)
    DMA1_Channel3_IRQHandler                 0x0800044d   Thumb Code     6  stm32f1xx_it.o(i.DMA1_Channel3_IRQHandler)
    DMA1_Channel4_IRQHandler                 0x08000459   Thumb Code     6  stm32f1xx_it.o(i.DMA1_Channel4_IRQHandler)
    DMA1_Channel5_IRQHandler                 0x08000465   Thumb Code     6  stm32f1xx_it.o(i.DMA1_Channel5_IRQHandler)
    DMA1_Channel6_IRQHandler                 0x08000471   Thumb Code     6  stm32f1xx_it.o(i.DMA1_Channel6_IRQHandler)
    DMA1_Channel7_IRQHandler                 0x0800047d   Thumb Code     6  stm32f1xx_it.o(i.DMA1_Channel7_IRQHandler)
    DebugMon_Handler                         0x080004b3   Thumb Code     2  stm32f1xx_it.o(i.DebugMon_Handler)
    Error_Handler                            0x080004b5   Thumb Code     4  main.o(i.Error_Handler)
    HAL_CAN_ActivateNotification             0x080004b9   Thumb Code    36  stm32f1xx_hal_can.o(i.HAL_CAN_ActivateNotification)
    HAL_CAN_AddTxMessage                     0x080004dd   Thumb Code   220  stm32f1xx_hal_can.o(i.HAL_CAN_AddTxMessage)
    HAL_CAN_ConfigFilter                     0x080005b9   Thumb Code   238  stm32f1xx_hal_can.o(i.HAL_CAN_ConfigFilter)
    HAL_CAN_ErrorCallback                    0x080006a7   Thumb Code     2  stm32f1xx_hal_can.o(i.HAL_CAN_ErrorCallback)
    HAL_CAN_GetRxMessage                     0x080006a9   Thumb Code   232  stm32f1xx_hal_can.o(i.HAL_CAN_GetRxMessage)
    HAL_CAN_IRQHandler                       0x08000791   Thumb Code   508  stm32f1xx_hal_can.o(i.HAL_CAN_IRQHandler)
    HAL_CAN_Init                             0x0800098d   Thumb Code   282  stm32f1xx_hal_can.o(i.HAL_CAN_Init)
    HAL_CAN_MspInit                          0x08000aa9   Thumb Code   128  can.o(i.HAL_CAN_MspInit)
    HAL_CAN_RxFifo0FullCallback              0x08000b35   Thumb Code     2  stm32f1xx_hal_can.o(i.HAL_CAN_RxFifo0FullCallback)
    HAL_CAN_RxFifo0MsgPendingCallback        0x08000b39   Thumb Code    32  can_receive.o(i.HAL_CAN_RxFifo0MsgPendingCallback)
    HAL_CAN_RxFifo1FullCallback              0x08000b65   Thumb Code     2  stm32f1xx_hal_can.o(i.HAL_CAN_RxFifo1FullCallback)
    HAL_CAN_RxFifo1MsgPendingCallback        0x08000b67   Thumb Code     2  stm32f1xx_hal_can.o(i.HAL_CAN_RxFifo1MsgPendingCallback)
    HAL_CAN_SleepCallback                    0x08000b69   Thumb Code     2  stm32f1xx_hal_can.o(i.HAL_CAN_SleepCallback)
    HAL_CAN_Start                            0x08000b6d   Thumb Code    88  stm32f1xx_hal_can.o(i.HAL_CAN_Start)
    HAL_CAN_TxMailbox0AbortCallback          0x08000bc5   Thumb Code     2  stm32f1xx_hal_can.o(i.HAL_CAN_TxMailbox0AbortCallback)
    HAL_CAN_TxMailbox0CompleteCallback       0x08000bc7   Thumb Code     2  stm32f1xx_hal_can.o(i.HAL_CAN_TxMailbox0CompleteCallback)
    HAL_CAN_TxMailbox1AbortCallback          0x08000bc9   Thumb Code     2  stm32f1xx_hal_can.o(i.HAL_CAN_TxMailbox1AbortCallback)
    HAL_CAN_TxMailbox1CompleteCallback       0x08000bcb   Thumb Code     2  stm32f1xx_hal_can.o(i.HAL_CAN_TxMailbox1CompleteCallback)
    HAL_CAN_TxMailbox2AbortCallback          0x08000bcd   Thumb Code     2  stm32f1xx_hal_can.o(i.HAL_CAN_TxMailbox2AbortCallback)
    HAL_CAN_TxMailbox2CompleteCallback       0x08000bcf   Thumb Code     2  stm32f1xx_hal_can.o(i.HAL_CAN_TxMailbox2CompleteCallback)
    HAL_CAN_WakeUpFromRxMsgCallback          0x08000bd1   Thumb Code     2  stm32f1xx_hal_can.o(i.HAL_CAN_WakeUpFromRxMsgCallback)
    HAL_DMA_Abort_IT                         0x08000bd5   Thumb Code   296  stm32f1xx_hal_dma.o(i.HAL_DMA_Abort_IT)
    HAL_DMA_IRQHandler                       0x08000d05   Thumb Code   552  stm32f1xx_hal_dma.o(i.HAL_DMA_IRQHandler)
    HAL_DMA_Init                             0x08000f4d   Thumb Code   112  stm32f1xx_hal_dma.o(i.HAL_DMA_Init)
    HAL_DMA_Start_IT                         0x08000fc9   Thumb Code   112  stm32f1xx_hal_dma.o(i.HAL_DMA_Start_IT)
    HAL_Delay                                0x08001039   Thumb Code    32  stm32f1xx_hal.o(i.HAL_Delay)
    HAL_GPIO_Init                            0x0800105d   Thumb Code   462  stm32f1xx_hal_gpio.o(i.HAL_GPIO_Init)
    HAL_GPIO_ReadPin                         0x08001255   Thumb Code    10  stm32f1xx_hal_gpio.o(i.HAL_GPIO_ReadPin)
    HAL_GetTick                              0x08001261   Thumb Code     6  stm32f1xx_hal.o(i.HAL_GetTick)
    HAL_IncTick                              0x0800126d   Thumb Code    12  stm32f1xx_hal.o(i.HAL_IncTick)
    HAL_Init                                 0x0800127d   Thumb Code    32  stm32f1xx_hal.o(i.HAL_Init)
    HAL_InitTick                             0x080012a1   Thumb Code    54  stm32f1xx_hal.o(i.HAL_InitTick)
    HAL_MspInit                              0x080012e1   Thumb Code    52  stm32f1xx_hal_msp.o(i.HAL_MspInit)
    HAL_NVIC_EnableIRQ                       0x0800131d   Thumb Code    26  stm32f1xx_hal_cortex.o(i.HAL_NVIC_EnableIRQ)
    HAL_NVIC_SetPriority                     0x08001339   Thumb Code    60  stm32f1xx_hal_cortex.o(i.HAL_NVIC_SetPriority)
    HAL_NVIC_SetPriorityGrouping             0x08001379   Thumb Code    26  stm32f1xx_hal_cortex.o(i.HAL_NVIC_SetPriorityGrouping)
    HAL_RCC_ClockConfig                      0x0800139d   Thumb Code   280  stm32f1xx_hal_rcc.o(i.HAL_RCC_ClockConfig)
    HAL_RCC_GetSysClockFreq                  0x080014c9   Thumb Code    74  stm32f1xx_hal_rcc.o(i.HAL_RCC_GetSysClockFreq)
    HAL_RCC_OscConfig                        0x08001535   Thumb Code   778  stm32f1xx_hal_rcc.o(i.HAL_RCC_OscConfig)
    HAL_SYSTICK_Config                       0x08001855   Thumb Code    40  stm32f1xx_hal_cortex.o(i.HAL_SYSTICK_Config)
    HAL_TIMEx_ConfigBreakDeadTime            0x0800187d   Thumb Code    84  stm32f1xx_hal_tim_ex.o(i.HAL_TIMEx_ConfigBreakDeadTime)
    HAL_TIMEx_MasterConfigSynchronization    0x080018d1   Thumb Code   104  stm32f1xx_hal_tim_ex.o(i.HAL_TIMEx_MasterConfigSynchronization)
    HAL_TIM_Base_Init                        0x0800194d   Thumb Code    90  stm32f1xx_hal_tim.o(i.HAL_TIM_Base_Init)
    HAL_TIM_Base_MspInit                     0x080019a9   Thumb Code   270  tim.o(i.HAL_TIM_Base_MspInit)
    HAL_TIM_ConfigClockSource                0x08001ac9   Thumb Code   214  stm32f1xx_hal_tim.o(i.HAL_TIM_ConfigClockSource)
    HAL_TIM_ErrorCallback                    0x08001b9f   Thumb Code     2  stm32f1xx_hal_tim.o(i.HAL_TIM_ErrorCallback)
    HAL_TIM_MspPostInit                      0x08001ba1   Thumb Code   186  tim.o(i.HAL_TIM_MspPostInit)
    HAL_TIM_PWM_ConfigChannel                0x08001c7d   Thumb Code   198  stm32f1xx_hal_tim.o(i.HAL_TIM_PWM_ConfigChannel)
    HAL_TIM_PWM_Init                         0x08001d43   Thumb Code    90  stm32f1xx_hal_tim.o(i.HAL_TIM_PWM_Init)
    HAL_TIM_PWM_MspInit                      0x08001d9d   Thumb Code   224  tim.o(i.HAL_TIM_PWM_MspInit)
    HAL_TIM_PWM_PulseFinishedCallback        0x08001e91   Thumb Code     2  ws2812.o(i.HAL_TIM_PWM_PulseFinishedCallback)
    HAL_TIM_PWM_PulseFinishedHalfCpltCallback 0x08001e93   Thumb Code     2  stm32f1xx_hal_tim.o(i.HAL_TIM_PWM_PulseFinishedHalfCpltCallback)
    HAL_TIM_PWM_Start_DMA                    0x08001e95   Thumb Code   378  stm32f1xx_hal_tim.o(i.HAL_TIM_PWM_Start_DMA)
    HAL_TIM_PWM_Stop_DMA                     0x08002031   Thumb Code   184  stm32f1xx_hal_tim.o(i.HAL_TIM_PWM_Stop_DMA)
    HardFault_Handler                        0x080020f1   Thumb Code     2  stm32f1xx_it.o(i.HardFault_Handler)
    LED_Blue_rectangle_current               0x080020f5   Thumb Code   232  ws2812.o(i.LED_Blue_rectangle_current)
    MX_CAN_Init                              0x080021e5   Thumb Code    60  can.o(i.MX_CAN_Init)
    MX_DMA_Init                              0x08002229   Thumb Code   136  dma.o(i.MX_DMA_Init)
    MX_GPIO_Init                             0x080022b5   Thumb Code   130  gpio.o(i.MX_GPIO_Init)
    MX_TIM1_Init                             0x08002345   Thumb Code   210  tim.o(i.MX_TIM1_Init)
    MX_TIM2_Init                             0x08002421   Thumb Code   164  tim.o(i.MX_TIM2_Init)
    MX_TIM3_Init                             0x080024c9   Thumb Code   104  tim.o(i.MX_TIM3_Init)
    MX_TIM4_Init                             0x08002539   Thumb Code   118  tim.o(i.MX_TIM4_Init)
    MemManage_Handler                        0x080025b9   Thumb Code     2  stm32f1xx_it.o(i.MemManage_Handler)
    NMI_Handler                              0x080025bb   Thumb Code     2  stm32f1xx_it.o(i.NMI_Handler)
    PendSV_Handler                           0x080025bd   Thumb Code     2  stm32f1xx_it.o(i.PendSV_Handler)
    Rainbow_Current                          0x080025bf   Thumb Code    46  ws2812.o(i.Rainbow_Current)
    SVC_Handler                              0x080025ed   Thumb Code     2  stm32f1xx_it.o(i.SVC_Handler)
    SysTick_Handler                          0x080025ef   Thumb Code     4  stm32f1xx_it.o(i.SysTick_Handler)
    SystemClock_Config                       0x080025f3   Thumb Code    94  main.o(i.SystemClock_Config)
    SystemInit                               0x08002651   Thumb Code     2  system_stm32f1xx.o(i.SystemInit)
    TIM_Base_SetConfig                       0x08002655   Thumb Code   120  stm32f1xx_hal_tim.o(i.TIM_Base_SetConfig)
    TIM_CCxChannelCmd                        0x080026e1   Thumb Code    26  stm32f1xx_hal_tim.o(i.TIM_CCxChannelCmd)
    TIM_DMADelayPulseHalfCplt                0x08002759   Thumb Code    56  stm32f1xx_hal_tim.o(i.TIM_DMADelayPulseHalfCplt)
    TIM_DMAError                             0x08002791   Thumb Code    84  stm32f1xx_hal_tim.o(i.TIM_DMAError)
    TIM_ETR_SetConfig                        0x080027e5   Thumb Code    20  stm32f1xx_hal_tim.o(i.TIM_ETR_SetConfig)
    TIM_OC2_SetConfig                        0x08002869   Thumb Code    98  stm32f1xx_hal_tim.o(i.TIM_OC2_SetConfig)
    USB_LP_CAN1_RX0_IRQHandler               0x080029d5   Thumb Code     6  stm32f1xx_it.o(i.USB_LP_CAN1_RX0_IRQHandler)
    UsageFault_Handler                       0x080029e1   Thumb Code     2  stm32f1xx_it.o(i.UsageFault_Handler)
    WS281x_Color                             0x080029e3   Thumb Code    10  ws2812.o(i.WS281x_Color)
    WS281x_SetPixelColor_RECT                0x080029ed   Thumb Code    64  ws2812.o(i.WS281x_SetPixelColor_RECT)
    WS281x_SetPixelRGB_CIR                   0x08002a31   Thumb Code    64  ws2812.o(i.WS281x_SetPixelRGB_CIR)
    WS281x_SetPixelRGB_FRAME                 0x08002a75   Thumb Code    62  ws2812.o(i.WS281x_SetPixelRGB_FRAME)
    WS281x_SetPixelRGB_FRAME_DOWN            0x08002ab9   Thumb Code    62  ws2812.o(i.WS281x_SetPixelRGB_FRAME_DOWN)
    WS281x_SetPixelRGB_FRAME_UP              0x08002afd   Thumb Code    62  ws2812.o(i.WS281x_SetPixelRGB_FRAME_UP)
    WS_CloseAll_Circle                       0x08002b41   Thumb Code    48  ws2812.o(i.WS_CloseAll_Circle)
    WS_Load_Circle                           0x08002b75   Thumb Code    14  ws2812.o(i.WS_Load_Circle)
    WS_Load_Frame                            0x08002b8d   Thumb Code    14  ws2812.o(i.WS_Load_Frame)
    WS_Load_frame_down                       0x08002ba5   Thumb Code    14  ws2812.o(i.WS_Load_frame_down)
    WS_Load_frame_up                         0x08002bbd   Thumb Code    14  ws2812.o(i.WS_Load_frame_up)
    WS_Load_rectangle                        0x08002bd5   Thumb Code    14  ws2812.o(i.WS_Load_rectangle)
    WS_WriteAll_RGB_FRAME                    0x08002bed   Thumb Code    40  ws2812.o(i.WS_WriteAll_RGB_FRAME)
    WS_WriteAll_RGB_FRAME_DOWN               0x08002c15   Thumb Code    40  ws2812.o(i.WS_WriteAll_RGB_FRAME_DOWN)
    WS_WriteAll_RGB_FRAME_DOWN_Delay         0x08002c3d   Thumb Code    46  ws2812.o(i.WS_WriteAll_RGB_FRAME_DOWN_Delay)
    WS_WriteAll_RGB_FRAME_Delay              0x08002c6b   Thumb Code    46  ws2812.o(i.WS_WriteAll_RGB_FRAME_Delay)
    WS_WriteAll_RGB_FRAME_UP                 0x08002c99   Thumb Code    40  ws2812.o(i.WS_WriteAll_RGB_FRAME_UP)
    WS_WriteAll_RGB_FRAME_UP_Delay           0x08002cc1   Thumb Code    46  ws2812.o(i.WS_WriteAll_RGB_FRAME_UP_Delay)
    WS_WriteAll_RGB_REC                      0x08002cf1   Thumb Code   160  ws2812.o(i.WS_WriteAll_RGB_REC)
    WS_WriteAll_RGB_RECT_Delay               0x08002d95   Thumb Code    50  ws2812.o(i.WS_WriteAll_RGB_RECT_Delay)
    WS_Write_Cross                           0x08002dc7   Thumb Code   304  ws2812.o(i.WS_Write_Cross)
    WS_Write_RGB_ALL_Delay                   0x08002ef7   Thumb Code    46  ws2812.o(i.WS_Write_RGB_ALL_Delay)
    WS_Write_RGB_EIGHT_RING                  0x08002f25   Thumb Code    44  ws2812.o(i.WS_Write_RGB_EIGHT_RING)
    WS_Write_RGB_FIVE_RING                   0x08002f51   Thumb Code    40  ws2812.o(i.WS_Write_RGB_FIVE_RING)
    WS_Write_RGB_FOUR_RING                   0x08002f79   Thumb Code    40  ws2812.o(i.WS_Write_RGB_FOUR_RING)
    WS_Write_RGB_NINE_RING                   0x08002fa1   Thumb Code    46  ws2812.o(i.WS_Write_RGB_NINE_RING)
    WS_Write_RGB_ONE_RING                    0x08002fcf   Thumb Code    40  ws2812.o(i.WS_Write_RGB_ONE_RING)
    WS_Write_RGB_SEVEN_RING                  0x08002ff7   Thumb Code    40  ws2812.o(i.WS_Write_RGB_SEVEN_RING)
    WS_Write_RGB_SIX_RING                    0x0800301f   Thumb Code    40  ws2812.o(i.WS_Write_RGB_SIX_RING)
    WS_Write_RGB_TEN_RING                    0x08003047   Thumb Code    44  ws2812.o(i.WS_Write_RGB_TEN_RING)
    WS_Write_RGB_THREE_RING                  0x08003073   Thumb Code    40  ws2812.o(i.WS_Write_RGB_THREE_RING)
    WS_Write_RGB_TWO_RING                    0x0800309b   Thumb Code    40  ws2812.o(i.WS_Write_RGB_TWO_RING)
    arrow_LED_cut_down_rectangle             0x080030e5   Thumb Code   346  ws2812.o(i.arrow_LED_cut_down_rectangle)
    get_Centrol_measure                      0x08003249   Thumb Code    32  can_receive.o(i.get_Centrol_measure)
    main                                     0x0800326d   Thumb Code  3004  main.o(i.main)
    state_1                                  0x08003e35   Thumb Code    90  main.o(i.state_1)
    state_2                                  0x08003e8f   Thumb Code    60  main.o(i.state_2)
    AHBPrescTable                            0x08003eca   Data          16  system_stm32f1xx.o(.constdata)
    Region$$Table$$Base                      0x08003edc   Number         0  anon$$obj.o(Region$$Table)
    Region$$Table$$Limit                     0x08003efc   Number         0  anon$$obj.o(Region$$Table)
    cntt                                     0x20000000   Data           2  main.o(.data)
    down_cntt                                0x20000002   Data           2  main.o(.data)
    Twinkle_time_cnt                         0x20000004   Data           2  main.o(.data)
    Twinkle_time_cnt_times                   0x20000006   Data           2  main.o(.data)
    buffer_time                              0x20000008   Data           2  main.o(.data)
    uwTickFreq                               0x2000000c   Data           1  stm32f1xx_hal.o(.data)
    uwTickPrio                               0x20000010   Data           4  stm32f1xx_hal.o(.data)
    uwTick                                   0x20000014   Data           4  stm32f1xx_hal.o(.data)
    SystemCoreClock                          0x20000018   Data           4  system_stm32f1xx.o(.data)
    send_Buf_move_rectangle                  0x2000001e   Data           2  ws2812.o(.data)
    Led_bite_cnt_rectangle                   0x20000020   Data           2  ws2812.o(.data)
    can1_rx_data                             0x2000002c   Data           8  can_receive.o(.data)
    can_Dafu_data                            0x20000034   Data           8  can_protocal.o(.data)
    Rings_Key                                0x2000003c   Data          10  main.o(.bss)
    Rings_Key_record                         0x20000046   Data          10  main.o(.bss)
    hcan                                     0x20000050   Data          40  can.o(.bss)
    htim1                                    0x20000078   Data          72  tim.o(.bss)
    htim2                                    0x200000c0   Data          72  tim.o(.bss)
    htim3                                    0x20000108   Data          72  tim.o(.bss)
    htim4                                    0x20000150   Data          72  tim.o(.bss)
    hdma_tim1_ch1                            0x20000198   Data          68  tim.o(.bss)
    hdma_tim1_ch2                            0x200001dc   Data          68  tim.o(.bss)
    hdma_tim2_ch1                            0x20000220   Data          68  tim.o(.bss)
    hdma_tim2_ch2_ch4                        0x20000264   Data          68  tim.o(.bss)
    hdma_tim3_ch1_trig                       0x200002a8   Data          68  tim.o(.bss)
    hdma_tim4_ch1                            0x200002ec   Data          68  tim.o(.bss)
    hdma_tim4_ch2                            0x20000330   Data          68  tim.o(.bss)
    send_Buf_rectangle                       0x20000374   Data       14848  ws2812.o(.bss)
    send_Buf_frame_up                        0x20003d74   Data        4672  ws2812.o(.bss)
    send_Buf_frame_down                      0x20004fb4   Data        4864  ws2812.o(.bss)
    send_Buf_Circle                          0x200062b4   Data       13648  ws2812.o(.bss)
    send_Buf_frame                           0x20009804   Data        4144  ws2812.o(.bss)
    hcan1RxFrame                             0x2000a834   Data          28  can_receive.o(.bss)
    Board_Can_info                           0x2000a850   Data          14  can_receive.o(.bss)
    Board_Order_info                         0x2000a85e   Data          35  can_receive.o(.bss)
    Big_Fu_info                              0x2000a881   Data          40  can_protocal.o(.bss)
    __libspace_start                         0x2000a8ac   Data          96  libspace.o(.bss)
    __temporary_stack_top$libspace           0x2000a90c   Data           0  libspace.o(.bss)



==============================================================================

Memory Map of the image

  Image Entry point : 0x08000131

  Load Region LR_IROM1 (Base: 0x08000000, Size: 0x00003f38, Max: 0x00040000, ABSOLUTE)

    Execution Region ER_IROM1 (Exec base: 0x08000000, Load base: 0x08000000, Size: 0x00003efc, Max: 0x00040000, ABSOLUTE)

    Exec Addr    Load Addr    Size         Type   Attr      Idx    E Section Name        Object

    0x08000000   0x08000000   0x00000130   Data   RO            3    RESET               startup_stm32f103xe.o
    0x08000130   0x08000130   0x00000008   Code   RO         3315  * !!!main             c_w.l(__main.o)
    0x08000138   0x08000138   0x00000034   Code   RO         3474    !!!scatter          c_w.l(__scatter.o)
    0x0800016c   0x0800016c   0x0000001a   Code   RO         3476    !!handler_copy      c_w.l(__scatter_copy.o)
    0x08000186   0x08000186   0x00000002   PAD
    0x08000188   0x08000188   0x0000001c   Code   RO         3478    !!handler_zi        c_w.l(__scatter_zi.o)
    0x080001a4   0x080001a4   0x00000002   Code   RO         3342    .ARM.Collect$$libinit$$00000000  c_w.l(libinit.o)
    0x080001a6   0x080001a6   0x00000000   Code   RO         3349    .ARM.Collect$$libinit$$00000002  c_w.l(libinit2.o)
    0x080001a6   0x080001a6   0x00000000   Code   RO         3351    .ARM.Collect$$libinit$$00000004  c_w.l(libinit2.o)
    0x080001a6   0x080001a6   0x00000000   Code   RO         3354    .ARM.Collect$$libinit$$0000000A  c_w.l(libinit2.o)
    0x080001a6   0x080001a6   0x00000000   Code   RO         3356    .ARM.Collect$$libinit$$0000000C  c_w.l(libinit2.o)
    0x080001a6   0x080001a6   0x00000000   Code   RO         3358    .ARM.Collect$$libinit$$0000000E  c_w.l(libinit2.o)
    0x080001a6   0x080001a6   0x00000000   Code   RO         3361    .ARM.Collect$$libinit$$00000011  c_w.l(libinit2.o)
    0x080001a6   0x080001a6   0x00000000   Code   RO         3363    .ARM.Collect$$libinit$$00000013  c_w.l(libinit2.o)
    0x080001a6   0x080001a6   0x00000000   Code   RO         3365    .ARM.Collect$$libinit$$00000015  c_w.l(libinit2.o)
    0x080001a6   0x080001a6   0x00000000   Code   RO         3367    .ARM.Collect$$libinit$$00000017  c_w.l(libinit2.o)
    0x080001a6   0x080001a6   0x00000000   Code   RO         3369    .ARM.Collect$$libinit$$00000019  c_w.l(libinit2.o)
    0x080001a6   0x080001a6   0x00000000   Code   RO         3371    .ARM.Collect$$libinit$$0000001B  c_w.l(libinit2.o)
    0x080001a6   0x080001a6   0x00000000   Code   RO         3373    .ARM.Collect$$libinit$$0000001D  c_w.l(libinit2.o)
    0x080001a6   0x080001a6   0x00000000   Code   RO         3375    .ARM.Collect$$libinit$$0000001F  c_w.l(libinit2.o)
    0x080001a6   0x080001a6   0x00000000   Code   RO         3377    .ARM.Collect$$libinit$$00000021  c_w.l(libinit2.o)
    0x080001a6   0x080001a6   0x00000000   Code   RO         3379    .ARM.Collect$$libinit$$00000023  c_w.l(libinit2.o)
    0x080001a6   0x080001a6   0x00000000   Code   RO         3381    .ARM.Collect$$libinit$$00000025  c_w.l(libinit2.o)
    0x080001a6   0x080001a6   0x00000000   Code   RO         3385    .ARM.Collect$$libinit$$0000002C  c_w.l(libinit2.o)
    0x080001a6   0x080001a6   0x00000000   Code   RO         3387    .ARM.Collect$$libinit$$0000002E  c_w.l(libinit2.o)
    0x080001a6   0x080001a6   0x00000000   Code   RO         3389    .ARM.Collect$$libinit$$00000030  c_w.l(libinit2.o)
    0x080001a6   0x080001a6   0x00000000   Code   RO         3391    .ARM.Collect$$libinit$$00000032  c_w.l(libinit2.o)
    0x080001a6   0x080001a6   0x00000002   Code   RO         3392    .ARM.Collect$$libinit$$00000033  c_w.l(libinit2.o)
    0x080001a8   0x080001a8   0x00000002   Code   RO         3412    .ARM.Collect$$libshutdown$$00000000  c_w.l(libshutdown.o)
    0x080001aa   0x080001aa   0x00000000   Code   RO         3425    .ARM.Collect$$libshutdown$$00000002  c_w.l(libshutdown2.o)
    0x080001aa   0x080001aa   0x00000000   Code   RO         3427    .ARM.Collect$$libshutdown$$00000004  c_w.l(libshutdown2.o)
    0x080001aa   0x080001aa   0x00000000   Code   RO         3429    .ARM.Collect$$libshutdown$$00000006  c_w.l(libshutdown2.o)
    0x080001aa   0x080001aa   0x00000000   Code   RO         3432    .ARM.Collect$$libshutdown$$00000009  c_w.l(libshutdown2.o)
    0x080001aa   0x080001aa   0x00000000   Code   RO         3435    .ARM.Collect$$libshutdown$$0000000C  c_w.l(libshutdown2.o)
    0x080001aa   0x080001aa   0x00000000   Code   RO         3437    .ARM.Collect$$libshutdown$$0000000E  c_w.l(libshutdown2.o)
    0x080001aa   0x080001aa   0x00000000   Code   RO         3440    .ARM.Collect$$libshutdown$$00000011  c_w.l(libshutdown2.o)
    0x080001aa   0x080001aa   0x00000002   Code   RO         3441    .ARM.Collect$$libshutdown$$00000012  c_w.l(libshutdown2.o)
    0x080001ac   0x080001ac   0x00000000   Code   RO         3317    .ARM.Collect$$rtentry$$00000000  c_w.l(__rtentry.o)
    0x080001ac   0x080001ac   0x00000000   Code   RO         3319    .ARM.Collect$$rtentry$$00000002  c_w.l(__rtentry2.o)
    0x080001ac   0x080001ac   0x00000006   Code   RO         3331    .ARM.Collect$$rtentry$$00000004  c_w.l(__rtentry4.o)
    0x080001b2   0x080001b2   0x00000000   Code   RO         3321    .ARM.Collect$$rtentry$$00000009  c_w.l(__rtentry2.o)
    0x080001b2   0x080001b2   0x00000004   Code   RO         3322    .ARM.Collect$$rtentry$$0000000A  c_w.l(__rtentry2.o)
    0x080001b6   0x080001b6   0x00000000   Code   RO         3324    .ARM.Collect$$rtentry$$0000000C  c_w.l(__rtentry2.o)
    0x080001b6   0x080001b6   0x00000008   Code   RO         3325    .ARM.Collect$$rtentry$$0000000D  c_w.l(__rtentry2.o)
    0x080001be   0x080001be   0x00000002   Code   RO         3346    .ARM.Collect$$rtexit$$00000000  c_w.l(rtexit.o)
    0x080001c0   0x080001c0   0x00000000   Code   RO         3394    .ARM.Collect$$rtexit$$00000002  c_w.l(rtexit2.o)
    0x080001c0   0x080001c0   0x00000004   Code   RO         3395    .ARM.Collect$$rtexit$$00000003  c_w.l(rtexit2.o)
    0x080001c4   0x080001c4   0x00000006   Code   RO         3396    .ARM.Collect$$rtexit$$00000004  c_w.l(rtexit2.o)
    0x080001ca   0x080001ca   0x00000002   PAD
    0x080001cc   0x080001cc   0x00000040   Code   RO            4    .text               startup_stm32f103xe.o
    0x0800020c   0x0800020c   0x0000004e   Code   RO         3311    .text               c_w.l(rt_memclr_w.o)
    0x0800025a   0x0800025a   0x00000006   Code   RO         3313    .text               c_w.l(heapauxi.o)
    0x08000260   0x08000260   0x0000004a   Code   RO         3333    .text               c_w.l(sys_stackheap_outer.o)
    0x080002aa   0x080002aa   0x00000012   Code   RO         3335    .text               c_w.l(exit.o)
    0x080002bc   0x080002bc   0x00000008   Code   RO         3343    .text               c_w.l(libspace.o)
    0x080002c4   0x080002c4   0x0000000c   Code   RO         3404    .text               c_w.l(sys_exit.o)
    0x080002d0   0x080002d0   0x00000002   Code   RO         3415    .text               c_w.l(use_no_semi.o)
    0x080002d2   0x080002d2   0x00000000   Code   RO         3417    .text               c_w.l(indicate_semi.o)
    0x080002d2   0x080002d2   0x00000064   Code   RO         3269    i.Big_Fu_info_Init  flag_state.o
    0x08000336   0x08000336   0x00000002   PAD
    0x08000338   0x08000338   0x00000024   Code   RO         3225    i.Board_Info_Tx     can_protocal.o
    0x0800035c   0x0800035c   0x00000024   Code   RO         3112    i.Board_RX          can_receive.o
    0x08000380   0x08000380   0x0000005c   Code   RO         3079    i.Board_Tx          can_send.o
    0x080003dc   0x080003dc   0x00000002   Code   RO          359    i.BusFault_Handler  stm32f1xx_it.o
    0x080003de   0x080003de   0x00000002   PAD
    0x080003e0   0x080003e0   0x0000003c   Code   RO         3113    i.CAN1_Init         can_receive.o
    0x0800041c   0x0800041c   0x0000000c   Code   RO          360    i.CAN1_RX1_IRQHandler  stm32f1xx_it.o
    0x08000428   0x08000428   0x0000000c   Code   RO         3226    i.CAN1_rxDataHandler  can_protocal.o
    0x08000434   0x08000434   0x0000000c   Code   RO          361    i.DMA1_Channel1_IRQHandler  stm32f1xx_it.o
    0x08000440   0x08000440   0x0000000c   Code   RO          362    i.DMA1_Channel2_IRQHandler  stm32f1xx_it.o
    0x0800044c   0x0800044c   0x0000000c   Code   RO          363    i.DMA1_Channel3_IRQHandler  stm32f1xx_it.o
    0x08000458   0x08000458   0x0000000c   Code   RO          364    i.DMA1_Channel4_IRQHandler  stm32f1xx_it.o
    0x08000464   0x08000464   0x0000000c   Code   RO          365    i.DMA1_Channel5_IRQHandler  stm32f1xx_it.o
    0x08000470   0x08000470   0x0000000c   Code   RO          366    i.DMA1_Channel6_IRQHandler  stm32f1xx_it.o
    0x0800047c   0x0800047c   0x0000000c   Code   RO          367    i.DMA1_Channel7_IRQHandler  stm32f1xx_it.o
    0x08000488   0x08000488   0x0000002a   Code   RO         1161    i.DMA_SetConfig     stm32f1xx_hal_dma.o
    0x080004b2   0x080004b2   0x00000002   Code   RO          368    i.DebugMon_Handler  stm32f1xx_it.o
    0x080004b4   0x080004b4   0x00000004   Code   RO           13    i.Error_Handler     main.o
    0x080004b8   0x080004b8   0x00000024   Code   RO          550    i.HAL_CAN_ActivateNotification  stm32f1xx_hal_can.o
    0x080004dc   0x080004dc   0x000000dc   Code   RO          551    i.HAL_CAN_AddTxMessage  stm32f1xx_hal_can.o
    0x080005b8   0x080005b8   0x000000ee   Code   RO          552    i.HAL_CAN_ConfigFilter  stm32f1xx_hal_can.o
    0x080006a6   0x080006a6   0x00000002   Code   RO          555    i.HAL_CAN_ErrorCallback  stm32f1xx_hal_can.o
    0x080006a8   0x080006a8   0x000000e8   Code   RO          558    i.HAL_CAN_GetRxMessage  stm32f1xx_hal_can.o
    0x08000790   0x08000790   0x000001fc   Code   RO          562    i.HAL_CAN_IRQHandler  stm32f1xx_hal_can.o
    0x0800098c   0x0800098c   0x0000011a   Code   RO          563    i.HAL_CAN_Init      stm32f1xx_hal_can.o
    0x08000aa6   0x08000aa6   0x00000002   PAD
    0x08000aa8   0x08000aa8   0x0000008c   Code   RO          216    i.HAL_CAN_MspInit   can.o
    0x08000b34   0x08000b34   0x00000002   Code   RO          570    i.HAL_CAN_RxFifo0FullCallback  stm32f1xx_hal_can.o
    0x08000b36   0x08000b36   0x00000002   PAD
    0x08000b38   0x08000b38   0x0000002c   Code   RO         3115    i.HAL_CAN_RxFifo0MsgPendingCallback  can_receive.o
    0x08000b64   0x08000b64   0x00000002   Code   RO          572    i.HAL_CAN_RxFifo1FullCallback  stm32f1xx_hal_can.o
    0x08000b66   0x08000b66   0x00000002   Code   RO          573    i.HAL_CAN_RxFifo1MsgPendingCallback  stm32f1xx_hal_can.o
    0x08000b68   0x08000b68   0x00000002   Code   RO          574    i.HAL_CAN_SleepCallback  stm32f1xx_hal_can.o
    0x08000b6a   0x08000b6a   0x00000002   PAD
    0x08000b6c   0x08000b6c   0x00000058   Code   RO          575    i.HAL_CAN_Start     stm32f1xx_hal_can.o
    0x08000bc4   0x08000bc4   0x00000002   Code   RO          577    i.HAL_CAN_TxMailbox0AbortCallback  stm32f1xx_hal_can.o
    0x08000bc6   0x08000bc6   0x00000002   Code   RO          578    i.HAL_CAN_TxMailbox0CompleteCallback  stm32f1xx_hal_can.o
    0x08000bc8   0x08000bc8   0x00000002   Code   RO          579    i.HAL_CAN_TxMailbox1AbortCallback  stm32f1xx_hal_can.o
    0x08000bca   0x08000bca   0x00000002   Code   RO          580    i.HAL_CAN_TxMailbox1CompleteCallback  stm32f1xx_hal_can.o
    0x08000bcc   0x08000bcc   0x00000002   Code   RO          581    i.HAL_CAN_TxMailbox2AbortCallback  stm32f1xx_hal_can.o
    0x08000bce   0x08000bce   0x00000002   Code   RO          582    i.HAL_CAN_TxMailbox2CompleteCallback  stm32f1xx_hal_can.o
    0x08000bd0   0x08000bd0   0x00000002   Code   RO          584    i.HAL_CAN_WakeUpFromRxMsgCallback  stm32f1xx_hal_can.o
    0x08000bd2   0x08000bd2   0x00000002   PAD
    0x08000bd4   0x08000bd4   0x00000130   Code   RO         1163    i.HAL_DMA_Abort_IT  stm32f1xx_hal_dma.o
    0x08000d04   0x08000d04   0x00000248   Code   RO         1167    i.HAL_DMA_IRQHandler  stm32f1xx_hal_dma.o
    0x08000f4c   0x08000f4c   0x0000007c   Code   RO         1168    i.HAL_DMA_Init      stm32f1xx_hal_dma.o
    0x08000fc8   0x08000fc8   0x00000070   Code   RO         1172    i.HAL_DMA_Start_IT  stm32f1xx_hal_dma.o
    0x08001038   0x08001038   0x00000024   Code   RO          790    i.HAL_Delay         stm32f1xx_hal.o
    0x0800105c   0x0800105c   0x000001f8   Code   RO         1098    i.HAL_GPIO_Init     stm32f1xx_hal_gpio.o
    0x08001254   0x08001254   0x0000000a   Code   RO         1100    i.HAL_GPIO_ReadPin  stm32f1xx_hal_gpio.o
    0x0800125e   0x0800125e   0x00000002   PAD
    0x08001260   0x08001260   0x0000000c   Code   RO          794    i.HAL_GetTick       stm32f1xx_hal.o
    0x0800126c   0x0800126c   0x00000010   Code   RO          800    i.HAL_IncTick       stm32f1xx_hal.o
    0x0800127c   0x0800127c   0x00000024   Code   RO          801    i.HAL_Init          stm32f1xx_hal.o
    0x080012a0   0x080012a0   0x00000040   Code   RO          802    i.HAL_InitTick      stm32f1xx_hal.o
    0x080012e0   0x080012e0   0x0000003c   Code   RO          489    i.HAL_MspInit       stm32f1xx_hal_msp.o
    0x0800131c   0x0800131c   0x0000001a   Code   RO         1258    i.HAL_NVIC_EnableIRQ  stm32f1xx_hal_cortex.o
    0x08001336   0x08001336   0x00000002   PAD
    0x08001338   0x08001338   0x00000040   Code   RO         1264    i.HAL_NVIC_SetPriority  stm32f1xx_hal_cortex.o
    0x08001378   0x08001378   0x00000024   Code   RO         1265    i.HAL_NVIC_SetPriorityGrouping  stm32f1xx_hal_cortex.o
    0x0800139c   0x0800139c   0x0000012c   Code   RO          958    i.HAL_RCC_ClockConfig  stm32f1xx_hal_rcc.o
    0x080014c8   0x080014c8   0x0000006c   Code   RO          967    i.HAL_RCC_GetSysClockFreq  stm32f1xx_hal_rcc.o
    0x08001534   0x08001534   0x00000320   Code   RO          970    i.HAL_RCC_OscConfig  stm32f1xx_hal_rcc.o
    0x08001854   0x08001854   0x00000028   Code   RO         1269    i.HAL_SYSTICK_Config  stm32f1xx_hal_cortex.o
    0x0800187c   0x0800187c   0x00000054   Code   RO         2467    i.HAL_TIMEx_ConfigBreakDeadTime  stm32f1xx_hal_tim_ex.o
    0x080018d0   0x080018d0   0x0000007c   Code   RO         2483    i.HAL_TIMEx_MasterConfigSynchronization  stm32f1xx_hal_tim_ex.o
    0x0800194c   0x0800194c   0x0000005a   Code   RO         1760    i.HAL_TIM_Base_Init  stm32f1xx_hal_tim.o
    0x080019a6   0x080019a6   0x00000002   PAD
    0x080019a8   0x080019a8   0x00000120   Code   RO          282    i.HAL_TIM_Base_MspInit  tim.o
    0x08001ac8   0x08001ac8   0x000000d6   Code   RO         1769    i.HAL_TIM_ConfigClockSource  stm32f1xx_hal_tim.o
    0x08001b9e   0x08001b9e   0x00000002   Code   RO         1790    i.HAL_TIM_ErrorCallback  stm32f1xx_hal_tim.o
    0x08001ba0   0x08001ba0   0x000000dc   Code   RO          283    i.HAL_TIM_MspPostInit  tim.o
    0x08001c7c   0x08001c7c   0x000000c6   Code   RO         1832    i.HAL_TIM_PWM_ConfigChannel  stm32f1xx_hal_tim.o
    0x08001d42   0x08001d42   0x0000005a   Code   RO         1835    i.HAL_TIM_PWM_Init  stm32f1xx_hal_tim.o
    0x08001d9c   0x08001d9c   0x000000f4   Code   RO          285    i.HAL_TIM_PWM_MspInit  tim.o
    0x08001e90   0x08001e90   0x00000002   Code   RO         2769    i.HAL_TIM_PWM_PulseFinishedCallback  ws2812.o
    0x08001e92   0x08001e92   0x00000002   Code   RO         1839    i.HAL_TIM_PWM_PulseFinishedHalfCpltCallback  stm32f1xx_hal_tim.o
    0x08001e94   0x08001e94   0x0000019c   Code   RO         1841    i.HAL_TIM_PWM_Start_DMA  stm32f1xx_hal_tim.o
    0x08002030   0x08002030   0x000000c0   Code   RO         1844    i.HAL_TIM_PWM_Stop_DMA  stm32f1xx_hal_tim.o
    0x080020f0   0x080020f0   0x00000002   Code   RO          369    i.HardFault_Handler  stm32f1xx_it.o
    0x080020f2   0x080020f2   0x00000002   PAD
    0x080020f4   0x080020f4   0x000000f0   Code   RO         2770    i.LED_Blue_rectangle_current  ws2812.o
    0x080021e4   0x080021e4   0x00000044   Code   RO          217    i.MX_CAN_Init       can.o
    0x08002228   0x08002228   0x0000008c   Code   RO          257    i.MX_DMA_Init       dma.o
    0x080022b4   0x080022b4   0x00000090   Code   RO          191    i.MX_GPIO_Init      gpio.o
    0x08002344   0x08002344   0x000000dc   Code   RO          286    i.MX_TIM1_Init      tim.o
    0x08002420   0x08002420   0x000000a8   Code   RO          287    i.MX_TIM2_Init      tim.o
    0x080024c8   0x080024c8   0x00000070   Code   RO          288    i.MX_TIM3_Init      tim.o
    0x08002538   0x08002538   0x00000080   Code   RO          289    i.MX_TIM4_Init      tim.o
    0x080025b8   0x080025b8   0x00000002   Code   RO          370    i.MemManage_Handler  stm32f1xx_it.o
    0x080025ba   0x080025ba   0x00000002   Code   RO          371    i.NMI_Handler       stm32f1xx_it.o
    0x080025bc   0x080025bc   0x00000002   Code   RO          372    i.PendSV_Handler    stm32f1xx_it.o
    0x080025be   0x080025be   0x0000002e   Code   RO         2773    i.Rainbow_Current   ws2812.o
    0x080025ec   0x080025ec   0x00000002   Code   RO          373    i.SVC_Handler       stm32f1xx_it.o
    0x080025ee   0x080025ee   0x00000004   Code   RO          374    i.SysTick_Handler   stm32f1xx_it.o
    0x080025f2   0x080025f2   0x0000005e   Code   RO           14    i.SystemClock_Config  main.o
    0x08002650   0x08002650   0x00000002   Code   RO         2732    i.SystemInit        system_stm32f1xx.o
    0x08002652   0x08002652   0x00000002   PAD
    0x08002654   0x08002654   0x0000008c   Code   RO         1853    i.TIM_Base_SetConfig  stm32f1xx_hal_tim.o
    0x080026e0   0x080026e0   0x0000001a   Code   RO         1854    i.TIM_CCxChannelCmd  stm32f1xx_hal_tim.o
    0x080026fa   0x080026fa   0x0000005e   Code   RO         1857    i.TIM_DMADelayPulseCplt  stm32f1xx_hal_tim.o
    0x08002758   0x08002758   0x00000038   Code   RO         1858    i.TIM_DMADelayPulseHalfCplt  stm32f1xx_hal_tim.o
    0x08002790   0x08002790   0x00000054   Code   RO         1859    i.TIM_DMAError      stm32f1xx_hal_tim.o
    0x080027e4   0x080027e4   0x00000014   Code   RO         1864    i.TIM_ETR_SetConfig  stm32f1xx_hal_tim.o
    0x080027f8   0x080027f8   0x00000010   Code   RO         1865    i.TIM_ITRx_SetConfig  stm32f1xx_hal_tim.o
    0x08002808   0x08002808   0x00000060   Code   RO         1866    i.TIM_OC1_SetConfig  stm32f1xx_hal_tim.o
    0x08002868   0x08002868   0x0000006c   Code   RO         1867    i.TIM_OC2_SetConfig  stm32f1xx_hal_tim.o
    0x080028d4   0x080028d4   0x00000068   Code   RO         1868    i.TIM_OC3_SetConfig  stm32f1xx_hal_tim.o
    0x0800293c   0x0800293c   0x00000050   Code   RO         1869    i.TIM_OC4_SetConfig  stm32f1xx_hal_tim.o
    0x0800298c   0x0800298c   0x00000022   Code   RO         1871    i.TIM_TI1_ConfigInputStage  stm32f1xx_hal_tim.o
    0x080029ae   0x080029ae   0x00000024   Code   RO         1873    i.TIM_TI2_ConfigInputStage  stm32f1xx_hal_tim.o
    0x080029d2   0x080029d2   0x00000002   PAD
    0x080029d4   0x080029d4   0x0000000c   Code   RO          375    i.USB_LP_CAN1_RX0_IRQHandler  stm32f1xx_it.o
    0x080029e0   0x080029e0   0x00000002   Code   RO          376    i.UsageFault_Handler  stm32f1xx_it.o
    0x080029e2   0x080029e2   0x0000000a   Code   RO         2774    i.WS281x_Color      ws2812.o
    0x080029ec   0x080029ec   0x00000044   Code   RO         2776    i.WS281x_SetPixelColor_RECT  ws2812.o
    0x08002a30   0x08002a30   0x00000044   Code   RO         2777    i.WS281x_SetPixelRGB_CIR  ws2812.o
    0x08002a74   0x08002a74   0x00000044   Code   RO         2778    i.WS281x_SetPixelRGB_FRAME  ws2812.o
    0x08002ab8   0x08002ab8   0x00000044   Code   RO         2779    i.WS281x_SetPixelRGB_FRAME_DOWN  ws2812.o
    0x08002afc   0x08002afc   0x00000044   Code   RO         2780    i.WS281x_SetPixelRGB_FRAME_UP  ws2812.o
    0x08002b40   0x08002b40   0x00000034   Code   RO         2781    i.WS_CloseAll_Circle  ws2812.o
    0x08002b74   0x08002b74   0x00000018   Code   RO         2786    i.WS_Load_Circle    ws2812.o
    0x08002b8c   0x08002b8c   0x00000018   Code   RO         2787    i.WS_Load_Frame     ws2812.o
    0x08002ba4   0x08002ba4   0x00000018   Code   RO         2788    i.WS_Load_frame_down  ws2812.o
    0x08002bbc   0x08002bbc   0x00000018   Code   RO         2789    i.WS_Load_frame_up  ws2812.o
    0x08002bd4   0x08002bd4   0x00000018   Code   RO         2790    i.WS_Load_rectangle  ws2812.o
    0x08002bec   0x08002bec   0x00000028   Code   RO         2791    i.WS_WriteAll_RGB_FRAME  ws2812.o
    0x08002c14   0x08002c14   0x00000028   Code   RO         2792    i.WS_WriteAll_RGB_FRAME_DOWN  ws2812.o
    0x08002c3c   0x08002c3c   0x0000002e   Code   RO         2793    i.WS_WriteAll_RGB_FRAME_DOWN_Delay  ws2812.o
    0x08002c6a   0x08002c6a   0x0000002e   Code   RO         2794    i.WS_WriteAll_RGB_FRAME_Delay  ws2812.o
    0x08002c98   0x08002c98   0x00000028   Code   RO         2795    i.WS_WriteAll_RGB_FRAME_UP  ws2812.o
    0x08002cc0   0x08002cc0   0x0000002e   Code   RO         2796    i.WS_WriteAll_RGB_FRAME_UP_Delay  ws2812.o
    0x08002cee   0x08002cee   0x00000002   PAD
    0x08002cf0   0x08002cf0   0x000000a4   Code   RO         2797    i.WS_WriteAll_RGB_REC  ws2812.o
    0x08002d94   0x08002d94   0x00000032   Code   RO         2799    i.WS_WriteAll_RGB_RECT_Delay  ws2812.o
    0x08002dc6   0x08002dc6   0x00000130   Code   RO         2800    i.WS_Write_Cross    ws2812.o
    0x08002ef6   0x08002ef6   0x0000002e   Code   RO         2801    i.WS_Write_RGB_ALL_Delay  ws2812.o
    0x08002f24   0x08002f24   0x0000002c   Code   RO         2803    i.WS_Write_RGB_EIGHT_RING  ws2812.o
    0x08002f50   0x08002f50   0x00000028   Code   RO         2804    i.WS_Write_RGB_FIVE_RING  ws2812.o
    0x08002f78   0x08002f78   0x00000028   Code   RO         2805    i.WS_Write_RGB_FOUR_RING  ws2812.o
    0x08002fa0   0x08002fa0   0x0000002e   Code   RO         2806    i.WS_Write_RGB_NINE_RING  ws2812.o
    0x08002fce   0x08002fce   0x00000028   Code   RO         2807    i.WS_Write_RGB_ONE_RING  ws2812.o
    0x08002ff6   0x08002ff6   0x00000028   Code   RO         2808    i.WS_Write_RGB_SEVEN_RING  ws2812.o
    0x0800301e   0x0800301e   0x00000028   Code   RO         2809    i.WS_Write_RGB_SIX_RING  ws2812.o
    0x08003046   0x08003046   0x0000002c   Code   RO         2810    i.WS_Write_RGB_TEN_RING  ws2812.o
    0x08003072   0x08003072   0x00000028   Code   RO         2811    i.WS_Write_RGB_THREE_RING  ws2812.o
    0x0800309a   0x0800309a   0x00000028   Code   RO         2812    i.WS_Write_RGB_TWO_RING  ws2812.o
    0x080030c2   0x080030c2   0x00000020   Code   RO         1271    i.__NVIC_SetPriority  stm32f1xx_hal_cortex.o
    0x080030e2   0x080030e2   0x00000002   PAD
    0x080030e4   0x080030e4   0x00000164   Code   RO         2814    i.arrow_LED_cut_down_rectangle  ws2812.o
    0x08003248   0x08003248   0x00000024   Code   RO         3116    i.get_Centrol_measure  can_receive.o
    0x0800326c   0x0800326c   0x00000bc8   Code   RO           15    i.main              main.o
    0x08003e34   0x08003e34   0x0000005a   Code   RO           16    i.state_1           main.o
    0x08003e8e   0x08003e8e   0x0000003c   Code   RO           17    i.state_2           main.o
    0x08003eca   0x08003eca   0x00000010   Data   RO         2733    .constdata          system_stm32f1xx.o
    0x08003eda   0x08003eda   0x00000002   PAD
    0x08003edc   0x08003edc   0x00000020   Data   RO         3472    Region$$Table       anon$$obj.o


    Execution Region RW_IRAM1 (Exec base: 0x20000000, Load base: 0x08003efc, Size: 0x0000af10, Max: 0x0000c000, ABSOLUTE)

    Exec Addr    Load Addr    Size         Type   Attr      Idx    E Section Name        Object

    0x20000000   0x08003efc   0x0000000a   Data   RW           20    .data               main.o
    0x2000000a   0x08003f06   0x00000002   PAD
    0x2000000c   0x08003f08   0x0000000c   Data   RW          808    .data               stm32f1xx_hal.o
    0x20000018   0x08003f14   0x00000004   Data   RW         2735    .data               system_stm32f1xx.o
    0x2000001c   0x08003f18   0x00000010   Data   RW         2817    .data               ws2812.o
    0x2000002c   0x08003f28   0x00000008   Data   RW         3118    .data               can_receive.o
    0x20000034   0x08003f30   0x00000008   Data   RW         3228    .data               can_protocal.o
    0x2000003c        -       0x00000014   Zero   RW           18    .bss                main.o
    0x20000050        -       0x00000028   Zero   RW          218    .bss                can.o
    0x20000078        -       0x000002fc   Zero   RW          290    .bss                tim.o
    0x20000374        -       0x0000a4c0   Zero   RW         2816    .bss                ws2812.o
    0x2000a834        -       0x0000004d   Zero   RW         3117    .bss                can_receive.o
    0x2000a881        -       0x00000028   Zero   RW         3227    .bss                can_protocal.o
    0x2000a8a9   0x08003f38   0x00000003   PAD
    0x2000a8ac        -       0x00000060   Zero   RW         3344    .bss                c_w.l(libspace.o)
    0x2000a90c   0x08003f38   0x00000004   PAD
    0x2000a910        -       0x00000200   Zero   RW            2    HEAP                startup_stm32f103xe.o
    0x2000ab10        -       0x00000400   Zero   RW            1    STACK               startup_stm32f103xe.o


==============================================================================

Image component sizes


      Code (inc. data)   RO Data    RW Data    ZI Data      Debug   Object Name

       208         20          0          0         40       1887   can.o
        48         16          0          8         40       2481   can_protocal.o
       176         28          0          8         77     404728   can_receive.o
        92          6          0          0          0       1940   can_send.o
       140          4          0          0          0        918   dma.o
       100          0          0          0          0       2932   flag_state.o
       144         14          0          0          0       1075   gpio.o
      3264         64          0         10         20     495205   main.o
        64         26        304          0       1536        868   startup_stm32f103xe.o
       164         28          0         12          0       6965   stm32f1xx_hal.o
      1628          0          0          0          0      14779   stm32f1xx_hal_can.o
       198         14          0          0          0      29283   stm32f1xx_hal_cortex.o
      1166         52          0          0          0       4794   stm32f1xx_hal_dma.o
       514         42          0          0          0       3075   stm32f1xx_hal_gpio.o
        60          8          0          0          0        986   stm32f1xx_hal_msp.o
      1208         76          0          0          0       4294   stm32f1xx_hal_rcc.o
      2094         98          0          0          0      17352   stm32f1xx_hal_tim.o
       208         20          0          0          0       2284   stm32f1xx_hal_tim_ex.o
       128         54          0          0          0       8934   stm32f1xx_it.o
         2          0         16          4          0       1287   system_stm32f1xx.o
      1380        104          0          0        764       6440   tim.o
      2402        102          0         16      42176      30430   ws2812.o

    ----------------------------------------------------------------------
     15416        776        354         60      44656    1042937   Object Totals
         0          0         32          0          0          0   (incl. Generated)
        28          0          2          2          3          0   (incl. Padding)

    ----------------------------------------------------------------------

      Code (inc. data)   RO Data    RW Data    ZI Data      Debug   Library Member Name

         8          0          0          0          0         68   __main.o
         0          0          0          0          0          0   __rtentry.o
        12          0          0          0          0          0   __rtentry2.o
         6          0          0          0          0          0   __rtentry4.o
        52          8          0          0          0          0   __scatter.o
        26          0          0          0          0          0   __scatter_copy.o
        28          0          0          0          0          0   __scatter_zi.o
        18          0          0          0          0         80   exit.o
         6          0          0          0          0        152   heapauxi.o
         0          0          0          0          0          0   indicate_semi.o
         2          0          0          0          0          0   libinit.o
         2          0          0          0          0          0   libinit2.o
         2          0          0          0          0          0   libshutdown.o
         2          0          0          0          0          0   libshutdown2.o
         8          4          0          0         96         68   libspace.o
        78          0          0          0          0         80   rt_memclr_w.o
         2          0          0          0          0          0   rtexit.o
        10          0          0          0          0          0   rtexit2.o
        12          4          0          0          0         68   sys_exit.o
        74          0          0          0          0         80   sys_stackheap_outer.o
         2          0          0          0          0         68   use_no_semi.o

    ----------------------------------------------------------------------
       354         16          0          0        100        664   Library Totals
         4          0          0          0          4          0   (incl. Padding)

    ----------------------------------------------------------------------

      Code (inc. data)   RO Data    RW Data    ZI Data      Debug   Library Name

       350         16          0          0         96        664   c_w.l

    ----------------------------------------------------------------------
       354         16          0          0        100        664   Library Totals

    ----------------------------------------------------------------------

==============================================================================


      Code (inc. data)   RO Data    RW Data    ZI Data      Debug   

     15770        792        354         60      44756    1036317   Grand Totals
     15770        792        354         60      44756    1036317   ELF Image Totals
     15770        792        354         60          0          0   ROM Totals

==============================================================================

    Total RO  Size (Code + RO Data)                16124 (  15.75kB)
    Total RW  Size (RW Data + ZI Data)             44816 (  43.77kB)
    Total ROM Size (Code + RO Data + RW Data)      16184 (  15.80kB)

==============================================================================

