Component: ARM Compiler 5.06 update 7 (build 960) Tool: armlink [4d3601]

==============================================================================

Section Cross References

    startup_stm32f407xx.o(STACK) refers (Special) to heapauxi.o(.text) for __use_two_region_memory
    startup_stm32f407xx.o(HEAP) refers (Special) to heapauxi.o(.text) for __use_two_region_memory
    startup_stm32f407xx.o(RESET) refers (Special) to heapauxi.o(.text) for __use_two_region_memory
    startup_stm32f407xx.o(RESET) refers to startup_stm32f407xx.o(STACK) for __initial_sp
    startup_stm32f407xx.o(RESET) refers to startup_stm32f407xx.o(.text) for Reset_Handler
    startup_stm32f407xx.o(RESET) refers to stm32f4xx_it.o(i.NMI_Handler) for NMI_Handler
    startup_stm32f407xx.o(RESET) refers to stm32f4xx_it.o(i.HardFault_Handler) for HardFault_Handler
    startup_stm32f407xx.o(RESET) refers to stm32f4xx_it.o(i.MemManage_Handler) for MemManage_Handler
    startup_stm32f407xx.o(RESET) refers to stm32f4xx_it.o(i.BusFault_Handler) for BusFault_Handler
    startup_stm32f407xx.o(RESET) refers to stm32f4xx_it.o(i.UsageFault_Handler) for UsageFault_Handler
    startup_stm32f407xx.o(RESET) refers to stm32f4xx_it.o(i.SVC_Handler) for SVC_Handler
    startup_stm32f407xx.o(RESET) refers to stm32f4xx_it.o(i.DebugMon_Handler) for DebugMon_Handler
    startup_stm32f407xx.o(RESET) refers to stm32f4xx_it.o(i.PendSV_Handler) for PendSV_Handler
    startup_stm32f407xx.o(RESET) refers to stm32f4xx_it.o(i.SysTick_Handler) for SysTick_Handler
    startup_stm32f407xx.o(RESET) refers to stm32f4xx_it.o(i.DMA1_Stream5_IRQHandler) for DMA1_Stream5_IRQHandler
    startup_stm32f407xx.o(RESET) refers to stm32f4xx_it.o(i.DMA1_Stream6_IRQHandler) for DMA1_Stream6_IRQHandler
    startup_stm32f407xx.o(RESET) refers to stm32f4xx_it.o(i.CAN1_RX0_IRQHandler) for CAN1_RX0_IRQHandler
    startup_stm32f407xx.o(RESET) refers to stm32f4xx_it.o(i.USART2_IRQHandler) for USART2_IRQHandler
    startup_stm32f407xx.o(RESET) refers to stm32f4xx_it.o(i.DMA2_Stream1_IRQHandler) for DMA2_Stream1_IRQHandler
    startup_stm32f407xx.o(RESET) refers to stm32f4xx_it.o(i.CAN2_RX0_IRQHandler) for CAN2_RX0_IRQHandler
    startup_stm32f407xx.o(.text) refers (Special) to heapauxi.o(.text) for __use_two_region_memory
    startup_stm32f407xx.o(.text) refers to system_stm32f4xx.o(i.SystemInit) for SystemInit
    startup_stm32f407xx.o(.text) refers to __main.o(!!!main) for __main
    startup_stm32f407xx.o(.text) refers to startup_stm32f407xx.o(HEAP) for Heap_Mem
    startup_stm32f407xx.o(.text) refers to startup_stm32f407xx.o(STACK) for Stack_Mem
    main.o(i.SystemClock_Config) refers to rt_memclr_w.o(.text) for __aeabi_memclr4
    main.o(i.SystemClock_Config) refers to stm32f4xx_hal_rcc.o(i.HAL_RCC_OscConfig) for HAL_RCC_OscConfig
    main.o(i.SystemClock_Config) refers to stm32f4xx_hal_rcc.o(i.HAL_RCC_ClockConfig) for HAL_RCC_ClockConfig
    main.o(i.main) refers to stm32f4xx_hal.o(i.HAL_Init) for HAL_Init
    main.o(i.main) refers to main.o(i.SystemClock_Config) for SystemClock_Config
    main.o(i.main) refers to gpio.o(i.MX_GPIO_Init) for MX_GPIO_Init
    main.o(i.main) refers to dma.o(i.MX_DMA_Init) for MX_DMA_Init
    main.o(i.main) refers to can.o(i.MX_CAN1_Init) for MX_CAN1_Init
    main.o(i.main) refers to can.o(i.MX_CAN2_Init) for MX_CAN2_Init
    main.o(i.main) refers to usart.o(i.MX_USART2_UART_Init) for MX_USART2_UART_Init
    main.o(i.main) refers to tim.o(i.MX_TIM1_Init) for MX_TIM1_Init
    main.o(i.main) refers to can_receive.o(i.CAN1_Init) for CAN1_Init
    main.o(i.main) refers to can_receive.o(i.CAN2_Init) for CAN2_Init
    main.o(i.main) refers to uart_drv.o(i.USART2_Init) for USART2_Init
    main.o(i.main) refers to rc.o(i.Init_Rc) for Init_Rc
    main.o(i.main) refers to ws2812.o(i.WS_CloseAll_R) for WS_CloseAll_R
    main.o(i.main) refers to ws2812.o(i.WS_Write_R) for WS_Write_R
    main.o(i.main) refers to flag_state.o(i.Board_Order_info_Init) for Board_Order_info_Init
    main.o(i.main) refers to flag_state.o(i.Big_Fu_info_Init) for Big_Fu_info_Init
    main.o(i.main) refers to main.o(i.rand_num) for rand_num
    main.o(i.main) refers to rand.o(.emb_text) for rand
    main.o(i.main) refers to motor.o(i.PID_struct_init) for PID_struct_init
    main.o(i.main) refers to rc.o(i.rc_sensor_heart_beat) for rc_sensor_heart_beat
    main.o(i.main) refers to can_protocal.o(i.Board_Info_Tx) for Board_Info_Tx
    main.o(i.main) refers to stm32f4xx_hal.o(i.HAL_GetTick) for HAL_GetTick
    main.o(i.main) refers to rc.o(i.RC_ResetData) for RC_ResetData
    main.o(i.main) refers to motor.o(i.CAN_cmd_motor) for CAN_cmd_motor
    main.o(i.main) refers to stm32f4xx_hal_tim.o(i.HAL_TIM_PWM_Stop_DMA) for HAL_TIM_PWM_Stop_DMA
    main.o(i.main) refers to f2d.o(x$fpl$f2d) for __aeabi_f2d
    main.o(i.main) refers to sin.o(i.__hardfp_sin) for __hardfp_sin
    main.o(i.main) refers to d2f.o(x$fpl$d2f) for __aeabi_d2f
    main.o(i.main) refers to motor.o(i.pid_calc) for pid_calc
[...]
    i.UART_Receive_IT                        0x080031f8   Section        0  stm32f4xx_hal_uart.o(i.UART_Receive_IT)
    UART_Receive_IT                          0x080031f9   Thumb Code   192  stm32f4xx_hal_uart.o(i.UART_Receive_IT)
    i.UART_SetConfig                         0x080032b8   Section        0  stm32f4xx_hal_uart.o(i.UART_SetConfig)
    UART_SetConfig                           0x080032b9   Thumb Code   258  stm32f4xx_hal_uart.o(i.UART_SetConfig)
    i.USART2_IRQHandler                      0x080033c4   Section        0  stm32f4xx_it.o(i.USART2_IRQHandler)
    i.USART2_Init                            0x080033dc   Section        0  uart_drv.o(i.USART2_Init)
    i.USART2_rxDataHandler                   0x08003418   Section        0  usart_potocal.o(i.USART2_rxDataHandler)
    i.UsageFault_Handler                     0x0800341c   Section        0  stm32f4xx_it.o(i.UsageFault_Handler)
    i.WS_CloseAll_R                          0x08003420   Section        0  ws2812.o(i.WS_CloseAll_R)
    i.WS_Load_R                              0x08003454   Section        0  ws2812.o(i.WS_Load_R)
    i.WS_Write_R                             0x0800346c   Section        0  ws2812.o(i.WS_Write_R)
    i.__ARM_fpclassify                       0x08003508   Section        0  fpclassify.o(i.__ARM_fpclassify)
    i.__NVIC_SetPriority                     0x08003538   Section        0  stm32f4xx_hal_cortex.o(i.__NVIC_SetPriority)
    __NVIC_SetPriority                       0x08003539   Thumb Code    32  stm32f4xx_hal_cortex.o(i.__NVIC_SetPriority)
    i.__hardfp_sin                           0x08003558   Section        0  sin.o(i.__hardfp_sin)
    i.__ieee754_rem_pio2                     0x08003620   Section        0  rred.o(i.__ieee754_rem_pio2)
    i.__kernel_cos                           0x08003a58   Section        0  cos_i.o(i.__kernel_cos)
    i.__kernel_poly                          0x08003bc8   Section        0  poly.o(i.__kernel_poly)
    i.__kernel_sin                           0x08003cc0   Section        0  sin_i.o(i.__kernel_sin)
    i.__mathlib_dbl_infnan                   0x08003df0   Section        0  dunder.o(i.__mathlib_dbl_infnan)
    i.__mathlib_dbl_invalid                  0x08003e08   Section        0  dunder.o(i.__mathlib_dbl_invalid)
    i.__mathlib_dbl_underflow                0x08003e28   Section        0  dunder.o(i.__mathlib_dbl_underflow)
    i.abs_limit                              0x08003e48   Section        0  motor.o(i.abs_limit)
    i.dma_m0_rxcplt_callback                 0x08003e74   Section        0  uart_drv.o(i.dma_m0_rxcplt_callback)
    dma_m0_rxcplt_callback                   0x08003e75   Thumb Code    20  uart_drv.o(i.dma_m0_rxcplt_callback)
    i.dma_m1_rxcplt_callback                 0x08003e8c   Section        0  uart_drv.o(i.dma_m1_rxcplt_callback)
    dma_m1_rxcplt_callback                   0x08003e8d   Thumb Code    20  uart_drv.o(i.dma_m1_rxcplt_callback)
    i.fabs                                   0x08003ea4   Section        0  fabs.o(i.fabs)
    i.get_DAFU_measure                       0x08003ebc   Section        0  can_receive.o(i.get_DAFU_measure)
    i.get_motor_measure                      0x08003ee4   Section        0  motor.o(i.get_motor_measure)
    i.main                                   0x08003f2c   Section        0  main.o(i.main)
    i.pid_calc                               0x08004430   Section        0  motor.o(i.pid_calc)
    i.rand_num                               0x080044a0   Section        0  main.o(i.rand_num)
    i.rc_sensor_check                        0x0800453c   Section        0  rc.o(i.rc_sensor_check)
    rc_sensor_check                          0x0800453d   Thumb Code    84  rc.o(i.rc_sensor_check)
    i.rc_sensor_heart_beat                   0x08004590   Section        0  rc.o(i.rc_sensor_heart_beat)
    i.rc_sensor_init                         0x080045b8   Section        0  rc.o(i.rc_sensor_init)
    i.rc_sensor_update                       0x080045de   Section        0  rc.o(i.rc_sensor_update)
    i.uart_rx_idle_callback                  0x08004694   Section        0  uart_drv.o(i.uart_rx_idle_callback)
    uart_rx_idle_callback                    0x08004695   Thumb Code    76  uart_drv.o(i.uart_rx_idle_callback)
    x$fpl$basic                              0x080046e4   Section       24  basic.o(x$fpl$basic)
    $v0                                      0x080046e4   Number         0  basic.o(x$fpl$basic)
    x$fpl$d2f                                0x080046fc   Section       98  d2f.o(x$fpl$d2f)
    $v0                                      0x080046fc   Number         0  d2f.o(x$fpl$d2f)
    x$fpl$dadd                               0x08004760   Section      336  daddsub_clz.o(x$fpl$dadd)
    $v0                                      0x08004760   Number         0  daddsub_clz.o(x$fpl$dadd)
    _dadd1                                   0x08004771   Thumb Code     0  daddsub_clz.o(x$fpl$dadd)
    x$fpl$ddiv                               0x080048b0   Section      688  ddiv.o(x$fpl$ddiv)
    $v0                                      0x080048b0   Number         0  ddiv.o(x$fpl$ddiv)
    ddiv_entry                               0x080048b7   Thumb Code     0  ddiv.o(x$fpl$ddiv)
    x$fpl$dfix                               0x08004b60   Section       94  dfix.o(x$fpl$dfix)
    $v0                                      0x08004b60   Number         0  dfix.o(x$fpl$dfix)
    x$fpl$dflt                               0x08004bbe   Section       46  dflt_clz.o(x$fpl$dflt)
    $v0                                      0x08004bbe   Number         0  dflt_clz.o(x$fpl$dflt)
    x$fpl$dfltu                              0x08004bec   Section       38  dflt_clz.o(x$fpl$dfltu)
    $v0                                      0x08004bec   Number         0  dflt_clz.o(x$fpl$dfltu)
    x$fpl$dmul                               0x08004c14   Section      340  dmul.o(x$fpl$dmul)
    $v0                                      0x08004c14   Number         0  dmul.o(x$fpl$dmul)
    x$fpl$dnaninf                            0x08004d68   Section      156  dnaninf.o(x$fpl$dnaninf)
    $v0                                      0x08004d68   Number         0  dnaninf.o(x$fpl$dnaninf)
    x$fpl$dretinf                            0x08004e04   Section       12  dretinf.o(x$fpl$dretinf)
    $v0                                      0x08004e04   Number         0  dretinf.o(x$fpl$dretinf)
    x$fpl$drsb                               0x08004e10   Section       22  daddsub_clz.o(x$fpl$drsb)
    $v0                                      0x08004e10   Number         0  daddsub_clz.o(x$fpl$drsb)
    x$fpl$dsub                               0x08004e28   Section      468  daddsub_clz.o(x$fpl$dsub)
    $v0                                      0x08004e28   Number         0  daddsub_clz.o(x$fpl$dsub)
    _dsub1                                   0x08004e39   Thumb Code     0  daddsub_clz.o(x$fpl$dsub)
    x$fpl$f2d                                0x08004ffc   Section       86  f2d.o(x$fpl$f2d)
    $v0                                      0x08004ffc   Number         0  f2d.o(x$fpl$f2d)
    x$fpl$fnaninf                            0x08005052   Section      140  fnaninf.o(x$fpl$fnaninf)
    $v0                                      0x08005052   Number         0  fnaninf.o(x$fpl$fnaninf)
    x$fpl$fpinit                             0x080050de   Section       10  fpinit.o(x$fpl$fpinit)
    $v0                                      0x080050de   Number         0  fpinit.o(x$fpl$fpinit)
    x$fpl$fretinf                            0x080050e8   Section       10  fretinf.o(x$fpl$fretinf)
    $v0                                      0x080050e8   Number         0  fretinf.o(x$fpl$fretinf)
    .constdata                               0x080050f2   Section        8  stm32f4xx_hal_dma.o(.constdata)
    x$fpl$usenofp                            0x080050f2   Section        0  usenofp.o(x$fpl$usenofp)
    flagBitshiftOffset                       0x080050f2   Data           8  stm32f4xx_hal_dma.o(.constdata)
    .constdata                               0x080050fa   Section       16  system_stm32f4xx.o(.constdata)
    .constdata                               0x0800510a   Section        8  system_stm32f4xx.o(.constdata)
    .constdata                               0x08005118   Section       48  cos_i.o(.constdata)
    C                                        0x08005118   Data          48  cos_i.o(.constdata)
    .constdata                               0x08005148   Section      200  rred.o(.constdata)
    pio2s                                    0x08005148   Data          48  rred.o(.constdata)
    twooverpi                                0x08005178   Data         152  rred.o(.constdata)
    .constdata                               0x08005210   Section       40  sin_i.o(.constdata)
    S                                        0x08005210   Data          40  sin_i.o(.constdata)
    .data                                    0x20000000   Section       48  main.o(.data)
    .data                                    0x20000030   Section        4  can.o(.data)
    HAL_RCC_CAN1_CLK_ENABLED                 0x20000030   Data           4  can.o(.data)
    .data                                    0x20000034   Section        8  stm32f4xx_it.o(.data)
    .data                                    0x2000003c   Section       12  stm32f4xx_hal.o(.data)
    .data                                    0x20000048   Section        4  system_stm32f4xx.o(.data)
    .data                                    0x2000004c   Section        8  motor.o(.data)
    motor_can_send_data                      0x2000004c   Data           8  motor.o(.data)
    .data                                    0x20000054   Section       28  rc.o(.data)
    .data                                    0x20000070   Section        8  rc.o(.data)
    .data                                    0x20000078   Section       32  rc.o(.data)
    .data                                    0x20000098   Section       10  can_protocal.o(.data)
    .data                                    0x200000a2   Section       23  can_receive.o(.data)
    .data                                    0x200000b9   Section        3  can_receive.o(.data)
    .bss                                     0x200000bc   Section       80  can.o(.bss)
    .bss                                     0x2000010c   Section      168  tim.o(.bss)
    .bss                                     0x200001b4   Section      260  usart.o(.bss)
    .bss                                     0x200002b8   Section      144  motor.o(.bss)
    .bss                                     0x20000348   Section       88  motor.o(.bss)
    motor_tx_message                         0x20000388   Data          24  motor.o(.bss)
    .bss                                     0x200003a0   Section     3520  ws2812.o(.bss)
    .bss                                     0x20001160   Section       48  uart_drv.o(.bss)
    .bss                                     0x20001190   Section       96  can_receive.o(.bss)
    .bss                                     0x200011f0   Section       35  can_receive.o(.bss)
    .bss                                     0x20001214   Section      228  rand.o(.bss)
    .bss                                     0x200012f8   Section       96  libspace.o(.bss)
    HEAP                                     0x20001358   Section      512  startup_stm32f407xx.o(HEAP)
    Heap_Mem                                 0x20001358   Data         512  startup_stm32f407xx.o(HEAP)
    STACK                                    0x20001558   Section     1024  startup_stm32f407xx.o(STACK)
    Stack_Mem                                0x20001558   Data        1024  startup_stm32f407xx.o(STACK)
    __initial_sp                             0x20001958   Data           0  startup_stm32f407xx.o(STACK)

    Global Symbols

    Symbol Name                              Value     Ov Type        Size  Object(Section)

    BuildAttributes$$THM_ISAv4$E$P$D$K$B$S$7EM$VFPi3$EXTD16$VFPS$VFMA$PE$A:L22UL41UL21$X:L11$S22US41US21$IEEE1$IW$USESV6$~STKCKD$USESV7$~SHL$OTIME$ROPI$IEEEX$EBA8$UX$STANDARDLIB$REQ8$PRES8$EABIv2 0x00000000   Number         0  anon$$obj.o ABSOLUTE
    __ARM_use_no_argv                        0x00000000   Number         0  main.o ABSOLUTE
    __ARM_exceptions_init                     - Undefined Weak Reference
    __alloca_initialize                       - Undefined Weak Reference
    __arm_fini_                               - Undefined Weak Reference
    __arm_preinit_                            - Undefined Weak Reference
    __cpp_initialize__aeabi_                  - Undefined Weak Reference
    __cxa_finalize                            - Undefined Weak Reference
    __rt_locale                               - Undefined Weak Reference
    __sigvec_lookup                           - Undefined Weak Reference
    _atexit_init                              - Undefined Weak Reference
    _call_atexit_fns                          - Undefined Weak Reference
    _clock_init                               - Undefined Weak Reference
    _fp_trap_init                             - Undefined Weak Reference
    _fp_trap_shutdown                         - Undefined Weak Reference
    _get_lc_collate                           - Undefined Weak Reference
    _get_lc_ctype                             - Undefined Weak Reference
    _get_lc_monetary                          - Undefined Weak Reference
    _get_lc_numeric                           - Undefined Weak Reference
    _get_lc_time                              - Undefined Weak Reference
    _getenv_init                              - Undefined Weak Reference
    _handle_redirection                       - Undefined Weak Reference
    _init_alloc                               - Undefined Weak Reference
    _init_user_alloc                          - Undefined Weak Reference
    _initio                                   - Undefined Weak Reference
    _signal_finish                            - Undefined Weak Reference
    _signal_init                              - Undefined Weak Reference
    _terminate_alloc                          - Undefined Weak Reference
    _terminate_user_alloc                     - Undefined Weak Reference
    _terminateio                              - Undefined Weak Reference
    __Vectors_Size                           0x00000188   Number         0  startup_stm32f407xx.o ABSOLUTE
    __Vectors                                0x08000000   Data           4  startup_stm32f407xx.o(RESET)
    __Vectors_End                            0x08000188   Data           0  startup_stm32f407xx.o(RESET)
    __main                                   0x08000189   Thumb Code     8  __main.o(!!!main)
    __scatterload                            0x08000191   Thumb Code     0  __scatter.o(!!!scatter)
    __scatterload_rt2                        0x08000191   Thumb Code    44  __scatter.o(!!!scatter)
    __scatterload_rt2_thumb_only             0x08000191   Thumb Code     0  __scatter.o(!!!scatter)
    __scatterload_null                       0x0800019f   Thumb Code     0  __scatter.o(!!!scatter)
    __scatterload_copy                       0x080001c5   Thumb Code    26  __scatter_copy.o(!!handler_copy)
    __scatterload_zeroinit                   0x080001e1   Thumb Code    28  __scatter_zi.o(!!handler_zi)
    __rt_lib_init                            0x080001fd   Thumb Code     0  libinit.o(.ARM.Collect$$libinit$$00000000)
    __rt_lib_init_fp_1                       0x080001ff   Thumb Code     0  libinit2.o(.ARM.Collect$$libinit$$00000001)
    __rt_lib_init_heap_1                     0x08000203   Thumb Code     0  libinit2.o(.ARM.Collect$$libinit$$0000000A)
    __rt_lib_init_preinit_1                  0x08000203   Thumb Code     0  libinit2.o(.ARM.Collect$$libinit$$00000004)
    __rt_lib_init_rand_2                     0x08000203   Thumb Code     0  libinit2.o(.ARM.Collect$$libinit$$0000000D)
    __rt_lib_init_user_alloc_1               0x08000203   Thumb Code     0  libinit2.o(.ARM.Collect$$libinit$$0000000C)
    __rt_lib_init_alloca_1                   0x08000207   Thumb Code     0  libinit2.o(.ARM.Collect$$libinit$$0000002E)
    __rt_lib_init_argv_1                     0x08000207   Thumb Code     0  libinit2.o(.ARM.Collect$$libinit$$0000002C)
    __rt_lib_init_atexit_1                   0x08000207   Thumb Code     0  libinit2.o(.ARM.Collect$$libinit$$0000001B)
    __rt_lib_init_clock_1                    0x08000207   Thumb Code     0  libinit2.o(.ARM.Collect$$libinit$$00000021)
    __rt_lib_init_cpp_1                      0x08000207   Thumb Code     0  libinit2.o(.ARM.Collect$$libinit$$00000032)
    __rt_lib_init_exceptions_1               0x08000207   Thumb Code     0  libinit2.o(.ARM.Collect$$libinit$$00000030)
    __rt_lib_init_fp_trap_1                  0x08000207   Thumb Code     0  libinit2.o(.ARM.Collect$$libinit$$0000001F)
    __rt_lib_init_getenv_1                   0x08000207   Thumb Code     0  libinit2.o(.ARM.Collect$$libinit$$00000023)
    __rt_lib_init_lc_collate_1               0x08000207   Thumb Code     0  libinit2.o(.ARM.Collect$$libinit$$00000011)
    __rt_lib_init_lc_ctype_1                 0x08000207   Thumb Code     0  libinit2.o(.ARM.Collect$$libinit$$00000013)
    __rt_lib_init_lc_monetary_1              0x08000207   Thumb Code     0  libinit2.o(.ARM.Collect$$libinit$$00000015)
    __rt_lib_init_lc_numeric_1               0x08000207   Thumb Code     0  libinit2.o(.ARM.Collect$$libinit$$00000017)
    __rt_lib_init_lc_time_1                  0x08000207   Thumb Code     0  libinit2.o(.ARM.Collect$$libinit$$00000019)
    __rt_lib_init_rand_1                     0x08000207   Thumb Code     0  libinit2.o(.ARM.Collect$$libinit$$0000000E)
    __rt_lib_init_return                     0x08000207   Thumb Code     0  libinit2.o(.ARM.Collect$$libinit$$00000033)
    __rt_lib_init_signal_1                   0x08000207   Thumb Code     0  libinit2.o(.ARM.Collect$$libinit$$0000001D)
    __rt_lib_init_stdio_1                    0x08000207   Thumb Code     0  libinit2.o(.ARM.Collect$$libinit$$00000025)
    __rt_lib_shutdown                        0x08000209   Thumb Code     0  libshutdown.o(.ARM.Collect$$libshutdown$$00000000)
    __rt_lib_shutdown_cpp_1                  0x0800020b   Thumb Code     0  libshutdown2.o(.ARM.Collect$$libshutdown$$00000004)
    __rt_lib_shutdown_fini_1                 0x0800020b   Thumb Code     0  libshutdown2.o(.ARM.Collect$$libshutdown$$00000002)
    __rt_lib_shutdown_fp_trap_1              0x0800020b   Thumb Code     0  libshutdown2.o(.ARM.Collect$$libshutdown$$00000009)
    __rt_lib_shutdown_heap_1                 0x0800020b   Thumb Code     0  libshutdown2.o(.ARM.Collect$$libshutdown$$00000011)
    __rt_lib_shutdown_return                 0x0800020b   Thumb Code     0  libshutdown2.o(.ARM.Collect$$libshutdown$$00000012)
    __rt_lib_shutdown_signal_1               0x0800020b   Thumb Code     0  libshutdown2.o(.ARM.Collect$$libshutdown$$0000000C)
    __rt_lib_shutdown_stdio_1                0x0800020b   Thumb Code     0  libshutdown2.o(.ARM.Collect$$libshutdown$$00000006)
    __rt_lib_shutdown_user_alloc_1           0x0800020b   Thumb Code     0  libshutdown2.o(.ARM.Collect$$libshutdown$$0000000E)
    __rt_entry                               0x0800020d   Thumb Code     0  __rtentry.o(.ARM.Collect$$rtentry$$00000000)
    __rt_entry_presh_1                       0x0800020d   Thumb Code     0  __rtentry2.o(.ARM.Collect$$rtentry$$00000002)
    __rt_entry_sh                            0x0800020d   Thumb Code     0  __rtentry4.o(.ARM.Collect$$rtentry$$00000004)
    __rt_entry_li                            0x08000213   Thumb Code     0  __rtentry2.o(.ARM.Collect$$rtentry$$0000000A)
    __rt_entry_postsh_1                      0x08000213   Thumb Code     0  __rtentry2.o(.ARM.Collect$$rtentry$$00000009)
    __rt_entry_main                          0x08000217   Thumb Code     0  __rtentry2.o(.ARM.Collect$$rtentry$$0000000D)
    __rt_entry_postli_1                      0x08000217   Thumb Code     0  __rtentry2.o(.ARM.Collect$$rtentry$$0000000C)
    __rt_exit                                0x0800021f   Thumb Code     0  rtexit.o(.ARM.Collect$$rtexit$$00000000)
    __rt_exit_ls                             0x08000221   Thumb Code     0  rtexit2.o(.ARM.Collect$$rtexit$$00000003)
    __rt_exit_prels_1                        0x08000221   Thumb Code     0  rtexit2.o(.ARM.Collect$$rtexit$$00000002)
    __rt_exit_exit                           0x08000225   Thumb Code     0  rtexit2.o(.ARM.Collect$$rtexit$$00000004)
    rand                                     0x0800022d   Thumb Code    48  rand.o(.emb_text)
    Reset_Handler                            0x08000261   Thumb Code     8  startup_stm32f407xx.o(.text)
    ADC_IRQHandler                           0x0800027b   Thumb Code     0  startup_stm32f407xx.o(.text)
    CAN1_RX1_IRQHandler                      0x0800027b   Thumb Code     0  startup_stm32f407xx.o(.text)
    CAN1_SCE_IRQHandler                      0x0800027b   Thumb Code     0  startup_stm32f407xx.o(.text)
    CAN1_TX_IRQHandler                       0x0800027b   Thumb Code     0  startup_stm32f407xx.o(.text)
    CAN2_RX1_IRQHandler                      0x0800027b   Thumb Code     0  startup_stm32f407xx.o(.text)
    CAN2_SCE_IRQHandler                      0x0800027b   Thumb Code     0  startup_stm32f407xx.o(.text)
    CAN2_TX_IRQHandler                       0x0800027b   Thumb Code     0  startup_stm32f407xx.o(.text)
    DCMI_IRQHandler                          0x0800027b   Thumb Code     0  startup_stm32f407xx.o(.text)
    DMA1_Stream0_IRQHandler                  0x0800027b   Thumb Code     0  startup_stm32f407xx.o(.text)
    DMA1_Stream1_IRQHandler                  0x0800027b   Thumb Code     0  startup_stm32f407xx.o(.text)
    DMA1_Stream2_IRQHandler                  0x0800027b   Thumb Code     0  startup_stm32f407xx.o(.text)
    DMA1_Stream3_IRQHandler                  0x0800027b   Thumb Code     0  startup_stm32f407xx.o(.text)
    DMA1_Stream4_IRQHandler                  0x0800027b   Thumb Code     0  startup_stm32f407xx.o(.text)
    DMA1_Stream7_IRQHandler                  0x0800027b   Thumb Code     0  startup_stm32f407xx.o(.text)
    DMA2_Stream0_IRQHandler                  0x0800027b   Thumb Code     0  startup_stm32f407xx.o(.text)
    DMA2_Stream2_IRQHandler                  0x0800027b   Thumb Code     0  startup_stm32f407xx.o(.text)
    DMA2_Stream3_IRQHandler                  0x0800027b   Thumb Code     0  startup_stm32f407xx.o(.text)
    DMA2_Stream4_IRQHandler                  0x0800027b   Thumb Code     0  startup_stm32f407xx.o(.text)
    DMA2_Stream5_IRQHandler                  0x0800027b   Thumb Code     0  startup_stm32f407xx.o(.text)
    DMA2_Stream6_IRQHandler                  0x0800027b   Thumb Code     0  startup_stm32f407xx.o(.text)
    DMA2_Stream7_IRQHandler                  0x0800027b   Thumb Code     0  startup_stm32f407xx.o(.text)
    ETH_IRQHandler                           0x0800027b   Thumb Code     0  startup_stm32f407xx.o(.text)
    ETH_WKUP_IRQHandler                      0x0800027b   Thumb Code     0  startup_stm32f407xx.o(.text)
    EXTI0_IRQHandler                         0x0800027b   Thumb Code     0  startup_stm32f407xx.o(.text)
    EXTI15_10_IRQHandler                     0x0800027b   Thumb Code     0  startup_stm32f407xx.o(.text)
    EXTI1_IRQHandler                         0x0800027b   Thumb Code     0  startup_stm32f407xx.o(.text)
    EXTI2_IRQHandler                         0x0800027b   Thumb Code     0  startup_stm32f407xx.o(.text)
    EXTI3_IRQHandler                         0x0800027b   Thumb Code     0  startup_stm32f407xx.o(.text)
    EXTI4_IRQHandler                         0x0800027b   Thumb Code     0  startup_stm32f407xx.o(.text)
    EXTI9_5_IRQHandler                       0x0800027b   Thumb Code     0  startup_stm32f407xx.o(.text)
    FLASH_IRQHandler                         0x0800027b   Thumb Code     0  startup_stm32f407xx.o(.text)
    FMC_IRQHandler                           0x0800027b   Thumb Code     0  startup_stm32f407xx.o(.text)
    FPU_IRQHandler                           0x0800027b   Thumb Code     0  startup_stm32f407xx.o(.text)
    HASH_RNG_IRQHandler                      0x0800027b   Thumb Code     0  startup_stm32f407xx.o(.text)
    I2C1_ER_IRQHandler                       0x0800027b   Thumb Code     0  startup_stm32f407xx.o(.text)
    I2C1_EV_IRQHandler                       0x0800027b   Thumb Code     0  startup_stm32f407xx.o(.text)
    I2C2_ER_IRQHandler                       0x0800027b   Thumb Code     0  startup_stm32f407xx.o(.text)
    I2C2_EV_IRQHandler                       0x0800027b   Thumb Code     0  startup_stm32f407xx.o(.text)
    I2C3_ER_IRQHandler                       0x0800027b   Thumb Code     0  startup_stm32f407xx.o(.text)
    I2C3_EV_IRQHandler                       0x0800027b   Thumb Code     0  startup_stm32f407xx.o(.text)
    OTG_FS_IRQHandler                        0x0800027b   Thumb Code     0  startup_stm32f407xx.o(.text)
    OTG_FS_WKUP_IRQHandler                   0x0800027b   Thumb Code     0  startup_stm32f407xx.o(.text)
    OTG_HS_EP1_IN_IRQHandler                 0x0800027b   Thumb Code     0  startup_stm32f407xx.o(.text)
    OTG_HS_EP1_OUT_IRQHandler                0x0800027b   Thumb Code     0  startup_stm32f407xx.o(.text)
    OTG_HS_IRQHandler                        0x0800027b   Thumb Code     0  startup_stm32f407xx.o(.text)
    OTG_HS_WKUP_IRQHandler                   0x0800027b   Thumb Code     0  startup_stm32f407xx.o(.text)
    PVD_IRQHandler                           0x0800027b   Thumb Code     0  startup_stm32f407xx.o(.text)
    RCC_IRQHandler                           0x0800027b   Thumb Code     0  startup_stm32f407xx.o(.text)
    RTC_Alarm_IRQHandler                     0x0800027b   Thumb Code     0  startup_stm32f407xx.o(.text)
    RTC_WKUP_IRQHandler                      0x0800027b   Thumb Code     0  startup_stm32f407xx.o(.text)
    SDIO_IRQHandler                          0x0800027b   Thumb Code     0  startup_stm32f407xx.o(.text)
    SPI1_IRQHandler                          0x0800027b   Thumb Code     0  startup_stm32f407xx.o(.text)
    SPI2_IRQHandler                          0x0800027b   Thumb Code     0  startup_stm32f407xx.o(.text)
    SPI3_IRQHandler                          0x0800027b   Thumb Code     0  startup_stm32f407xx.o(.text)
    TAMP_STAMP_IRQHandler                    0x0800027b   Thumb Code     0  startup_stm32f407xx.o(.text)
    TIM1_BRK_TIM9_IRQHandler                 0x0800027b   Thumb Code     0  startup_stm32f407xx.o(.text)
    TIM1_CC_IRQHandler                       0x0800027b   Thumb Code     0  startup_stm32f407xx.o(.text)
    TIM1_TRG_COM_TIM11_IRQHandler            0x0800027b   Thumb Code     0  startup_stm32f407xx.o(.text)
    TIM1_UP_TIM10_IRQHandler                 0x0800027b   Thumb Code     0  startup_stm32f407xx.o(.text)
    TIM2_IRQHandler                          0x0800027b   Thumb Code     0  startup_stm32f407xx.o(.text)
    TIM3_IRQHandler                          0x0800027b   Thumb Code     0  startup_stm32f407xx.o(.text)
    TIM4_IRQHandler                          0x0800027b   Thumb Code     0  startup_stm32f407xx.o(.text)
    TIM5_IRQHandler                          0x0800027b   Thumb Code     0  startup_stm32f407xx.o(.text)
    TIM6_DAC_IRQHandler                      0x0800027b   Thumb Code     0  startup_stm32f407xx.o(.text)
    TIM7_IRQHandler                          0x0800027b   Thumb Code     0  startup_stm32f407xx.o(.text)
    TIM8_BRK_TIM12_IRQHandler                0x0800027b   Thumb Code     0  startup_stm32f407xx.o(.text)
    TIM8_CC_IRQHandler                       0x0800027b   Thumb Code     0  startup_stm32f407xx.o(.text)
    TIM8_TRG_COM_TIM14_IRQHandler            0x0800027b   Thumb Code     0  startup_stm32f407xx.o(.text)
    TIM8_UP_TIM13_IRQHandler                 0x0800027b   Thumb Code     0  startup_stm32f407xx.o(.text)
    UART4_IRQHandler                         0x0800027b   Thumb Code     0  startup_stm32f407xx.o(.text)
    UART5_IRQHandler                         0x0800027b   Thumb Code     0  startup_stm32f407xx.o(.text)
    USART1_IRQHandler                        0x0800027b   Thumb Code     0  startup_stm32f407xx.o(.text)
    USART3_IRQHandler                        0x0800027b   Thumb Code     0  startup_stm32f407xx.o(.text)
    USART6_IRQHandler                        0x0800027b   Thumb Code     0  startup_stm32f407xx.o(.text)
    WWDG_IRQHandler                          0x0800027b   Thumb Code     0  startup_stm32f407xx.o(.text)
    __user_initial_stackheap                 0x0800027d   Thumb Code     0  startup_stm32f407xx.o(.text)
    __aeabi_uldivmod                         0x080002a1   Thumb Code     0  lludivv7m.o(.text)
    _ll_udiv                                 0x080002a1   Thumb Code   238  lludivv7m.o(.text)
    srand                                    0x08000391   Thumb Code    42  rand.o(.text)
    _rand_init                               0x080003bb   Thumb Code     4  rand.o(.text)
    __aeabi_memclr4                          0x080003cd   Thumb Code     0  rt_memclr_w.o(.text)
    __aeabi_memclr8                          0x080003cd   Thumb Code     0  rt_memclr_w.o(.text)
    __rt_memclr_w                            0x080003cd   Thumb Code    78  rt_memclr_w.o(.text)
    _memset_w                                0x080003d1   Thumb Code     0  rt_memclr_w.o(.text)
    __use_two_region_memory                  0x0800041b   Thumb Code     2  heapauxi.o(.text)
    __rt_heap_escrow$2region                 0x0800041d   Thumb Code     2  heapauxi.o(.text)
    __rt_heap_expand$2region                 0x0800041f   Thumb Code     2  heapauxi.o(.text)
    __read_errno                             0x08000421   Thumb Code    10  _rserrno.o(.text)
    __set_errno                              0x0800042b   Thumb Code    12  _rserrno.o(.text)
    __aeabi_errno_addr                       0x08000439   Thumb Code     8  rt_errno_addr_intlibspace.o(.text)
    __errno$intlibspace                      0x08000439   Thumb Code     0  rt_errno_addr_intlibspace.o(.text)
    __rt_errno_addr$intlibspace              0x08000439   Thumb Code     0  rt_errno_addr_intlibspace.o(.text)
    __user_libspace                          0x08000441   Thumb Code     8  libspace.o(.text)
    __user_perproc_libspace                  0x08000441   Thumb Code     0  libspace.o(.text)
    __user_perthread_libspace                0x08000441   Thumb Code     0  libspace.o(.text)
    __user_setup_stackheap                   0x08000449   Thumb Code    74  sys_stackheap_outer.o(.text)
    exit                                     0x08000493   Thumb Code    18  exit.o(.text)
    _sys_exit                                0x080004a5   Thumb Code     8  sys_exit.o(.text)
    __I$use$semihosting                      0x080004b1   Thumb Code     0  use_no_semi.o(.text)
    __use_no_semihosting_swi                 0x080004b1   Thumb Code     2  use_no_semi.o(.text)
    __semihosting_library_function           0x080004b3   Thumb Code     0  indicate_semi.o(.text)
    BOARD_CAN1_RX                            0x080004b5   Thumb Code    86  can_receive.o(i.BOARD_CAN1_RX)
    Big_Fu_info_Init                         0x08000515   Thumb Code    88  flag_state.o(i.Big_Fu_info_Init)
    Board_Info_Tx                            0x0800056d   Thumb Code   248  can_protocal.o(i.Board_Info_Tx)
    Board_Order_info_Init                    0x0800066d   Thumb Code    70  flag_state.o(i.Board_Order_info_Init)
    Board_Tx                                 0x080006b5   Thumb Code    86  can_send.o(i.Board_Tx)
    BusFault_Handler                         0x08000711   Thumb Code     2  stm32f4xx_it.o(i.BusFault_Handler)
    CAN1_Init                                0x08000715   Thumb Code    36  can_receive.o(i.CAN1_Init)
    CAN1_RX0_IRQHandler                      0x0800073d   Thumb Code     6  stm32f4xx_it.o(i.CAN1_RX0_IRQHandler)
    CAN1_rxDataHandler                       0x08000749   Thumb Code     4  can_protocal.o(i.CAN1_rxDataHandler)
    CAN2_Init                                0x0800074d   Thumb Code    36  can_receive.o(i.CAN2_Init)
    CAN2_RX0_IRQHandler                      0x08000775   Thumb Code     6  stm32f4xx_it.o(i.CAN2_RX0_IRQHandler)
    CAN2_rxDataHandler                       0x08000781   Thumb Code     4  can_protocal.o(i.CAN2_rxDataHandler)
    CAN_cmd_motor                            0x080007f5   Thumb Code    60  motor.o(i.CAN_cmd_motor)
    DMA1_Stream5_IRQHandler                  0x0800083d   Thumb Code     6  stm32f4xx_it.o(i.DMA1_Stream5_IRQHandler)
    DMA1_Stream6_IRQHandler                  0x08000849   Thumb Code     6  stm32f4xx_it.o(i.DMA1_Stream6_IRQHandler)
    DMA2_Stream1_IRQHandler                  0x08000855   Thumb Code     6  stm32f4xx_it.o(i.DMA2_Stream1_IRQHandler)
    DRV_UART_IRQHandler                      0x08000b49   Thumb Code    20  uart_drv.o(i.DRV_UART_IRQHandler)
    DebugMon_Handler                         0x08000b5d   Thumb Code     2  stm32f4xx_it.o(i.DebugMon_Handler)
    Error_Handler                            0x08000b5f   Thumb Code     4  main.o(i.Error_Handler)
    HAL_CAN_ActivateNotification             0x08000b63   Thumb Code    36  stm32f4xx_hal_can.o(i.HAL_CAN_ActivateNotification)
    HAL_CAN_AddTxMessage                     0x08000b87   Thumb Code   220  stm32f4xx_hal_can.o(i.HAL_CAN_AddTxMessage)
    HAL_CAN_ConfigFilter                     0x08000c65   Thumb Code   262  stm32f4xx_hal_can.o(i.HAL_CAN_ConfigFilter)
    HAL_CAN_ErrorCallback                    0x08000d71   Thumb Code     2  stm32f4xx_hal_can.o(i.HAL_CAN_ErrorCallback)
    HAL_CAN_GetRxMessage                     0x08000d73   Thumb Code   232  stm32f4xx_hal_can.o(i.HAL_CAN_GetRxMessage)
    HAL_CAN_IRQHandler                       0x08000e5b   Thumb Code   508  stm32f4xx_hal_can.o(i.HAL_CAN_IRQHandler)
    HAL_CAN_Init                             0x08001057   Thumb Code   282  stm32f4xx_hal_can.o(i.HAL_CAN_Init)
    HAL_CAN_MspInit                          0x08001171   Thumb Code   226  can.o(i.HAL_CAN_MspInit)
    HAL_CAN_RxFifo0FullCallback              0x0800126d   Thumb Code     2  stm32f4xx_hal_can.o(i.HAL_CAN_RxFifo0FullCallback)
    HAL_CAN_RxFifo0MsgPendingCallback        0x08001271   Thumb Code    20  can_receive.o(i.HAL_CAN_RxFifo0MsgPendingCallback)
    HAL_CAN_RxFifo1FullCallback              0x0800128d   Thumb Code     2  stm32f4xx_hal_can.o(i.HAL_CAN_RxFifo1FullCallback)
    HAL_CAN_RxFifo1MsgPendingCallback        0x0800128f   Thumb Code     2  stm32f4xx_hal_can.o(i.HAL_CAN_RxFifo1MsgPendingCallback)
    HAL_CAN_SleepCallback                    0x08001291   Thumb Code     2  stm32f4xx_hal_can.o(i.HAL_CAN_SleepCallback)
    HAL_CAN_Start                            0x08001295   Thumb Code    88  stm32f4xx_hal_can.o(i.HAL_CAN_Start)
    HAL_CAN_TxMailbox0AbortCallback          0x080012ed   Thumb Code     2  stm32f4xx_hal_can.o(i.HAL_CAN_TxMailbox0AbortCallback)
    HAL_CAN_TxMailbox0CompleteCallback       0x080012ef   Thumb Code     2  stm32f4xx_hal_can.o(i.HAL_CAN_TxMailbox0CompleteCallback)
    HAL_CAN_TxMailbox1AbortCallback          0x080012f1   Thumb Code     2  stm32f4xx_hal_can.o(i.HAL_CAN_TxMailbox1AbortCallback)
    HAL_CAN_TxMailbox1CompleteCallback       0x080012f3   Thumb Code     2  stm32f4xx_hal_can.o(i.HAL_CAN_TxMailbox1CompleteCallback)
    HAL_CAN_TxMailbox2AbortCallback          0x080012f5   Thumb Code     2  stm32f4xx_hal_can.o(i.HAL_CAN_TxMailbox2AbortCallback)
    HAL_CAN_TxMailbox2CompleteCallback       0x080012f7   Thumb Code     2  stm32f4xx_hal_can.o(i.HAL_CAN_TxMailbox2CompleteCallback)
    HAL_CAN_WakeUpFromRxMsgCallback          0x080012f9   Thumb Code     2  stm32f4xx_hal_can.o(i.HAL_CAN_WakeUpFromRxMsgCallback)
    HAL_DMA_Abort                            0x080012fb   Thumb Code   146  stm32f4xx_hal_dma.o(i.HAL_DMA_Abort)
    HAL_DMA_Abort_IT                         0x0800138d   Thumb Code    36  stm32f4xx_hal_dma.o(i.HAL_DMA_Abort_IT)
    HAL_DMA_IRQHandler                       0x080013b1   Thumb Code   412  stm32f4xx_hal_dma.o(i.HAL_DMA_IRQHandler)
    HAL_DMA_Init                             0x08001551   Thumb Code   206  stm32f4xx_hal_dma.o(i.HAL_DMA_Init)
    HAL_DMA_Start_IT                         0x08001625   Thumb Code   110  stm32f4xx_hal_dma.o(i.HAL_DMA_Start_IT)
    HAL_Delay                                0x08001695   Thumb Code    32  stm32f4xx_hal.o(i.HAL_Delay)
    HAL_GPIO_Init                            0x080016b9   Thumb Code   450  stm32f4xx_hal_gpio.o(i.HAL_GPIO_Init)
    HAL_GPIO_WritePin                        0x080018a9   Thumb Code    10  stm32f4xx_hal_gpio.o(i.HAL_GPIO_WritePin)
    HAL_GetTick                              0x080018b5   Thumb Code     6  stm32f4xx_hal.o(i.HAL_GetTick)
    HAL_IncTick                              0x080018c1   Thumb Code    12  stm32f4xx_hal.o(i.HAL_IncTick)
    HAL_Init                                 0x080018d1   Thumb Code    48  stm32f4xx_hal.o(i.HAL_Init)
    HAL_InitTick                             0x08001905   Thumb Code    54  stm32f4xx_hal.o(i.HAL_InitTick)
    HAL_MspInit                              0x08001945   Thumb Code    42  stm32f4xx_hal_msp.o(i.HAL_MspInit)
    HAL_NVIC_EnableIRQ                       0x08001975   Thumb Code    26  stm32f4xx_hal_cortex.o(i.HAL_NVIC_EnableIRQ)
    HAL_NVIC_SetPriority                     0x08001991   Thumb Code    60  stm32f4xx_hal_cortex.o(i.HAL_NVIC_SetPriority)
    HAL_NVIC_SetPriorityGrouping             0x080019d1   Thumb Code    26  stm32f4xx_hal_cortex.o(i.HAL_NVIC_SetPriorityGrouping)
    HAL_RCC_ClockConfig                      0x080019f5   Thumb Code   288  stm32f4xx_hal_rcc.o(i.HAL_RCC_ClockConfig)
    HAL_RCC_GetPCLK1Freq                     0x08001b29   Thumb Code    20  stm32f4xx_hal_rcc.o(i.HAL_RCC_GetPCLK1Freq)
    HAL_RCC_GetPCLK2Freq                     0x08001b49   Thumb Code    20  stm32f4xx_hal_rcc.o(i.HAL_RCC_GetPCLK2Freq)
    HAL_RCC_GetSysClockFreq                  0x08001b69   Thumb Code    88  stm32f4xx_hal_rcc.o(i.HAL_RCC_GetSysClockFreq)
    HAL_RCC_OscConfig                        0x08001bcd   Thumb Code   856  stm32f4xx_hal_rcc.o(i.HAL_RCC_OscConfig)
    HAL_SYSTICK_Config                       0x08001f39   Thumb Code    40  stm32f4xx_hal_cortex.o(i.HAL_SYSTICK_Config)
    HAL_TIMEx_ConfigBreakDeadTime            0x08001f61   Thumb Code    84  stm32f4xx_hal_tim_ex.o(i.HAL_TIMEx_ConfigBreakDeadTime)
    HAL_TIMEx_MasterConfigSynchronization    0x08001fb5   Thumb Code   116  stm32f4xx_hal_tim_ex.o(i.HAL_TIMEx_MasterConfigSynchronization)
    HAL_TIM_Base_Init                        0x08002045   Thumb Code    90  stm32f4xx_hal_tim.o(i.HAL_TIM_Base_Init)
    HAL_TIM_Base_MspInit                     0x080020a1   Thumb Code    90  tim.o(i.HAL_TIM_Base_MspInit)
    HAL_TIM_ConfigClockSource                0x0800210d   Thumb Code   220  stm32f4xx_hal_tim.o(i.HAL_TIM_ConfigClockSource)
    HAL_TIM_ErrorCallback                    0x080021e9   Thumb Code     2  stm32f4xx_hal_tim.o(i.HAL_TIM_ErrorCallback)
    HAL_TIM_MspPostInit                      0x080021ed   Thumb Code    72  tim.o(i.HAL_TIM_MspPostInit)
    HAL_TIM_PWM_ConfigChannel                0x08002241   Thumb Code   204  stm32f4xx_hal_tim.o(i.HAL_TIM_PWM_ConfigChannel)
    HAL_TIM_PWM_Init                         0x0800230d   Thumb Code    90  stm32f4xx_hal_tim.o(i.HAL_TIM_PWM_Init)
    HAL_TIM_PWM_MspInit                      0x08002367   Thumb Code     2  stm32f4xx_hal_tim.o(i.HAL_TIM_PWM_MspInit)
    HAL_TIM_PWM_PulseFinishedCallback        0x08002369   Thumb Code     2  stm32f4xx_hal_tim.o(i.HAL_TIM_PWM_PulseFinishedCallback)
    HAL_TIM_PWM_PulseFinishedHalfCpltCallback 0x0800236b   Thumb Code     2  stm32f4xx_hal_tim.o(i.HAL_TIM_PWM_PulseFinishedHalfCpltCallback)
    HAL_TIM_PWM_Start_DMA                    0x0800236d   Thumb Code   404  stm32f4xx_hal_tim.o(i.HAL_TIM_PWM_Start_DMA)
    HAL_TIM_PWM_Stop_DMA                     0x08002529   Thumb Code   196  stm32f4xx_hal_tim.o(i.HAL_TIM_PWM_Stop_DMA)
    HAL_UARTEx_RxEventCallback               0x080025f5   Thumb Code     2  stm32f4xx_hal_uart.o(i.HAL_UARTEx_RxEventCallback)
    HAL_UART_ErrorCallback                   0x080025f7   Thumb Code     2  stm32f4xx_hal_uart.o(i.HAL_UART_ErrorCallback)
    HAL_UART_IRQHandler                      0x080025f9   Thumb Code   610  stm32f4xx_hal_uart.o(i.HAL_UART_IRQHandler)
    HAL_UART_Init                            0x08002861   Thumb Code    98  stm32f4xx_hal_uart.o(i.HAL_UART_Init)
    HAL_UART_MspInit                         0x080028c5   Thumb Code   214  usart.o(i.HAL_UART_MspInit)
    HAL_UART_RxCpltCallback                  0x080029b1   Thumb Code     2  stm32f4xx_hal_uart.o(i.HAL_UART_RxCpltCallback)
    HAL_UART_TxCpltCallback                  0x080029b3   Thumb Code     2  stm32f4xx_hal_uart.o(i.HAL_UART_TxCpltCallback)
    HardFault_Handler                        0x080029b5   Thumb Code     2  stm32f4xx_it.o(i.HardFault_Handler)
    Init_Rc                                  0x080029b9   Thumb Code     6  rc.o(i.Init_Rc)
    MOTOR_CAN2_RX                            0x080029c5   Thumb Code    28  motor.o(i.MOTOR_CAN2_RX)
    MX_CAN1_Init                             0x080029e9   Thumb Code    62  can.o(i.MX_CAN1_Init)
    MX_CAN2_Init                             0x08002a31   Thumb Code    62  can.o(i.MX_CAN2_Init)
    MX_DMA_Init                              0x08002a79   Thumb Code    88  dma.o(i.MX_DMA_Init)
    MX_GPIO_Init                             0x08002ad5   Thumb Code   150  gpio.o(i.MX_GPIO_Init)
    MX_TIM1_Init                             0x08002b75   Thumb Code   192  tim.o(i.MX_TIM1_Init)
    MX_USART2_UART_Init                      0x08002c3d   Thumb Code    46  usart.o(i.MX_USART2_UART_Init)
    MemManage_Handler                        0x08002c79   Thumb Code     2  stm32f4xx_it.o(i.MemManage_Handler)
    NMI_Handler                              0x08002c7b   Thumb Code     2  stm32f4xx_it.o(i.NMI_Handler)
    PID_struct_init                          0x08002c7d   Thumb Code    10  motor.o(i.PID_struct_init)
    PendSV_Handler                           0x08002c87   Thumb Code     2  stm32f4xx_it.o(i.PendSV_Handler)
    RC_ResetData                             0x08002c89   Thumb Code    66  rc.o(i.RC_ResetData)
    Rc_Data                                  0x08002cd1   Thumb Code    26  rc.o(i.Rc_Data)
    SVC_Handler                              0x08002cf1   Thumb Code     2  stm32f4xx_it.o(i.SVC_Handler)
    SysTick_Handler                          0x08002cf5   Thumb Code    56  stm32f4xx_it.o(i.SysTick_Handler)
    SystemClock_Config                       0x08002d39   Thumb Code   142  main.o(i.SystemClock_Config)
    SystemInit                               0x08002dd1   Thumb Code    12  system_stm32f4xx.o(i.SystemInit)
    TIM_Base_SetConfig                       0x08002de1   Thumb Code   156  stm32f4xx_hal_tim.o(i.TIM_Base_SetConfig)
    TIM_CCxChannelCmd                        0x08002ea9   Thumb Code    26  stm32f4xx_hal_tim.o(i.TIM_CCxChannelCmd)
    TIM_DMADelayPulseHalfCplt                0x08002f21   Thumb Code    56  stm32f4xx_hal_tim.o(i.TIM_DMADelayPulseHalfCplt)
    TIM_DMAError                             0x08002f59   Thumb Code    84  stm32f4xx_hal_tim.o(i.TIM_DMAError)
    TIM_ETR_SetConfig                        0x08002fad   Thumb Code    20  stm32f4xx_hal_tim.o(i.TIM_ETR_SetConfig)
    TIM_OC2_SetConfig                        0x08003031   Thumb Code    98  stm32f4xx_hal_tim.o(i.TIM_OC2_SetConfig)
    USART2_IRQHandler                        0x080033c5   Thumb Code    18  stm32f4xx_it.o(i.USART2_IRQHandler)
    USART2_Init                              0x080033dd   Thumb Code    52  uart_drv.o(i.USART2_Init)
    USART2_rxDataHandler                     0x08003419   Thumb Code     4  usart_potocal.o(i.USART2_rxDataHandler)
    UsageFault_Handler                       0x0800341d   Thumb Code     2  stm32f4xx_it.o(i.UsageFault_Handler)
    WS_CloseAll_R                            0x08003421   Thumb Code    48  ws2812.o(i.WS_CloseAll_R)
    WS_Load_R                                0x08003455   Thumb Code    14  ws2812.o(i.WS_Load_R)
    WS_Write_R                               0x0800346d   Thumb Code   150  ws2812.o(i.WS_Write_R)
    __ARM_fpclassify                         0x08003509   Thumb Code    48  fpclassify.o(i.__ARM_fpclassify)
    __hardfp_sin                             0x08003559   Thumb Code   180  sin.o(i.__hardfp_sin)
    __ieee754_rem_pio2                       0x08003621   Thumb Code   938  rred.o(i.__ieee754_rem_pio2)
    __kernel_cos                             0x08003a59   Thumb Code   322  cos_i.o(i.__kernel_cos)
    __kernel_poly                            0x08003bc9   Thumb Code   248  poly.o(i.__kernel_poly)
    __kernel_sin                             0x08003cc1   Thumb Code   280  sin_i.o(i.__kernel_sin)
    __mathlib_dbl_infnan                     0x08003df1   Thumb Code    20  dunder.o(i.__mathlib_dbl_infnan)
    __mathlib_dbl_invalid                    0x08003e09   Thumb Code    24  dunder.o(i.__mathlib_dbl_invalid)
    __mathlib_dbl_underflow                  0x08003e29   Thumb Code    24  dunder.o(i.__mathlib_dbl_underflow)
    abs_limit                                0x08003e49   Thumb Code    42  motor.o(i.abs_limit)
    fabs                                     0x08003ea5   Thumb Code    24  fabs.o(i.fabs)
    get_DAFU_measure                         0x08003ebd   Thumb Code    36  can_receive.o(i.get_DAFU_measure)
    get_motor_measure                        0x08003ee5   Thumb Code    68  motor.o(i.get_motor_measure)
    main                                     0x08003f2d   Thumb Code  1284  main.o(i.main)
    pid_calc                                 0x08004431   Thumb Code   112  motor.o(i.pid_calc)
    rand_num                                 0x080044a1   Thumb Code   150  main.o(i.rand_num)
    rc_sensor_heart_beat                     0x08004591   Thumb Code    40  rc.o(i.rc_sensor_heart_beat)
    rc_sensor_init                           0x080045b9   Thumb Code    38  rc.o(i.rc_sensor_init)
    rc_sensor_update                         0x080045df   Thumb Code   180  rc.o(i.rc_sensor_update)
    __aeabi_dneg                             0x080046e5   Thumb Code     0  basic.o(x$fpl$basic)
    _dneg                                    0x080046e5   Thumb Code     6  basic.o(x$fpl$basic)
    __aeabi_fneg                             0x080046eb   Thumb Code     0  basic.o(x$fpl$basic)
    _fneg                                    0x080046eb   Thumb Code     6  basic.o(x$fpl$basic)
    _dabs                                    0x080046f1   Thumb Code     6  basic.o(x$fpl$basic)
    _fabs                                    0x080046f7   Thumb Code     6  basic.o(x$fpl$basic)
    __aeabi_d2f                              0x080046fd   Thumb Code     0  d2f.o(x$fpl$d2f)
    _d2f                                     0x080046fd   Thumb Code    98  d2f.o(x$fpl$d2f)
    __aeabi_dadd                             0x08004761   Thumb Code     0  daddsub_clz.o(x$fpl$dadd)
    _dadd                                    0x08004761   Thumb Code   332  daddsub_clz.o(x$fpl$dadd)
    __aeabi_ddiv                             0x080048b1   Thumb Code     0  ddiv.o(x$fpl$ddiv)
    _ddiv                                    0x080048b1   Thumb Code   552  ddiv.o(x$fpl$ddiv)
    __aeabi_d2iz                             0x08004b61   Thumb Code     0  dfix.o(x$fpl$dfix)
    _dfix                                    0x08004b61   Thumb Code    94  dfix.o(x$fpl$dfix)
    __aeabi_i2d                              0x08004bbf   Thumb Code     0  dflt_clz.o(x$fpl$dflt)
    _dflt                                    0x08004bbf   Thumb Code    46  dflt_clz.o(x$fpl$dflt)
    __aeabi_ui2d                             0x08004bed   Thumb Code     0  dflt_clz.o(x$fpl$dfltu)
    _dfltu                                   0x08004bed   Thumb Code    38  dflt_clz.o(x$fpl$dfltu)
    __aeabi_dmul                             0x08004c15   Thumb Code     0  dmul.o(x$fpl$dmul)
    _dmul                                    0x08004c15   Thumb Code   332  dmul.o(x$fpl$dmul)
    __fpl_dnaninf                            0x08004d69   Thumb Code   156  dnaninf.o(x$fpl$dnaninf)
    __fpl_dretinf                            0x08004e05   Thumb Code    12  dretinf.o(x$fpl$dretinf)
    __aeabi_drsub                            0x08004e11   Thumb Code     0  daddsub_clz.o(x$fpl$drsb)
    _drsb                                    0x08004e11   Thumb Code    22  daddsub_clz.o(x$fpl$drsb)
    __aeabi_dsub                             0x08004e29   Thumb Code     0  daddsub_clz.o(x$fpl$dsub)
    _dsub                                    0x08004e29   Thumb Code   464  daddsub_clz.o(x$fpl$dsub)
    __aeabi_f2d                              0x08004ffd   Thumb Code     0  f2d.o(x$fpl$f2d)
    _f2d                                     0x08004ffd   Thumb Code    86  f2d.o(x$fpl$f2d)
    __fpl_fnaninf                            0x08005053   Thumb Code   140  fnaninf.o(x$fpl$fnaninf)
    _fp_init                                 0x080050df   Thumb Code    10  fpinit.o(x$fpl$fpinit)
    __fplib_config_fpu_vfp                   0x080050e7   Thumb Code     0  fpinit.o(x$fpl$fpinit)
    __fplib_config_pureend_doubles           0x080050e7   Thumb Code     0  fpinit.o(x$fpl$fpinit)
    __fpl_fretinf                            0x080050e9   Thumb Code    10  fretinf.o(x$fpl$fretinf)
    __I$use$fp                               0x080050f2   Number         0  usenofp.o(x$fpl$usenofp)
    AHBPrescTable                            0x080050fa   Data          16  system_stm32f4xx.o(.constdata)
    APBPrescTable                            0x0800510a   Data           8  system_stm32f4xx.o(.constdata)
    Region$$Table$$Base                      0x08005238   Number         0  anon$$obj.o(Region$$Table)
    Region$$Table$$Limit                     0x08005258   Number         0  anon$$obj.o(Region$$Table)
    color                                    0x20000000   Data           1  main.o(.data)
    rand_num_0                               0x20000001   Data           1  main.o(.data)
    rand_num_1                               0x20000002   Data           1  main.o(.data)
    rand_num_2                               0x20000003   Data           1  main.o(.data)
    rand_num_3                               0x20000004   Data           1  main.o(.data)
    rand_num_4                               0x20000005   Data           1  main.o(.data)
    motor_control                            0x20000006   Data           1  main.o(.data)
    s2_down_now                              0x20000007   Data           1  main.o(.data)
    s2_down_last                             0x20000008   Data           1  main.o(.data)
    speed1                                   0x20000009   Data           1  main.o(.data)
    speed2                                   0x2000000a   Data           1  main.o(.data)
    Manual                                   0x2000000b   Data           1  main.o(.data)
    last_time                                0x2000000c   Data           4  main.o(.data)
    motor_speed                              0x20000010   Data           4  main.o(.data)
    speed_rate                               0x20000014   Data           4  main.o(.data)
    a_x_1000                                 0x20000018   Data           4  main.o(.data)
    a_x_1                                    0x2000001c   Data           4  main.o(.data)
    w_x_1000                                 0x20000020   Data           4  main.o(.data)
    w_x_1                                    0x20000024   Data           4  main.o(.data)
    b                                        0x20000028   Data           4  main.o(.data)
    sin_value                                0x2000002c   Data           4  main.o(.data)
    usTms                                    0x20000034   Data           4  stm32f4xx_it.o(.data)
    ms_2500                                  0x20000038   Data           4  stm32f4xx_it.o(.data)
    uwTickFreq                               0x2000003c   Data           1  stm32f4xx_hal.o(.data)
    uwTickPrio                               0x20000040   Data           4  stm32f4xx_hal.o(.data)
    uwTick                                   0x20000044   Data           4  stm32f4xx_hal.o(.data)
    SystemCoreClock                          0x20000048   Data           4  system_stm32f4xx.o(.data)
    rc_info                                  0x20000054   Data          28  rc.o(.data)
    rc_sensor_driver                         0x20000070   Data           8  rc.o(.data)
    Channel_Lock                             0x20000078   Data           1  rc.o(.data)
    rc                                       0x2000007c   Data          28  rc.o(.data)
    i                                        0x20000098   Data           2  can_protocal.o(.data)
    Can_Board_Order_data                     0x2000009a   Data           8  can_protocal.o(.data)
    Board_info                               0x200000a2   Data           7  can_receive.o(.data)
    can1_rx_data                             0x200000a9   Data           8  can_receive.o(.data)
    can2_rx_data                             0x200000b1   Data           8  can_receive.o(.data)
    motor_info                               0x200000b9   Data           3  can_receive.o(.data)
    hcan1                                    0x200000bc   Data          40  can.o(.bss)
    hcan2                                    0x200000e4   Data          40  can.o(.bss)
    htim1                                    0x2000010c   Data          72  tim.o(.bss)
    hdma_tim1_ch1                            0x20000154   Data          96  tim.o(.bss)
    huart2                                   0x200001b4   Data          68  usart.o(.bss)
    hdma_usart2_rx                           0x200001f8   Data          96  usart.o(.bss)
    hdma_usart2_tx                           0x20000258   Data          96  usart.o(.bss)
    pid_spd                                  0x200002b8   Data         144  motor.o(.bss)
    motor_measure                            0x20000348   Data          64  motor.o(.bss)
    send_Buf_R                               0x200003a0   Data        3520  ws2812.o(.bss)
    usart2_dma_rxbuf                         0x20001160   Data          48  uart_drv.o(.bss)
    hcan1RxFrame                             0x20001190   Data          28  can_receive.o(.bss)
    hcan2RxFrame                             0x200011ac   Data          28  can_receive.o(.bss)
    Big_Fu_info                              0x200011c8   Data          40  can_receive.o(.bss)
    Board_Order_info                         0x200011f0   Data          35  can_receive.o(.bss)
    _random_number_data                      0x20001214   Data         228  rand.o(.bss)
    __libspace_start                         0x200012f8   Data          96  libspace.o(.bss)
    __temporary_stack_top$libspace           0x20001358   Data           0  libspace.o(.bss)



==============================================================================

Memory Map of the image

  Image Entry point : 0x08000189

  Load Region LR_IROM1 (Base: 0x08000000, Size: 0x00005314, Max: 0x00080000, ABSOLUTE)

    Execution Region ER_IROM1 (Exec base: 0x08000000, Load base: 0x08000000, Size: 0x00005258, Max: 0x00080000, ABSOLUTE)

    Exec Addr    Load Addr    Size         Type   Attr      Idx    E Section Name        Object

    0x08000000   0x08000000   0x00000188   Data   RO            3    RESET               startup_stm32f407xx.o
    0x08000188   0x08000188   0x00000008   Code   RO         3845  * !!!main             c_w.l(__main.o)
    0x08000190   0x08000190   0x00000034   Code   RO         4108    !!!scatter          c_w.l(__scatter.o)
    0x080001c4   0x080001c4   0x0000001a   Code   RO         4110    !!handler_copy      c_w.l(__scatter_copy.o)
    0x080001de   0x080001de   0x00000002   PAD
    0x080001e0   0x080001e0   0x0000001c   Code   RO         4112    !!handler_zi        c_w.l(__scatter_zi.o)
    0x080001fc   0x080001fc   0x00000002   Code   RO         4032    .ARM.Collect$$libinit$$00000000  c_w.l(libinit.o)
    0x080001fe   0x080001fe   0x00000004   Code   RO         3870    .ARM.Collect$$libinit$$00000001  c_w.l(libinit2.o)
    0x08000202   0x08000202   0x00000000   Code   RO         3873    .ARM.Collect$$libinit$$00000004  c_w.l(libinit2.o)
    0x08000202   0x08000202   0x00000000   Code   RO         3876    .ARM.Collect$$libinit$$0000000A  c_w.l(libinit2.o)
    0x08000202   0x08000202   0x00000000   Code   RO         3878    .ARM.Collect$$libinit$$0000000C  c_w.l(libinit2.o)
    0x08000202   0x08000202   0x00000004   Code   RO         3879    .ARM.Collect$$libinit$$0000000D  c_w.l(libinit2.o)
    0x08000206   0x08000206   0x00000000   Code   RO         3880    .ARM.Collect$$libinit$$0000000E  c_w.l(libinit2.o)
    0x08000206   0x08000206   0x00000000   Code   RO         3883    .ARM.Collect$$libinit$$00000011  c_w.l(libinit2.o)
    0x08000206   0x08000206   0x00000000   Code   RO         3885    .ARM.Collect$$libinit$$00000013  c_w.l(libinit2.o)
    0x08000206   0x08000206   0x00000000   Code   RO         3887    .ARM.Collect$$libinit$$00000015  c_w.l(libinit2.o)
    0x08000206   0x08000206   0x00000000   Code   RO         3889    .ARM.Collect$$libinit$$00000017  c_w.l(libinit2.o)
    0x08000206   0x08000206   0x00000000   Code   RO         3891    .ARM.Collect$$libinit$$00000019  c_w.l(libinit2.o)
    0x08000206   0x08000206   0x00000000   Code   RO         3893    .ARM.Collect$$libinit$$0000001B  c_w.l(libinit2.o)
    0x08000206   0x08000206   0x00000000   Code   RO         3895    .ARM.Collect$$libinit$$0000001D  c_w.l(libinit2.o)
    0x08000206   0x08000206   0x00000000   Code   RO         3897    .ARM.Collect$$libinit$$0000001F  c_w.l(libinit2.o)
    0x08000206   0x08000206   0x00000000   Code   RO         3899    .ARM.Collect$$libinit$$00000021  c_w.l(libinit2.o)
    0x08000206   0x08000206   0x00000000   Code   RO         3901    .ARM.Collect$$libinit$$00000023  c_w.l(libinit2.o)
    0x08000206   0x08000206   0x00000000   Code   RO         3903    .ARM.Collect$$libinit$$00000025  c_w.l(libinit2.o)
    0x08000206   0x08000206   0x00000000   Code   RO         3907    .ARM.Collect$$libinit$$0000002C  c_w.l(libinit2.o)
    0x08000206   0x08000206   0x00000000   Code   RO         3909    .ARM.Collect$$libinit$$0000002E  c_w.l(libinit2.o)
    0x08000206   0x08000206   0x00000000   Code   RO         3911    .ARM.Collect$$libinit$$00000030  c_w.l(libinit2.o)
    0x08000206   0x08000206   0x00000000   Code   RO         3913    .ARM.Collect$$libinit$$00000032  c_w.l(libinit2.o)
    0x08000206   0x08000206   0x00000002   Code   RO         3914    .ARM.Collect$$libinit$$00000033  c_w.l(libinit2.o)
    0x08000208   0x08000208   0x00000002   Code   RO         4073    .ARM.Collect$$libshutdown$$00000000  c_w.l(libshutdown.o)
    0x0800020a   0x0800020a   0x00000000   Code   RO         4089    .ARM.Collect$$libshutdown$$00000002  c_w.l(libshutdown2.o)
    0x0800020a   0x0800020a   0x00000000   Code   RO         4091    .ARM.Collect$$libshutdown$$00000004  c_w.l(libshutdown2.o)
    0x0800020a   0x0800020a   0x00000000   Code   RO         4093    .ARM.Collect$$libshutdown$$00000006  c_w.l(libshutdown2.o)
    0x0800020a   0x0800020a   0x00000000   Code   RO         4096    .ARM.Collect$$libshutdown$$00000009  c_w.l(libshutdown2.o)
    0x0800020a   0x0800020a   0x00000000   Code   RO         4099    .ARM.Collect$$libshutdown$$0000000C  c_w.l(libshutdown2.o)
    0x0800020a   0x0800020a   0x00000000   Code   RO         4101    .ARM.Collect$$libshutdown$$0000000E  c_w.l(libshutdown2.o)
    0x0800020a   0x0800020a   0x00000000   Code   RO         4104    .ARM.Collect$$libshutdown$$00000011  c_w.l(libshutdown2.o)
    0x0800020a   0x0800020a   0x00000002   Code   RO         4105    .ARM.Collect$$libshutdown$$00000012  c_w.l(libshutdown2.o)
    0x0800020c   0x0800020c   0x00000000   Code   RO         3863    .ARM.Collect$$rtentry$$00000000  c_w.l(__rtentry.o)
    0x0800020c   0x0800020c   0x00000000   Code   RO         3955    .ARM.Collect$$rtentry$$00000002  c_w.l(__rtentry2.o)
    0x0800020c   0x0800020c   0x00000006   Code   RO         3967    .ARM.Collect$$rtentry$$00000004  c_w.l(__rtentry4.o)
    0x08000212   0x08000212   0x00000000   Code   RO         3957    .ARM.Collect$$rtentry$$00000009  c_w.l(__rtentry2.o)
    0x08000212   0x08000212   0x00000004   Code   RO         3958    .ARM.Collect$$rtentry$$0000000A  c_w.l(__rtentry2.o)
    0x08000216   0x08000216   0x00000000   Code   RO         3960    .ARM.Collect$$rtentry$$0000000C  c_w.l(__rtentry2.o)
    0x08000216   0x08000216   0x00000008   Code   RO         3961    .ARM.Collect$$rtentry$$0000000D  c_w.l(__rtentry2.o)
    0x0800021e   0x0800021e   0x00000002   Code   RO         4035    .ARM.Collect$$rtexit$$00000000  c_w.l(rtexit.o)
    0x08000220   0x08000220   0x00000000   Code   RO         4055    .ARM.Collect$$rtexit$$00000002  c_w.l(rtexit2.o)
    0x08000220   0x08000220   0x00000004   Code   RO         4056    .ARM.Collect$$rtexit$$00000003  c_w.l(rtexit2.o)
    0x08000224   0x08000224   0x00000006   Code   RO         4057    .ARM.Collect$$rtexit$$00000004  c_w.l(rtexit2.o)
    0x0800022a   0x0800022a   0x00000002   PAD
    0x0800022c   0x0800022c   0x00000034   Code   RO         3836    .emb_text           c_w.l(rand.o)
    0x08000260   0x08000260   0x00000040   Code   RO            4    .text               startup_stm32f407xx.o
    0x080002a0   0x080002a0   0x000000ee   Code   RO         3834    .text               c_w.l(lludivv7m.o)
    0x0800038e   0x0800038e   0x00000002   PAD
    0x08000390   0x08000390   0x0000003c   Code   RO         3837    .text               c_w.l(rand.o)
    0x080003cc   0x080003cc   0x0000004e   Code   RO         3841    .text               c_w.l(rt_memclr_w.o)
    0x0800041a   0x0800041a   0x00000006   Code   RO         3843    .text               c_w.l(heapauxi.o)
    0x08000420   0x08000420   0x00000016   Code   RO         3868    .text               c_w.l(_rserrno.o)
    0x08000436   0x08000436   0x00000002   PAD
    0x08000438   0x08000438   0x00000008   Code   RO         3974    .text               c_w.l(rt_errno_addr_intlibspace.o)
    0x08000440   0x08000440   0x00000008   Code   RO         4012    .text               c_w.l(libspace.o)
    0x08000448   0x08000448   0x0000004a   Code   RO         4015    .text               c_w.l(sys_stackheap_outer.o)
    0x08000492   0x08000492   0x00000012   Code   RO         4017    .text               c_w.l(exit.o)
    0x080004a4   0x080004a4   0x0000000c   Code   RO         4049    .text               c_w.l(sys_exit.o)
    0x080004b0   0x080004b0   0x00000002   Code   RO         4051    .text               c_w.l(use_no_semi.o)
    0x080004b2   0x080004b2   0x00000000   Code   RO         4053    .text               c_w.l(indicate_semi.o)
    0x080004b2   0x080004b2   0x00000002   PAD
    0x080004b4   0x080004b4   0x00000060   Code   RO         3650    i.BOARD_CAN1_RX     can_receive.o
    0x08000514   0x08000514   0x00000058   Code   RO         3802    i.Big_Fu_info_Init  flag_state.o
    0x0800056c   0x0800056c   0x00000100   Code   RO         3608    i.Board_Info_Tx     can_protocal.o
    0x0800066c   0x0800066c   0x00000046   Code   RO         3803    i.Board_Order_info_Init  flag_state.o
    0x080006b2   0x080006b2   0x00000002   PAD
    0x080006b4   0x080006b4   0x0000005c   Code   RO         3732    i.Board_Tx          can_send.o
    0x08000710   0x08000710   0x00000002   Code   RO          421    i.BusFault_Handler  stm32f4xx_it.o
    0x08000712   0x08000712   0x00000002   PAD
    0x08000714   0x08000714   0x00000028   Code   RO         3651    i.CAN1_Init         can_receive.o
    0x0800073c   0x0800073c   0x0000000c   Code   RO          422    i.CAN1_RX0_IRQHandler  stm32f4xx_it.o
    0x08000748   0x08000748   0x00000004   Code   RO         3609    i.CAN1_rxDataHandler  can_protocal.o
    0x0800074c   0x0800074c   0x00000028   Code   RO         3653    i.CAN2_Init         can_receive.o
    0x08000774   0x08000774   0x0000000c   Code   RO          423    i.CAN2_RX0_IRQHandler  stm32f4xx_it.o
    0x08000780   0x08000780   0x00000004   Code   RO         3610    i.CAN2_rxDataHandler  can_protocal.o
    0x08000784   0x08000784   0x0000001a   Code   RO         3655    i.CAN_Filter_ParamsInit  can_receive.o
    0x0800079e   0x0800079e   0x00000002   PAD
    0x080007a0   0x080007a0   0x00000054   Code   RO         3656    i.CAN_Rx_Callback   can_receive.o
    0x080007f4   0x080007f4   0x00000048   Code   RO         3298    i.CAN_cmd_motor     motor.o
    0x0800083c   0x0800083c   0x0000000c   Code   RO          424    i.DMA1_Stream5_IRQHandler  stm32f4xx_it.o
    0x08000848   0x08000848   0x0000000c   Code   RO          425    i.DMA1_Stream6_IRQHandler  stm32f4xx_it.o
    0x08000854   0x08000854   0x0000000c   Code   RO          426    i.DMA2_Stream1_IRQHandler  stm32f4xx_it.o
    0x08000860   0x08000860   0x00000244   Code   RO         3508    i.DMAEx_MultiBufferStart_NoIT  uart_drv.o
    0x08000aa4   0x08000aa4   0x00000028   Code   RO         1257    i.DMA_CalcBaseAndBitshift  stm32f4xx_hal_dma.o
    0x08000acc   0x08000acc   0x00000054   Code   RO         1258    i.DMA_CheckFifoParam  stm32f4xx_hal_dma.o
    0x08000b20   0x08000b20   0x00000028   Code   RO         1259    i.DMA_SetConfig     stm32f4xx_hal_dma.o
    0x08000b48   0x08000b48   0x00000014   Code   RO         3509    i.DRV_UART_IRQHandler  uart_drv.o
    0x08000b5c   0x08000b5c   0x00000002   Code   RO          427    i.DebugMon_Handler  stm32f4xx_it.o
    0x08000b5e   0x08000b5e   0x00000004   Code   RO           13    i.Error_Handler     main.o
    0x08000b62   0x08000b62   0x00000024   Code   RO          565    i.HAL_CAN_ActivateNotification  stm32f4xx_hal_can.o
    0x08000b86   0x08000b86   0x000000dc   Code   RO          566    i.HAL_CAN_AddTxMessage  stm32f4xx_hal_can.o
    0x08000c62   0x08000c62   0x00000002   PAD
    0x08000c64   0x08000c64   0x0000010c   Code   RO          567    i.HAL_CAN_ConfigFilter  stm32f4xx_hal_can.o
    0x08000d70   0x08000d70   0x00000002   Code   RO          570    i.HAL_CAN_ErrorCallback  stm32f4xx_hal_can.o
    0x08000d72   0x08000d72   0x000000e8   Code   RO          573    i.HAL_CAN_GetRxMessage  stm32f4xx_hal_can.o
    0x08000e5a   0x08000e5a   0x000001fc   Code   RO          577    i.HAL_CAN_IRQHandler  stm32f4xx_hal_can.o
    0x08001056   0x08001056   0x0000011a   Code   RO          578    i.HAL_CAN_Init      stm32f4xx_hal_can.o
    0x08001170   0x08001170   0x000000fc   Code   RO          259    i.HAL_CAN_MspInit   can.o
    0x0800126c   0x0800126c   0x00000002   Code   RO          585    i.HAL_CAN_RxFifo0FullCallback  stm32f4xx_hal_can.o
    0x0800126e   0x0800126e   0x00000002   PAD
    0x08001270   0x08001270   0x0000001c   Code   RO         3657    i.HAL_CAN_RxFifo0MsgPendingCallback  can_receive.o
    0x0800128c   0x0800128c   0x00000002   Code   RO          587    i.HAL_CAN_RxFifo1FullCallback  stm32f4xx_hal_can.o
    0x0800128e   0x0800128e   0x00000002   Code   RO          588    i.HAL_CAN_RxFifo1MsgPendingCallback  stm32f4xx_hal_can.o
    0x08001290   0x08001290   0x00000002   Code   RO          589    i.HAL_CAN_SleepCallback  stm32f4xx_hal_can.o
    0x08001292   0x08001292   0x00000002   PAD
    0x08001294   0x08001294   0x00000058   Code   RO          590    i.HAL_CAN_Start     stm32f4xx_hal_can.o
    0x080012ec   0x080012ec   0x00000002   Code   RO          592    i.HAL_CAN_TxMailbox0AbortCallback  stm32f4xx_hal_can.o
    0x080012ee   0x080012ee   0x00000002   Code   RO          593    i.HAL_CAN_TxMailbox0CompleteCallback  stm32f4xx_hal_can.o
    0x080012f0   0x080012f0   0x00000002   Code   RO          594    i.HAL_CAN_TxMailbox1AbortCallback  stm32f4xx_hal_can.o
    0x080012f2   0x080012f2   0x00000002   Code   RO          595    i.HAL_CAN_TxMailbox1CompleteCallback  stm32f4xx_hal_can.o
    0x080012f4   0x080012f4   0x00000002   Code   RO          596    i.HAL_CAN_TxMailbox2AbortCallback  stm32f4xx_hal_can.o
    0x080012f6   0x080012f6   0x00000002   Code   RO          597    i.HAL_CAN_TxMailbox2CompleteCallback  stm32f4xx_hal_can.o
    0x080012f8   0x080012f8   0x00000002   Code   RO          599    i.HAL_CAN_WakeUpFromRxMsgCallback  stm32f4xx_hal_can.o
    0x080012fa   0x080012fa   0x00000092   Code   RO         1260    i.HAL_DMA_Abort     stm32f4xx_hal_dma.o
    0x0800138c   0x0800138c   0x00000024   Code   RO         1261    i.HAL_DMA_Abort_IT  stm32f4xx_hal_dma.o
    0x080013b0   0x080013b0   0x000001a0   Code   RO         1265    i.HAL_DMA_IRQHandler  stm32f4xx_hal_dma.o
    0x08001550   0x08001550   0x000000d4   Code   RO         1266    i.HAL_DMA_Init      stm32f4xx_hal_dma.o
    0x08001624   0x08001624   0x0000006e   Code   RO         1270    i.HAL_DMA_Start_IT  stm32f4xx_hal_dma.o
    0x08001692   0x08001692   0x00000002   PAD
    0x08001694   0x08001694   0x00000024   Code   RO         1679    i.HAL_Delay         stm32f4xx_hal.o
    0x080016b8   0x080016b8   0x000001f0   Code   RO         1153    i.HAL_GPIO_Init     stm32f4xx_hal_gpio.o
    0x080018a8   0x080018a8   0x0000000a   Code   RO         1157    i.HAL_GPIO_WritePin  stm32f4xx_hal_gpio.o
    0x080018b2   0x080018b2   0x00000002   PAD
    0x080018b4   0x080018b4   0x0000000c   Code   RO         1685    i.HAL_GetTick       stm32f4xx_hal.o
    0x080018c0   0x080018c0   0x00000010   Code   RO         1691    i.HAL_IncTick       stm32f4xx_hal.o
    0x080018d0   0x080018d0   0x00000034   Code   RO         1692    i.HAL_Init          stm32f4xx_hal.o
    0x08001904   0x08001904   0x00000040   Code   RO         1693    i.HAL_InitTick      stm32f4xx_hal.o
    0x08001944   0x08001944   0x00000030   Code   RO          540    i.HAL_MspInit       stm32f4xx_hal_msp.o
    0x08001974   0x08001974   0x0000001a   Code   RO         1542    i.HAL_NVIC_EnableIRQ  stm32f4xx_hal_cortex.o
    0x0800198e   0x0800198e   0x00000002   PAD
    0x08001990   0x08001990   0x00000040   Code   RO         1548    i.HAL_NVIC_SetPriority  stm32f4xx_hal_cortex.o
    0x080019d0   0x080019d0   0x00000024   Code   RO         1549    i.HAL_NVIC_SetPriorityGrouping  stm32f4xx_hal_cortex.o
    0x080019f4   0x080019f4   0x00000134   Code   RO          799    i.HAL_RCC_ClockConfig  stm32f4xx_hal_rcc.o
    0x08001b28   0x08001b28   0x00000020   Code   RO          806    i.HAL_RCC_GetPCLK1Freq  stm32f4xx_hal_rcc.o
    0x08001b48   0x08001b48   0x00000020   Code   RO          807    i.HAL_RCC_GetPCLK2Freq  stm32f4xx_hal_rcc.o
    0x08001b68   0x08001b68   0x00000064   Code   RO          808    i.HAL_RCC_GetSysClockFreq  stm32f4xx_hal_rcc.o
    0x08001bcc   0x08001bcc   0x0000036c   Code   RO          811    i.HAL_RCC_OscConfig  stm32f4xx_hal_rcc.o
    0x08001f38   0x08001f38   0x00000028   Code   RO         1553    i.HAL_SYSTICK_Config  stm32f4xx_hal_cortex.o
    0x08001f60   0x08001f60   0x00000054   Code   RO         2639    i.HAL_TIMEx_ConfigBreakDeadTime  stm32f4xx_hal_tim_ex.o
    0x08001fb4   0x08001fb4   0x00000090   Code   RO         2655    i.HAL_TIMEx_MasterConfigSynchronization  stm32f4xx_hal_tim_ex.o
    0x08002044   0x08002044   0x0000005a   Code   RO         1932    i.HAL_TIM_Base_Init  stm32f4xx_hal_tim.o
    0x0800209e   0x0800209e   0x00000002   PAD
    0x080020a0   0x080020a0   0x0000006c   Code   RO          332    i.HAL_TIM_Base_MspInit  tim.o
    0x0800210c   0x0800210c   0x000000dc   Code   RO         1941    i.HAL_TIM_ConfigClockSource  stm32f4xx_hal_tim.o
    0x080021e8   0x080021e8   0x00000002   Code   RO         1962    i.HAL_TIM_ErrorCallback  stm32f4xx_hal_tim.o
    0x080021ea   0x080021ea   0x00000002   PAD
    0x080021ec   0x080021ec   0x00000054   Code   RO          333    i.HAL_TIM_MspPostInit  tim.o
    0x08002240   0x08002240   0x000000cc   Code   RO         2004    i.HAL_TIM_PWM_ConfigChannel  stm32f4xx_hal_tim.o
    0x0800230c   0x0800230c   0x0000005a   Code   RO         2007    i.HAL_TIM_PWM_Init  stm32f4xx_hal_tim.o
    0x08002366   0x08002366   0x00000002   Code   RO         2009    i.HAL_TIM_PWM_MspInit  stm32f4xx_hal_tim.o
    0x08002368   0x08002368   0x00000002   Code   RO         2010    i.HAL_TIM_PWM_PulseFinishedCallback  stm32f4xx_hal_tim.o
    0x0800236a   0x0800236a   0x00000002   Code   RO         2011    i.HAL_TIM_PWM_PulseFinishedHalfCpltCallback  stm32f4xx_hal_tim.o
    0x0800236c   0x0800236c   0x000001bc   Code   RO         2013    i.HAL_TIM_PWM_Start_DMA  stm32f4xx_hal_tim.o
    0x08002528   0x08002528   0x000000cc   Code   RO         2016    i.HAL_TIM_PWM_Stop_DMA  stm32f4xx_hal_tim.o
    0x080025f4   0x080025f4   0x00000002   Code   RO         2914    i.HAL_UARTEx_RxEventCallback  stm32f4xx_hal_uart.o
    0x080025f6   0x080025f6   0x00000002   Code   RO         2928    i.HAL_UART_ErrorCallback  stm32f4xx_hal_uart.o
    0x080025f8   0x080025f8   0x00000268   Code   RO         2931    i.HAL_UART_IRQHandler  stm32f4xx_hal_uart.o
    0x08002860   0x08002860   0x00000062   Code   RO         2932    i.HAL_UART_Init     stm32f4xx_hal_uart.o
    0x080028c2   0x080028c2   0x00000002   PAD
    0x080028c4   0x080028c4   0x000000ec   Code   RO          380    i.HAL_UART_MspInit  usart.o
    0x080029b0   0x080029b0   0x00000002   Code   RO         2938    i.HAL_UART_RxCpltCallback  stm32f4xx_hal_uart.o
    0x080029b2   0x080029b2   0x00000002   Code   RO         2943    i.HAL_UART_TxCpltCallback  stm32f4xx_hal_uart.o
    0x080029b4   0x080029b4   0x00000002   Code   RO          428    i.HardFault_Handler  stm32f4xx_it.o
    0x080029b6   0x080029b6   0x00000002   PAD
    0x080029b8   0x080029b8   0x0000000c   Code   RO         3360    i.Init_Rc           rc.o
    0x080029c4   0x080029c4   0x00000024   Code   RO         3299    i.MOTOR_CAN2_RX     motor.o
    0x080029e8   0x080029e8   0x00000048   Code   RO          260    i.MX_CAN1_Init      can.o
    0x08002a30   0x08002a30   0x00000048   Code   RO          261    i.MX_CAN2_Init      can.o
    0x08002a78   0x08002a78   0x0000005c   Code   RO          307    i.MX_DMA_Init       dma.o
    0x08002ad4   0x08002ad4   0x000000a0   Code   RO          227    i.MX_GPIO_Init      gpio.o
    0x08002b74   0x08002b74   0x000000c8   Code   RO          334    i.MX_TIM1_Init      tim.o
    0x08002c3c   0x08002c3c   0x0000003c   Code   RO          381    i.MX_USART2_UART_Init  usart.o
    0x08002c78   0x08002c78   0x00000002   Code   RO          429    i.MemManage_Handler  stm32f4xx_it.o
    0x08002c7a   0x08002c7a   0x00000002   Code   RO          430    i.NMI_Handler       stm32f4xx_it.o
    0x08002c7c   0x08002c7c   0x0000000a   Code   RO         3300    i.PID_struct_init   motor.o
    0x08002c86   0x08002c86   0x00000002   Code   RO          431    i.PendSV_Handler    stm32f4xx_it.o
    0x08002c88   0x08002c88   0x00000048   Code   RO         3361    i.RC_ResetData      rc.o
    0x08002cd0   0x08002cd0   0x00000020   Code   RO         3362    i.Rc_Data           rc.o
    0x08002cf0   0x08002cf0   0x00000002   Code   RO          432    i.SVC_Handler       stm32f4xx_it.o
    0x08002cf2   0x08002cf2   0x00000002   PAD
    0x08002cf4   0x08002cf4   0x00000044   Code   RO          433    i.SysTick_Handler   stm32f4xx_it.o
    0x08002d38   0x08002d38   0x00000098   Code   RO           14    i.SystemClock_Config  main.o
    0x08002dd0   0x08002dd0   0x00000010   Code   RO         3261    i.SystemInit        system_stm32f4xx.o
    0x08002de0   0x08002de0   0x000000c8   Code   RO         2025    i.TIM_Base_SetConfig  stm32f4xx_hal_tim.o
    0x08002ea8   0x08002ea8   0x0000001a   Code   RO         2026    i.TIM_CCxChannelCmd  stm32f4xx_hal_tim.o
    0x08002ec2   0x08002ec2   0x0000005e   Code   RO         2029    i.TIM_DMADelayPulseCplt  stm32f4xx_hal_tim.o
    0x08002f20   0x08002f20   0x00000038   Code   RO         2030    i.TIM_DMADelayPulseHalfCplt  stm32f4xx_hal_tim.o
    0x08002f58   0x08002f58   0x00000054   Code   RO         2031    i.TIM_DMAError      stm32f4xx_hal_tim.o
    0x08002fac   0x08002fac   0x00000014   Code   RO         2036    i.TIM_ETR_SetConfig  stm32f4xx_hal_tim.o
    0x08002fc0   0x08002fc0   0x00000010   Code   RO         2037    i.TIM_ITRx_SetConfig  stm32f4xx_hal_tim.o
    0x08002fd0   0x08002fd0   0x00000060   Code   RO         2038    i.TIM_OC1_SetConfig  stm32f4xx_hal_tim.o
    0x08003030   0x08003030   0x0000006c   Code   RO         2039    i.TIM_OC2_SetConfig  stm32f4xx_hal_tim.o
    0x0800309c   0x0800309c   0x00000068   Code   RO         2040    i.TIM_OC3_SetConfig  stm32f4xx_hal_tim.o
    0x08003104   0x08003104   0x00000050   Code   RO         2041    i.TIM_OC4_SetConfig  stm32f4xx_hal_tim.o
    0x08003154   0x08003154   0x00000022   Code   RO         2043    i.TIM_TI1_ConfigInputStage  stm32f4xx_hal_tim.o
    0x08003176   0x08003176   0x00000024   Code   RO         2045    i.TIM_TI2_ConfigInputStage  stm32f4xx_hal_tim.o
    0x0800319a   0x0800319a   0x00000010   Code   RO         2945    i.UART_DMAAbortOnError  stm32f4xx_hal_uart.o
    0x080031aa   0x080031aa   0x0000004e   Code   RO         2955    i.UART_EndRxTransfer  stm32f4xx_hal_uart.o
    0x080031f8   0x080031f8   0x000000c0   Code   RO         2957    i.UART_Receive_IT   stm32f4xx_hal_uart.o
    0x080032b8   0x080032b8   0x0000010c   Code   RO         2958    i.UART_SetConfig    stm32f4xx_hal_uart.o
    0x080033c4   0x080033c4   0x00000018   Code   RO          434    i.USART2_IRQHandler  stm32f4xx_it.o
    0x080033dc   0x080033dc   0x0000003c   Code   RO         3511    i.USART2_Init       uart_drv.o
    0x08003418   0x08003418   0x00000004   Code   RO         3580    i.USART2_rxDataHandler  usart_potocal.o
    0x0800341c   0x0800341c   0x00000002   Code   RO          435    i.UsageFault_Handler  stm32f4xx_it.o
    0x0800341e   0x0800341e   0x00000002   PAD
    0x08003420   0x08003420   0x00000034   Code   RO         3442    i.WS_CloseAll_R     ws2812.o
    0x08003454   0x08003454   0x00000018   Code   RO         3443    i.WS_Load_R         ws2812.o
    0x0800346c   0x0800346c   0x0000009c   Code   RO         3444    i.WS_Write_R        ws2812.o
    0x08003508   0x08003508   0x00000030   Code   RO         4008    i.__ARM_fpclassify  m_wm.l(fpclassify.o)
    0x08003538   0x08003538   0x00000020   Code   RO         1555    i.__NVIC_SetPriority  stm32f4xx_hal_cortex.o
    0x08003558   0x08003558   0x000000c8   Code   RO         3851    i.__hardfp_sin      m_wm.l(sin.o)
    0x08003620   0x08003620   0x00000438   Code   RO         3943    i.__ieee754_rem_pio2  m_wm.l(rred.o)
    0x08003a58   0x08003a58   0x00000170   Code   RO         3926    i.__kernel_cos      m_wm.l(cos_i.o)
    0x08003bc8   0x08003bc8   0x000000f8   Code   RO         4010    i.__kernel_poly     m_wm.l(poly.o)
    0x08003cc0   0x08003cc0   0x00000130   Code   RO         3948    i.__kernel_sin      m_wm.l(sin_i.o)
    0x08003df0   0x08003df0   0x00000014   Code   RO         3930    i.__mathlib_dbl_infnan  m_wm.l(dunder.o)
    0x08003e04   0x08003e04   0x00000004   PAD
    0x08003e08   0x08003e08   0x00000020   Code   RO         3932    i.__mathlib_dbl_invalid  m_wm.l(dunder.o)
    0x08003e28   0x08003e28   0x00000020   Code   RO         3935    i.__mathlib_dbl_underflow  m_wm.l(dunder.o)
    0x08003e48   0x08003e48   0x0000002a   Code   RO         3301    i.abs_limit         motor.o
    0x08003e72   0x08003e72   0x00000002   PAD
    0x08003e74   0x08003e74   0x00000018   Code   RO         3513    i.dma_m0_rxcplt_callback  uart_drv.o
    0x08003e8c   0x08003e8c   0x00000018   Code   RO         3514    i.dma_m1_rxcplt_callback  uart_drv.o
    0x08003ea4   0x08003ea4   0x00000018   Code   RO         4004    i.fabs              m_wm.l(fabs.o)
    0x08003ebc   0x08003ebc   0x00000028   Code   RO         3658    i.get_DAFU_measure  can_receive.o
    0x08003ee4   0x08003ee4   0x00000048   Code   RO         3302    i.get_motor_measure  motor.o
    0x08003f2c   0x08003f2c   0x00000504   Code   RO           15    i.main              main.o
    0x08004430   0x08004430   0x00000070   Code   RO         3303    i.pid_calc          motor.o
    0x080044a0   0x080044a0   0x0000009c   Code   RO           16    i.rand_num          main.o
    0x0800453c   0x0800453c   0x00000054   Code   RO         3365    i.rc_sensor_check   rc.o
    0x08004590   0x08004590   0x00000028   Code   RO         3366    i.rc_sensor_heart_beat  rc.o
    0x080045b8   0x080045b8   0x00000026   Code   RO         3367    i.rc_sensor_init    rc.o
    0x080045de   0x080045de   0x000000b4   Code   RO         3368    i.rc_sensor_update  rc.o
    0x08004692   0x08004692   0x00000002   PAD
    0x08004694   0x08004694   0x00000050   Code   RO         3515    i.uart_rx_idle_callback  uart_drv.o
    0x080046e4   0x080046e4   0x00000018   Code   RO         3915    x$fpl$basic         fz_wm.l(basic.o)
    0x080046fc   0x080046fc   0x00000062   Code   RO         3847    x$fpl$d2f           fz_wm.l(d2f.o)
    0x0800475e   0x0800475e   0x00000002   PAD
    0x08004760   0x08004760   0x00000150   Code   RO         3978    x$fpl$dadd          fz_wm.l(daddsub_clz.o)
    0x080048b0   0x080048b0   0x000002b0   Code   RO         3985    x$fpl$ddiv          fz_wm.l(ddiv.o)
    0x08004b60   0x08004b60   0x0000005e   Code   RO         3988    x$fpl$dfix          fz_wm.l(dfix.o)
    0x08004bbe   0x08004bbe   0x0000002e   Code   RO         3993    x$fpl$dflt          fz_wm.l(dflt_clz.o)
    0x08004bec   0x08004bec   0x00000026   Code   RO         3992    x$fpl$dfltu         fz_wm.l(dflt_clz.o)
    0x08004c12   0x08004c12   0x00000002   PAD
    0x08004c14   0x08004c14   0x00000154   Code   RO         3998    x$fpl$dmul          fz_wm.l(dmul.o)
    0x08004d68   0x08004d68   0x0000009c   Code   RO         3917    x$fpl$dnaninf       fz_wm.l(dnaninf.o)
    0x08004e04   0x08004e04   0x0000000c   Code   RO         3919    x$fpl$dretinf       fz_wm.l(dretinf.o)
    0x08004e10   0x08004e10   0x00000016   Code   RO         3979    x$fpl$drsb          fz_wm.l(daddsub_clz.o)
    0x08004e26   0x08004e26   0x00000002   PAD
    0x08004e28   0x08004e28   0x000001d4   Code   RO         3980    x$fpl$dsub          fz_wm.l(daddsub_clz.o)
    0x08004ffc   0x08004ffc   0x00000056   Code   RO         3849    x$fpl$f2d           fz_wm.l(f2d.o)
    0x08005052   0x08005052   0x0000008c   Code   RO         3921    x$fpl$fnaninf       fz_wm.l(fnaninf.o)
    0x080050de   0x080050de   0x0000000a   Code   RO         4000    x$fpl$fpinit        fz_wm.l(fpinit.o)
    0x080050e8   0x080050e8   0x0000000a   Code   RO         3923    x$fpl$fretinf       fz_wm.l(fretinf.o)
    0x080050f2   0x080050f2   0x00000000   Code   RO         3925    x$fpl$usenofp       fz_wm.l(usenofp.o)
    0x080050f2   0x080050f2   0x00000008   Data   RO         1272    .constdata          stm32f4xx_hal_dma.o
    0x080050fa   0x080050fa   0x00000010   Data   RO         3262    .constdata          system_stm32f4xx.o
    0x0800510a   0x0800510a   0x00000008   Data   RO         3263    .constdata          system_stm32f4xx.o
    0x08005112   0x08005112   0x00000006   PAD
    0x08005118   0x08005118   0x00000030   Data   RO         3927    .constdata          m_wm.l(cos_i.o)
    0x08005148   0x08005148   0x000000c8   Data   RO         3945    .constdata          m_wm.l(rred.o)
    0x08005210   0x08005210   0x00000028   Data   RO         3949    .constdata          m_wm.l(sin_i.o)
    0x08005238   0x08005238   0x00000020   Data   RO         4106    Region$$Table       anon$$obj.o


    Execution Region RW_IRAM1 (Exec base: 0x20000000, Load base: 0x08005258, Size: 0x00001958, Max: 0x0001c000, ABSOLUTE)

    Exec Addr    Load Addr    Size         Type   Attr      Idx    E Section Name        Object

    0x20000000   0x08005258   0x00000030   Data   RW           17    .data               main.o
    0x20000030   0x08005288   0x00000004   Data   RW          263    .data               can.o
    0x20000034   0x0800528c   0x00000008   Data   RW          436    .data               stm32f4xx_it.o
    0x2000003c   0x08005294   0x0000000c   Data   RW         1699    .data               stm32f4xx_hal.o
    0x20000048   0x080052a0   0x00000004   Data   RW         3264    .data               system_stm32f4xx.o
    0x2000004c   0x080052a4   0x00000008   Data   RW         3306    .data               motor.o
    0x20000054   0x080052ac   0x0000001c   Data   RW         3369    .data               rc.o
    0x20000070   0x080052c8   0x00000008   Data   RW         3370    .data               rc.o
    0x20000078   0x080052d0   0x00000020   Data   RW         3371    .data               rc.o
    0x20000098   0x080052f0   0x0000000a   Data   RW         3611    .data               can_protocal.o
    0x200000a2   0x080052fa   0x00000017   Data   RW         3663    .data               can_receive.o
    0x200000b9   0x08005311   0x00000003   Data   RW         3664    .data               can_receive.o
    0x200000bc        -       0x00000050   Zero   RW          262    .bss                can.o
    0x2000010c        -       0x000000a8   Zero   RW          335    .bss                tim.o
    0x200001b4        -       0x00000104   Zero   RW          382    .bss                usart.o
    0x200002b8        -       0x00000090   Zero   RW         3304    .bss                motor.o
    0x20000348        -       0x00000058   Zero   RW         3305    .bss                motor.o
    0x200003a0        -       0x00000dc0   Zero   RW         3445    .bss                ws2812.o
    0x20001160        -       0x00000030   Zero   RW         3516    .bss                uart_drv.o
    0x20001190        -       0x00000060   Zero   RW         3659    .bss                can_receive.o
    0x200011f0        -       0x00000023   Zero   RW         3662    .bss                can_receive.o
    0x20001213   0x08005314   0x00000001   PAD
    0x20001214        -       0x000000e4   Zero   RW         3838    .bss                c_w.l(rand.o)
    0x200012f8        -       0x00000060   Zero   RW         4013    .bss                c_w.l(libspace.o)
    0x20001358        -       0x00000200   Zero   RW            2    HEAP                startup_stm32f407xx.o
    0x20001558        -       0x00000400   Zero   RW            1    STACK               startup_stm32f407xx.o


    Execution Region RW_IRAM2 (Exec base: 0x2001c000, Load base: 0x08005314, Size: 0x00000000, Max: 0x00004000, ABSOLUTE)

    **** No section assigned to this execution region ****


==============================================================================

Image component sizes


      Code (inc. data)   RO Data    RW Data    ZI Data      Debug   Object Name

       396         46          0          4         80       2838   can.o
       264          8          0         10          0       2803   can_protocal.o
       354         52          0         26        131       7096   can_receive.o
        92          6          0          0          0       3018   can_send.o
        92          4          0          0          0        970   dma.o
       158          0          0          0          0       1699   flag_state.o
       160         10          0          0          0       1167   gpio.o
      1596         98          0         48          0     743219   main.o
       344         24          0          8        232       5993   motor.o
       458         18          0         68          0       8461   rc.o
        64         26        392          0       1536        916   startup_stm32f407xx.o
       180         28          0         12          0       9977   stm32f4xx_hal.o
      1658          6          0          0          0      15683   stm32f4xx_hal_can.o
       198         14          0          0          0      34367   stm32f4xx_hal_cortex.o
      1084         16          8          0          0       7986   stm32f4xx_hal_dma.o
       506         46          0          0          0       2408   stm32f4xx_hal_gpio.o
        48          6          0          0          0        998   stm32f4xx_hal_msp.o
      1348         76          0          0          0       5664   stm32f4xx_hal_rcc.o
      2214        128          0          0          0      19846   stm32f4xx_hal_tim.o
       228         28          0          0          0       2376   stm32f4xx_hal_tim_ex.o
      1276         16          0          0          0       9112   stm32f4xx_hal_uart.o
       168         48          0          8          0      10287   stm32f4xx_it.o
        16          4         24          4          0       1343   system_stm32f4xx.o
       392         38          0          0        168       2902   tim.o
       788         36          0          0         48       5292   uart_drv.o
       296         36          0          0        260       2188   usart.o
         4          0          0          0          0       1092   usart_potocal.o
       232         20          0          0       3520       2934   ws2812.o

    ----------------------------------------------------------------------
     14648        838        462        188       5976     912635   Object Totals
         0          0         32          0          0          0   (incl. Generated)
        34          0          6          0          1          0   (incl. Padding)

    ----------------------------------------------------------------------

      Code (inc. data)   RO Data    RW Data    ZI Data      Debug   Library Member Name

         8          0          0          0          0         68   __main.o
         0          0          0          0          0          0   __rtentry.o
        12          0          0          0          0          0   __rtentry2.o
         6          0          0          0          0          0   __rtentry4.o
        52          8          0          0          0          0   __scatter.o
        26          0          0          0          0          0   __scatter_copy.o
        28          0          0          0          0          0   __scatter_zi.o
        22          0          0          0          0        100   _rserrno.o
        18          0          0          0          0         80   exit.o
         6          0          0          0          0        152   heapauxi.o
         0          0          0          0          0          0   indicate_semi.o
         2          0          0          0          0          0   libinit.o
        10          0          0          0          0          0   libinit2.o
         2          0          0          0          0          0   libshutdown.o
         2          0          0          0          0          0   libshutdown2.o
         8          4          0          0         96         68   libspace.o
       238          0          0          0          0        100   lludivv7m.o
       112         18          0          0        228        160   rand.o
         8          4          0          0          0         68   rt_errno_addr_intlibspace.o
        78          0          0          0          0         80   rt_memclr_w.o
         2          0          0          0          0          0   rtexit.o
        10          0          0          0          0          0   rtexit2.o
        12          4          0          0          0         68   sys_exit.o
        74          0          0          0          0         80   sys_stackheap_outer.o
         2          0          0          0          0         68   use_no_semi.o
        24          0          0          0          0        164   basic.o
        98          4          0          0          0        140   d2f.o
       826         16          0          0          0        492   daddsub_clz.o
       688        140          0          0          0        256   ddiv.o
        94          4          0          0          0        140   dfix.o
        84          0          0          0          0        232   dflt_clz.o
       340         12          0          0          0        152   dmul.o
       156          4          0          0          0        140   dnaninf.o
        12          0          0          0          0        116   dretinf.o
        86          4          0          0          0        132   f2d.o
       140          4          0          0          0        132   fnaninf.o
        10          0          0          0          0        116   fpinit.o
        10          0          0          0          0        116   fretinf.o
         0          0          0          0          0          0   usenofp.o
       368         46         48          0          0        200   cos_i.o
        84         16          0          0          0        372   dunder.o
        24          0          0          0          0        124   fabs.o
        48          0          0          0          0        124   fpclassify.o
       248          0          0          0          0        152   poly.o
      1080        142        200          0          0        188   rred.o
       200         20          0          0          0        164   sin.o
       304         24         40          0          0        208   sin_i.o

    ----------------------------------------------------------------------
      5682        474        288          0        324       4952   Library Totals
        20          0          0          0          0          0   (incl. Padding)

    ----------------------------------------------------------------------

      Code (inc. data)   RO Data    RW Data    ZI Data      Debug   Library Name

       738         38          0          0        324       1092   c_w.l
      2568        188          0          0          0       2328   fz_wm.l
      2356        248        288          0          0       1532   m_wm.l

    ----------------------------------------------------------------------
      5682        474        288          0        324       4952   Library Totals

    ----------------------------------------------------------------------

==============================================================================


      Code (inc. data)   RO Data    RW Data    ZI Data      Debug   

     20330       1312        750        188       6300     901019   Grand Totals
     20330       1312        750        188       6300     901019   ELF Image Totals
     20330       1312        750        188          0          0   ROM Totals

==============================================================================

    Total RO  Size (Code + RO Data)                21080 (  20.59kB)
    Total RW  Size (RW Data + ZI Data)              6488 (   6.34kB)
    Total ROM Size (Code + RO Data + RW Data)      21268 (  20.77kB)

==============================================================================

